lint_format_analyze_test	Set up job	﻿2025-07-31T12:03:28.4036945Z Current runner version: '2.327.1'
lint_format_analyze_test	Set up job	2025-07-31T12:03:28.4073244Z ##[group]Runner Image Provisioner
lint_format_analyze_test	Set up job	2025-07-31T12:03:28.4074589Z Hosted Compute Agent
lint_format_analyze_test	Set up job	2025-07-31T12:03:28.4075729Z Version: 20250711.363
lint_format_analyze_test	Set up job	2025-07-31T12:03:28.4076627Z Commit: 6785254374ce925a23743850c1cb91912ce5c14c
lint_format_analyze_test	Set up job	2025-07-31T12:03:28.4077911Z Build Date: 2025-07-11T20:04:25Z
lint_format_analyze_test	Set up job	2025-07-31T12:03:28.4078885Z ##[endgroup]
lint_format_analyze_test	Set up job	2025-07-31T12:03:28.4079962Z ##[group]Operating System
lint_format_analyze_test	Set up job	2025-07-31T12:03:28.4080919Z Ubuntu
lint_format_analyze_test	Set up job	2025-07-31T12:03:28.4081721Z 24.04.2
lint_format_analyze_test	Set up job	2025-07-31T12:03:28.4082420Z LTS
lint_format_analyze_test	Set up job	2025-07-31T12:03:28.4083396Z ##[endgroup]
lint_format_analyze_test	Set up job	2025-07-31T12:03:28.4084267Z ##[group]Runner Image
lint_format_analyze_test	Set up job	2025-07-31T12:03:28.4085502Z Image: ubuntu-24.04
lint_format_analyze_test	Set up job	2025-07-31T12:03:28.4086455Z Version: 20250728.1.0
lint_format_analyze_test	Set up job	2025-07-31T12:03:28.4088130Z Included Software: https://github.com/actions/runner-images/blob/ubuntu24/20250728.1/images/ubuntu/Ubuntu2404-Readme.md
lint_format_analyze_test	Set up job	2025-07-31T12:03:28.4090697Z Image Release: https://github.com/actions/runner-images/releases/tag/ubuntu24%2F20250728.1
lint_format_analyze_test	Set up job	2025-07-31T12:03:28.4092626Z ##[endgroup]
lint_format_analyze_test	Set up job	2025-07-31T12:03:28.4094661Z ##[group]GITHUB_TOKEN Permissions
lint_format_analyze_test	Set up job	2025-07-31T12:03:28.4097510Z Contents: read
lint_format_analyze_test	Set up job	2025-07-31T12:03:28.4098512Z Metadata: read
lint_format_analyze_test	Set up job	2025-07-31T12:03:28.4099394Z Packages: read
lint_format_analyze_test	Set up job	2025-07-31T12:03:28.4100200Z ##[endgroup]
lint_format_analyze_test	Set up job	2025-07-31T12:03:28.4103504Z Secret source: Actions
lint_format_analyze_test	Set up job	2025-07-31T12:03:28.4104575Z Prepare workflow directory
lint_format_analyze_test	Set up job	2025-07-31T12:03:28.4589043Z Prepare all required actions
lint_format_analyze_test	Set up job	2025-07-31T12:03:28.4648951Z Getting action download info
lint_format_analyze_test	Set up job	2025-07-31T12:03:28.8413169Z ##[group]Download immutable action package 'actions/checkout@v3'
lint_format_analyze_test	Set up job	2025-07-31T12:03:28.8414305Z Version: 3.6.0
lint_format_analyze_test	Set up job	2025-07-31T12:03:28.8415725Z Digest: sha256:942562b9c7d4b1f2557f1da21f4d3eb4eb4fd01f2ad78b2a6e187d1b193e0a0f
lint_format_analyze_test	Set up job	2025-07-31T12:03:28.8416976Z Source commit SHA: f43a0e5ff2bd294095638e18286ca9a3d1956744
lint_format_analyze_test	Set up job	2025-07-31T12:03:28.8417756Z ##[endgroup]
lint_format_analyze_test	Set up job	2025-07-31T12:03:28.9567246Z Download action repository 'subosito/flutter-action@v2' (SHA:e938fdf56512cc96ef2f93601a5a40bde3801046)
lint_format_analyze_test	Set up job	2025-07-31T12:03:29.2343531Z Getting action download info
lint_format_analyze_test	Set up job	2025-07-31T12:03:29.3447306Z ##[group]Download immutable action package 'actions/cache@v4'
lint_format_analyze_test	Set up job	2025-07-31T12:03:29.3448178Z Version: 4.2.3
lint_format_analyze_test	Set up job	2025-07-31T12:03:29.3448947Z Digest: sha256:c8a3bb963e1f1826d8fcc8d1354f0dd29d8ac1db1d4f6f20247055ae11b81ed9
lint_format_analyze_test	Set up job	2025-07-31T12:03:29.3449990Z Source commit SHA: 5a3ec84eff668545956fd18022155c47e93e2684
lint_format_analyze_test	Set up job	2025-07-31T12:03:29.3450698Z ##[endgroup]
lint_format_analyze_test	Set up job	2025-07-31T12:03:29.4807836Z Complete job name: lint_format_analyze_test
lint_format_analyze_test	Checkout code	﻿2025-07-31T12:03:29.5493900Z ##[group]Run actions/checkout@v3
lint_format_analyze_test	Checkout code	2025-07-31T12:03:29.5494991Z with:
lint_format_analyze_test	Checkout code	2025-07-31T12:03:29.5495470Z   repository: jacobdam/gh3
lint_format_analyze_test	Checkout code	2025-07-31T12:03:29.5496148Z   token: ***
lint_format_analyze_test	Checkout code	2025-07-31T12:03:29.5496574Z   ssh-strict: true
lint_format_analyze_test	Checkout code	2025-07-31T12:03:29.5497009Z   persist-credentials: true
lint_format_analyze_test	Checkout code	2025-07-31T12:03:29.5497497Z   clean: true
lint_format_analyze_test	Checkout code	2025-07-31T12:03:29.5497920Z   sparse-checkout-cone-mode: true
lint_format_analyze_test	Checkout code	2025-07-31T12:03:29.5498425Z   fetch-depth: 1
lint_format_analyze_test	Checkout code	2025-07-31T12:03:29.5498833Z   fetch-tags: false
lint_format_analyze_test	Checkout code	2025-07-31T12:03:29.5499252Z   lfs: false
lint_format_analyze_test	Checkout code	2025-07-31T12:03:29.5499684Z   submodules: false
lint_format_analyze_test	Checkout code	2025-07-31T12:03:29.5500118Z   set-safe-directory: true
lint_format_analyze_test	Checkout code	2025-07-31T12:03:29.5500830Z ##[endgroup]
lint_format_analyze_test	Checkout code	2025-07-31T12:03:29.6368725Z Syncing repository: jacobdam/gh3
lint_format_analyze_test	Checkout code	2025-07-31T12:03:29.6371070Z ##[group]Getting Git version info
lint_format_analyze_test	Checkout code	2025-07-31T12:03:29.6372060Z Working directory is '/home/runner/work/gh3/gh3'
lint_format_analyze_test	Checkout code	2025-07-31T12:03:29.6373301Z [command]/usr/bin/git version
lint_format_analyze_test	Checkout code	2025-07-31T12:03:29.6384683Z git version 2.50.1
lint_format_analyze_test	Checkout code	2025-07-31T12:03:29.6411110Z ##[endgroup]
lint_format_analyze_test	Checkout code	2025-07-31T12:03:29.6425599Z Temporarily overriding HOME='/home/runner/work/_temp/7cac4ceb-56e6-4c6d-b7db-d0810c104169' before making global git config changes
lint_format_analyze_test	Checkout code	2025-07-31T12:03:29.6427108Z Adding repository directory to the temporary git global config as a safe directory
lint_format_analyze_test	Checkout code	2025-07-31T12:03:29.6428755Z [command]/usr/bin/git config --global --add safe.directory /home/runner/work/gh3/gh3
lint_format_analyze_test	Checkout code	2025-07-31T12:03:29.6460260Z Deleting the contents of '/home/runner/work/gh3/gh3'
lint_format_analyze_test	Checkout code	2025-07-31T12:03:29.6463989Z ##[group]Initializing the repository
lint_format_analyze_test	Checkout code	2025-07-31T12:03:29.6466979Z [command]/usr/bin/git init /home/runner/work/gh3/gh3
lint_format_analyze_test	Checkout code	2025-07-31T12:03:29.6518270Z hint: Using 'master' as the name for the initial branch. This default branch name
lint_format_analyze_test	Checkout code	2025-07-31T12:03:29.6520108Z hint: is subject to change. To configure the initial branch name to use in all
lint_format_analyze_test	Checkout code	2025-07-31T12:03:29.6521749Z hint: of your new repositories, which will suppress this warning, call:
lint_format_analyze_test	Checkout code	2025-07-31T12:03:29.6522559Z hint:
lint_format_analyze_test	Checkout code	2025-07-31T12:03:29.6523082Z hint: 	git config --global init.defaultBranch <name>
lint_format_analyze_test	Checkout code	2025-07-31T12:03:29.6523706Z hint:
lint_format_analyze_test	Checkout code	2025-07-31T12:03:29.6524291Z hint: Names commonly chosen instead of 'master' are 'main', 'trunk' and
lint_format_analyze_test	Checkout code	2025-07-31T12:03:29.6525512Z hint: 'development'. The just-created branch can be renamed via this command:
lint_format_analyze_test	Checkout code	2025-07-31T12:03:29.6526526Z hint:
lint_format_analyze_test	Checkout code	2025-07-31T12:03:29.6526958Z hint: 	git branch -m <name>
lint_format_analyze_test	Checkout code	2025-07-31T12:03:29.6527436Z hint:
lint_format_analyze_test	Checkout code	2025-07-31T12:03:29.6528071Z hint: Disable this message with "git config set advice.defaultBranchName false"
lint_format_analyze_test	Checkout code	2025-07-31T12:03:29.6529134Z Initialized empty Git repository in /home/runner/work/gh3/gh3/.git/
lint_format_analyze_test	Checkout code	2025-07-31T12:03:29.6530891Z [command]/usr/bin/git remote add origin https://github.com/jacobdam/gh3
lint_format_analyze_test	Checkout code	2025-07-31T12:03:29.6558685Z ##[endgroup]
lint_format_analyze_test	Checkout code	2025-07-31T12:03:29.6559467Z ##[group]Disabling automatic garbage collection
lint_format_analyze_test	Checkout code	2025-07-31T12:03:29.6561045Z [command]/usr/bin/git config --local gc.auto 0
lint_format_analyze_test	Checkout code	2025-07-31T12:03:29.6586492Z ##[endgroup]
lint_format_analyze_test	Checkout code	2025-07-31T12:03:29.6587220Z ##[group]Setting up auth
lint_format_analyze_test	Checkout code	2025-07-31T12:03:29.6591542Z [command]/usr/bin/git config --local --name-only --get-regexp core\.sshCommand
lint_format_analyze_test	Checkout code	2025-07-31T12:03:29.6617692Z [command]/usr/bin/git submodule foreach --recursive sh -c "git config --local --name-only --get-regexp 'core\.sshCommand' && git config --local --unset-all 'core.sshCommand' || :"
lint_format_analyze_test	Checkout code	2025-07-31T12:03:29.6968863Z [command]/usr/bin/git config --local --name-only --get-regexp http\.https\:\/\/github\.com\/\.extraheader
lint_format_analyze_test	Checkout code	2025-07-31T12:03:29.6996373Z [command]/usr/bin/git submodule foreach --recursive sh -c "git config --local --name-only --get-regexp 'http\.https\:\/\/github\.com\/\.extraheader' && git config --local --unset-all 'http.https://github.com/.extraheader' || :"
lint_format_analyze_test	Checkout code	2025-07-31T12:03:29.7217029Z [command]/usr/bin/git config --local http.https://github.com/.extraheader AUTHORIZATION: basic ***
lint_format_analyze_test	Checkout code	2025-07-31T12:03:29.7251530Z ##[endgroup]
lint_format_analyze_test	Checkout code	2025-07-31T12:03:29.7252412Z ##[group]Fetching the repository
lint_format_analyze_test	Checkout code	2025-07-31T12:03:29.7259731Z [command]/usr/bin/git -c protocol.version=2 fetch --no-tags --prune --progress --no-recurse-submodules --depth=1 origin +ba9e62a1e470deaf66de67c3c9a6ac2ebba585fd:refs/remotes/pull/2/merge
lint_format_analyze_test	Checkout code	2025-07-31T12:03:29.9192819Z remote: Enumerating objects: 535, done.        
lint_format_analyze_test	Checkout code	2025-07-31T12:03:29.9195060Z remote: Counting objects:   0% (1/535)        
lint_format_analyze_test	Checkout code	2025-07-31T12:03:29.9196794Z remote: Counting objects:   1% (6/535)        
lint_format_analyze_test	Checkout code	2025-07-31T12:03:29.9198303Z remote: Counting objects:   2% (11/535)        
lint_format_analyze_test	Checkout code	2025-07-31T12:03:29.9199303Z remote: Counting objects:   3% (17/535)        
lint_format_analyze_test	Checkout code	2025-07-31T12:03:29.9200280Z remote: Counting objects:   4% (22/535)        
lint_format_analyze_test	Checkout code	2025-07-31T12:03:29.9201309Z remote: Counting objects:   5% (27/535)        
lint_format_analyze_test	Checkout code	2025-07-31T12:03:29.9202275Z remote: Counting objects:   6% (33/535)        
lint_format_analyze_test	Checkout code	2025-07-31T12:03:29.9203255Z remote: Counting objects:   7% (38/535)        
lint_format_analyze_test	Checkout code	2025-07-31T12:03:29.9204230Z remote: Counting objects:   8% (43/535)        
lint_format_analyze_test	Checkout code	2025-07-31T12:03:29.9205398Z remote: Counting objects:   9% (49/535)        
lint_format_analyze_test	Checkout code	2025-07-31T12:03:29.9206482Z remote: Counting objects:  10% (54/535)        
lint_format_analyze_test	Checkout code	2025-07-31T12:03:29.9207548Z remote: Counting objects:  11% (59/535)        
lint_format_analyze_test	Checkout code	2025-07-31T12:03:29.9208631Z remote: Counting objects:  12% (65/535)        
lint_format_analyze_test	Checkout code	2025-07-31T12:03:29.9209635Z remote: Counting objects:  13% (70/535)        
lint_format_analyze_test	Checkout code	2025-07-31T12:03:29.9210810Z remote: Counting objects:  14% (75/535)        
lint_format_analyze_test	Checkout code	2025-07-31T12:03:29.9211891Z remote: Counting objects:  15% (81/535)        
lint_format_analyze_test	Checkout code	2025-07-31T12:03:29.9212974Z remote: Counting objects:  16% (86/535)        
lint_format_analyze_test	Checkout code	2025-07-31T12:03:29.9214040Z remote: Counting objects:  17% (91/535)        
lint_format_analyze_test	Checkout code	2025-07-31T12:03:29.9215521Z remote: Counting objects:  18% (97/535)        
lint_format_analyze_test	Checkout code	2025-07-31T12:03:29.9216614Z remote: Counting objects:  19% (102/535)        
lint_format_analyze_test	Checkout code	2025-07-31T12:03:29.9217689Z remote: Counting objects:  20% (107/535)        
lint_format_analyze_test	Checkout code	2025-07-31T12:03:29.9218789Z remote: Counting objects:  21% (113/535)        
lint_format_analyze_test	Checkout code	2025-07-31T12:03:29.9219916Z remote: Counting objects:  22% (118/535)        
lint_format_analyze_test	Checkout code	2025-07-31T12:03:29.9221027Z remote: Counting objects:  23% (124/535)        
lint_format_analyze_test	Checkout code	2025-07-31T12:03:29.9222168Z remote: Counting objects:  24% (129/535)        
lint_format_analyze_test	Checkout code	2025-07-31T12:03:29.9223531Z remote: Counting objects:  25% (134/535)        
lint_format_analyze_test	Checkout code	2025-07-31T12:03:29.9225015Z remote: Counting objects:  26% (140/535)        
lint_format_analyze_test	Checkout code	2025-07-31T12:03:29.9226375Z remote: Counting objects:  27% (145/535)        
lint_format_analyze_test	Checkout code	2025-07-31T12:03:29.9227854Z remote: Counting objects:  28% (150/535)        
lint_format_analyze_test	Checkout code	2025-07-31T12:03:29.9229248Z remote: Counting objects:  29% (156/535)        
lint_format_analyze_test	Checkout code	2025-07-31T12:03:29.9230657Z remote: Counting objects:  30% (161/535)        
lint_format_analyze_test	Checkout code	2025-07-31T12:03:29.9232098Z remote: Counting objects:  31% (166/535)        
lint_format_analyze_test	Checkout code	2025-07-31T12:03:29.9233530Z remote: Counting objects:  32% (172/535)        
lint_format_analyze_test	Checkout code	2025-07-31T12:03:29.9235045Z remote: Counting objects:  33% (177/535)        
lint_format_analyze_test	Checkout code	2025-07-31T12:03:29.9236474Z remote: Counting objects:  34% (182/535)        
lint_format_analyze_test	Checkout code	2025-07-31T12:03:29.9237898Z remote: Counting objects:  35% (188/535)        
lint_format_analyze_test	Checkout code	2025-07-31T12:03:29.9239518Z remote: Counting objects:  36% (193/535)        
lint_format_analyze_test	Checkout code	2025-07-31T12:03:29.9241663Z remote: Counting objects:  37% (198/535)        
lint_format_analyze_test	Checkout code	2025-07-31T12:03:29.9243260Z remote: Counting objects:  38% (204/535)        
lint_format_analyze_test	Checkout code	2025-07-31T12:03:29.9245450Z remote: Counting objects:  39% (209/535)        
lint_format_analyze_test	Checkout code	2025-07-31T12:03:29.9247197Z remote: Counting objects:  40% (214/535)        
lint_format_analyze_test	Checkout code	2025-07-31T12:03:29.9248748Z remote: Counting objects:  41% (220/535)        
lint_format_analyze_test	Checkout code	2025-07-31T12:03:29.9250297Z remote: Counting objects:  42% (225/535)        
lint_format_analyze_test	Checkout code	2025-07-31T12:03:29.9251847Z remote: Counting objects:  43% (231/535)        
lint_format_analyze_test	Checkout code	2025-07-31T12:03:29.9253412Z remote: Counting objects:  44% (236/535)        
lint_format_analyze_test	Checkout code	2025-07-31T12:03:29.9255117Z remote: Counting objects:  45% (241/535)        
lint_format_analyze_test	Checkout code	2025-07-31T12:03:29.9256662Z remote: Counting objects:  46% (247/535)        
lint_format_analyze_test	Checkout code	2025-07-31T12:03:29.9258605Z remote: Counting objects:  47% (252/535)        
lint_format_analyze_test	Checkout code	2025-07-31T12:03:29.9260136Z remote: Counting objects:  48% (257/535)        
lint_format_analyze_test	Checkout code	2025-07-31T12:03:29.9261653Z remote: Counting objects:  49% (263/535)        
lint_format_analyze_test	Checkout code	2025-07-31T12:03:29.9263164Z remote: Counting objects:  50% (268/535)        
lint_format_analyze_test	Checkout code	2025-07-31T12:03:29.9264997Z remote: Counting objects:  51% (273/535)        
lint_format_analyze_test	Checkout code	2025-07-31T12:03:29.9266444Z remote: Counting objects:  52% (279/535)        
lint_format_analyze_test	Checkout code	2025-07-31T12:03:29.9268091Z remote: Counting objects:  53% (284/535)        
lint_format_analyze_test	Checkout code	2025-07-31T12:03:29.9269779Z remote: Counting objects:  54% (289/535)        
lint_format_analyze_test	Checkout code	2025-07-31T12:03:29.9271218Z remote: Counting objects:  55% (295/535)        
lint_format_analyze_test	Checkout code	2025-07-31T12:03:29.9272655Z remote: Counting objects:  56% (300/535)        
lint_format_analyze_test	Checkout code	2025-07-31T12:03:29.9274098Z remote: Counting objects:  57% (305/535)        
lint_format_analyze_test	Checkout code	2025-07-31T12:03:29.9275680Z remote: Counting objects:  58% (311/535)        
lint_format_analyze_test	Checkout code	2025-07-31T12:03:29.9277124Z remote: Counting objects:  59% (316/535)        
lint_format_analyze_test	Checkout code	2025-07-31T12:03:29.9278582Z remote: Counting objects:  60% (321/535)        
lint_format_analyze_test	Checkout code	2025-07-31T12:03:29.9280030Z remote: Counting objects:  61% (327/535)        
lint_format_analyze_test	Checkout code	2025-07-31T12:03:29.9281473Z remote: Counting objects:  62% (332/535)        
lint_format_analyze_test	Checkout code	2025-07-31T12:03:29.9282890Z remote: Counting objects:  63% (338/535)        
lint_format_analyze_test	Checkout code	2025-07-31T12:03:29.9284322Z remote: Counting objects:  64% (343/535)        
lint_format_analyze_test	Checkout code	2025-07-31T12:03:29.9286179Z remote: Counting objects:  65% (348/535)        
lint_format_analyze_test	Checkout code	2025-07-31T12:03:29.9288125Z remote: Counting objects:  66% (354/535)        
lint_format_analyze_test	Checkout code	2025-07-31T12:03:29.9290431Z remote: Counting objects:  67% (359/535)        
lint_format_analyze_test	Checkout code	2025-07-31T12:03:29.9292191Z remote: Counting objects:  68% (364/535)        
lint_format_analyze_test	Checkout code	2025-07-31T12:03:29.9294295Z remote: Counting objects:  69% (370/535)        
lint_format_analyze_test	Checkout code	2025-07-31T12:03:29.9296212Z remote: Counting objects:  70% (375/535)        
lint_format_analyze_test	Checkout code	2025-07-31T12:03:29.9298485Z remote: Counting objects:  71% (380/535)        
lint_format_analyze_test	Checkout code	2025-07-31T12:03:29.9299999Z remote: Counting objects:  72% (386/535)        
lint_format_analyze_test	Checkout code	2025-07-31T12:03:29.9301431Z remote: Counting objects:  73% (391/535)        
lint_format_analyze_test	Checkout code	2025-07-31T12:03:29.9302857Z remote: Counting objects:  74% (396/535)        
lint_format_analyze_test	Checkout code	2025-07-31T12:03:29.9304314Z remote: Counting objects:  75% (402/535)        
lint_format_analyze_test	Checkout code	2025-07-31T12:03:29.9306058Z remote: Counting objects:  76% (407/535)        
lint_format_analyze_test	Checkout code	2025-07-31T12:03:29.9307916Z remote: Counting objects:  77% (412/535)        
lint_format_analyze_test	Checkout code	2025-07-31T12:03:29.9309366Z remote: Counting objects:  78% (418/535)        
lint_format_analyze_test	Checkout code	2025-07-31T12:03:29.9310814Z remote: Counting objects:  79% (423/535)        
lint_format_analyze_test	Checkout code	2025-07-31T12:03:29.9312237Z remote: Counting objects:  80% (428/535)        
lint_format_analyze_test	Checkout code	2025-07-31T12:03:29.9313888Z remote: Counting objects:  81% (434/535)        
lint_format_analyze_test	Checkout code	2025-07-31T12:03:29.9315705Z remote: Counting objects:  82% (439/535)        
lint_format_analyze_test	Checkout code	2025-07-31T12:03:29.9317137Z remote: Counting objects:  83% (445/535)        
lint_format_analyze_test	Checkout code	2025-07-31T12:03:29.9318563Z remote: Counting objects:  84% (450/535)        
lint_format_analyze_test	Checkout code	2025-07-31T12:03:29.9320002Z remote: Counting objects:  85% (455/535)        
lint_format_analyze_test	Checkout code	2025-07-31T12:03:29.9321425Z remote: Counting objects:  86% (461/535)        
lint_format_analyze_test	Checkout code	2025-07-31T12:03:29.9322843Z remote: Counting objects:  87% (466/535)        
lint_format_analyze_test	Checkout code	2025-07-31T12:03:29.9324269Z remote: Counting objects:  88% (471/535)        
lint_format_analyze_test	Checkout code	2025-07-31T12:03:29.9325873Z remote: Counting objects:  89% (477/535)        
lint_format_analyze_test	Checkout code	2025-07-31T12:03:29.9327308Z remote: Counting objects:  90% (482/535)        
lint_format_analyze_test	Checkout code	2025-07-31T12:03:29.9328724Z remote: Counting objects:  91% (487/535)        
lint_format_analyze_test	Checkout code	2025-07-31T12:03:29.9330154Z remote: Counting objects:  92% (493/535)        
lint_format_analyze_test	Checkout code	2025-07-31T12:03:29.9331557Z remote: Counting objects:  93% (498/535)        
lint_format_analyze_test	Checkout code	2025-07-31T12:03:29.9332973Z remote: Counting objects:  94% (503/535)        
lint_format_analyze_test	Checkout code	2025-07-31T12:03:29.9334373Z remote: Counting objects:  95% (509/535)        
lint_format_analyze_test	Checkout code	2025-07-31T12:03:29.9335989Z remote: Counting objects:  96% (514/535)        
lint_format_analyze_test	Checkout code	2025-07-31T12:03:29.9337427Z remote: Counting objects:  97% (519/535)        
lint_format_analyze_test	Checkout code	2025-07-31T12:03:29.9338819Z remote: Counting objects:  98% (525/535)        
lint_format_analyze_test	Checkout code	2025-07-31T12:03:29.9340197Z remote: Counting objects:  99% (530/535)        
lint_format_analyze_test	Checkout code	2025-07-31T12:03:29.9341566Z remote: Counting objects: 100% (535/535)        
lint_format_analyze_test	Checkout code	2025-07-31T12:03:29.9343464Z remote: Counting objects: 100% (535/535), done.        
lint_format_analyze_test	Checkout code	2025-07-31T12:03:29.9345072Z remote: Compressing objects:   0% (1/458)        
lint_format_analyze_test	Checkout code	2025-07-31T12:03:29.9346693Z remote: Compressing objects:   1% (5/458)        
lint_format_analyze_test	Checkout code	2025-07-31T12:03:29.9348111Z remote: Compressing objects:   2% (10/458)        
lint_format_analyze_test	Checkout code	2025-07-31T12:03:29.9349539Z remote: Compressing objects:   3% (14/458)        
lint_format_analyze_test	Checkout code	2025-07-31T12:03:29.9350947Z remote: Compressing objects:   4% (19/458)        
lint_format_analyze_test	Checkout code	2025-07-31T12:03:29.9352357Z remote: Compressing objects:   5% (23/458)        
lint_format_analyze_test	Checkout code	2025-07-31T12:03:29.9353776Z remote: Compressing objects:   6% (28/458)        
lint_format_analyze_test	Checkout code	2025-07-31T12:03:29.9355317Z remote: Compressing objects:   7% (33/458)        
lint_format_analyze_test	Checkout code	2025-07-31T12:03:29.9356732Z remote: Compressing objects:   8% (37/458)        
lint_format_analyze_test	Checkout code	2025-07-31T12:03:29.9358185Z remote: Compressing objects:   9% (42/458)        
lint_format_analyze_test	Checkout code	2025-07-31T12:03:29.9369587Z remote: Compressing objects:  10% (46/458)        
lint_format_analyze_test	Checkout code	2025-07-31T12:03:29.9381267Z remote: Compressing objects:  11% (51/458)        
lint_format_analyze_test	Checkout code	2025-07-31T12:03:29.9392549Z remote: Compressing objects:  12% (55/458)        
lint_format_analyze_test	Checkout code	2025-07-31T12:03:29.9400922Z remote: Compressing objects:  13% (60/458)        
lint_format_analyze_test	Checkout code	2025-07-31T12:03:29.9417342Z remote: Compressing objects:  14% (65/458)        
lint_format_analyze_test	Checkout code	2025-07-31T12:03:29.9445185Z remote: Compressing objects:  15% (69/458)        
lint_format_analyze_test	Checkout code	2025-07-31T12:03:29.9467942Z remote: Compressing objects:  16% (74/458)        
lint_format_analyze_test	Checkout code	2025-07-31T12:03:29.9491230Z remote: Compressing objects:  17% (78/458)        
lint_format_analyze_test	Checkout code	2025-07-31T12:03:29.9509938Z remote: Compressing objects:  18% (83/458)        
lint_format_analyze_test	Checkout code	2025-07-31T12:03:29.9523374Z remote: Compressing objects:  19% (88/458)        
lint_format_analyze_test	Checkout code	2025-07-31T12:03:29.9543861Z remote: Compressing objects:  20% (92/458)        
lint_format_analyze_test	Checkout code	2025-07-31T12:03:29.9557253Z remote: Compressing objects:  21% (97/458)        
lint_format_analyze_test	Checkout code	2025-07-31T12:03:29.9568252Z remote: Compressing objects:  22% (101/458)        
lint_format_analyze_test	Checkout code	2025-07-31T12:03:29.9576681Z remote: Compressing objects:  23% (106/458)        
lint_format_analyze_test	Checkout code	2025-07-31T12:03:29.9585730Z remote: Compressing objects:  24% (110/458)        
lint_format_analyze_test	Checkout code	2025-07-31T12:03:29.9597954Z remote: Compressing objects:  25% (115/458)        
lint_format_analyze_test	Checkout code	2025-07-31T12:03:29.9602067Z remote: Compressing objects:  26% (120/458)        
lint_format_analyze_test	Checkout code	2025-07-31T12:03:29.9605567Z remote: Compressing objects:  27% (124/458)        
lint_format_analyze_test	Checkout code	2025-07-31T12:03:29.9609912Z remote: Compressing objects:  28% (129/458)        
lint_format_analyze_test	Checkout code	2025-07-31T12:03:29.9615603Z remote: Compressing objects:  29% (133/458)        
lint_format_analyze_test	Checkout code	2025-07-31T12:03:29.9636814Z remote: Compressing objects:  30% (138/458)        
lint_format_analyze_test	Checkout code	2025-07-31T12:03:29.9923757Z remote: Compressing objects:  31% (142/458)        
lint_format_analyze_test	Checkout code	2025-07-31T12:03:29.9936795Z remote: Compressing objects:  32% (147/458)        
lint_format_analyze_test	Checkout code	2025-07-31T12:03:29.9986071Z remote: Compressing objects:  33% (152/458)        
lint_format_analyze_test	Checkout code	2025-07-31T12:03:30.0036338Z remote: Compressing objects:  34% (156/458)        
lint_format_analyze_test	Checkout code	2025-07-31T12:03:30.0068474Z remote: Compressing objects:  35% (161/458)        
lint_format_analyze_test	Checkout code	2025-07-31T12:03:30.0087386Z remote: Compressing objects:  36% (165/458)        
lint_format_analyze_test	Checkout code	2025-07-31T12:03:30.0105933Z remote: Compressing objects:  37% (170/458)        
lint_format_analyze_test	Checkout code	2025-07-31T12:03:30.0108136Z remote: Compressing objects:  38% (175/458)        
lint_format_analyze_test	Checkout code	2025-07-31T12:03:30.0109858Z remote: Compressing objects:  39% (179/458)        
lint_format_analyze_test	Checkout code	2025-07-31T12:03:30.0112959Z remote: Compressing objects:  40% (184/458)        
lint_format_analyze_test	Checkout code	2025-07-31T12:03:30.0122175Z remote: Compressing objects:  41% (188/458)        
lint_format_analyze_test	Checkout code	2025-07-31T12:03:30.0156867Z remote: Compressing objects:  42% (193/458)        
lint_format_analyze_test	Checkout code	2025-07-31T12:03:30.0181777Z remote: Compressing objects:  43% (197/458)        
lint_format_analyze_test	Checkout code	2025-07-31T12:03:30.0205172Z remote: Compressing objects:  44% (202/458)        
lint_format_analyze_test	Checkout code	2025-07-31T12:03:30.0219800Z remote: Compressing objects:  45% (207/458)        
lint_format_analyze_test	Checkout code	2025-07-31T12:03:30.0237272Z remote: Compressing objects:  46% (211/458)        
lint_format_analyze_test	Checkout code	2025-07-31T12:03:30.0248104Z remote: Compressing objects:  47% (216/458)        
lint_format_analyze_test	Checkout code	2025-07-31T12:03:30.0265618Z remote: Compressing objects:  48% (220/458)        
lint_format_analyze_test	Checkout code	2025-07-31T12:03:30.0327849Z remote: Compressing objects:  49% (225/458)        
lint_format_analyze_test	Checkout code	2025-07-31T12:03:30.0364570Z remote: Compressing objects:  50% (229/458)        
lint_format_analyze_test	Checkout code	2025-07-31T12:03:30.0373758Z remote: Compressing objects:  51% (234/458)        
lint_format_analyze_test	Checkout code	2025-07-31T12:03:30.0376594Z remote: Compressing objects:  52% (239/458)        
lint_format_analyze_test	Checkout code	2025-07-31T12:03:30.0378194Z remote: Compressing objects:  53% (243/458)        
lint_format_analyze_test	Checkout code	2025-07-31T12:03:30.0379721Z remote: Compressing objects:  54% (248/458)        
lint_format_analyze_test	Checkout code	2025-07-31T12:03:30.0381717Z remote: Compressing objects:  55% (252/458)        
lint_format_analyze_test	Checkout code	2025-07-31T12:03:30.0383956Z remote: Compressing objects:  56% (257/458)        
lint_format_analyze_test	Checkout code	2025-07-31T12:03:30.0385925Z remote: Compressing objects:  57% (262/458)        
lint_format_analyze_test	Checkout code	2025-07-31T12:03:30.0387567Z remote: Compressing objects:  58% (266/458)        
lint_format_analyze_test	Checkout code	2025-07-31T12:03:30.0389572Z remote: Compressing objects:  59% (271/458)        
lint_format_analyze_test	Checkout code	2025-07-31T12:03:30.0391097Z remote: Compressing objects:  60% (275/458)        
lint_format_analyze_test	Checkout code	2025-07-31T12:03:30.0392474Z remote: Compressing objects:  61% (280/458)        
lint_format_analyze_test	Checkout code	2025-07-31T12:03:30.0393861Z remote: Compressing objects:  62% (284/458)        
lint_format_analyze_test	Checkout code	2025-07-31T12:03:30.0401858Z remote: Compressing objects:  63% (289/458)        
lint_format_analyze_test	Checkout code	2025-07-31T12:03:30.0412877Z remote: Compressing objects:  64% (294/458)        
lint_format_analyze_test	Checkout code	2025-07-31T12:03:30.0424255Z remote: Compressing objects:  65% (298/458)        
lint_format_analyze_test	Checkout code	2025-07-31T12:03:30.0430032Z remote: Compressing objects:  66% (303/458)        
lint_format_analyze_test	Checkout code	2025-07-31T12:03:30.0447234Z remote: Compressing objects:  67% (307/458)        
lint_format_analyze_test	Checkout code	2025-07-31T12:03:30.0469877Z remote: Compressing objects:  68% (312/458)        
lint_format_analyze_test	Checkout code	2025-07-31T12:03:30.0477118Z remote: Compressing objects:  69% (317/458)        
lint_format_analyze_test	Checkout code	2025-07-31T12:03:30.0487535Z remote: Compressing objects:  70% (321/458)        
lint_format_analyze_test	Checkout code	2025-07-31T12:03:30.0519298Z remote: Compressing objects:  71% (326/458)        
lint_format_analyze_test	Checkout code	2025-07-31T12:03:30.0557311Z remote: Compressing objects:  72% (330/458)        
lint_format_analyze_test	Checkout code	2025-07-31T12:03:30.0576772Z remote: Compressing objects:  73% (335/458)        
lint_format_analyze_test	Checkout code	2025-07-31T12:03:30.0598200Z remote: Compressing objects:  74% (339/458)        
lint_format_analyze_test	Checkout code	2025-07-31T12:03:30.0614172Z remote: Compressing objects:  75% (344/458)        
lint_format_analyze_test	Checkout code	2025-07-31T12:03:30.0623221Z remote: Compressing objects:  76% (349/458)        
lint_format_analyze_test	Checkout code	2025-07-31T12:03:30.0626072Z remote: Compressing objects:  77% (353/458)        
lint_format_analyze_test	Checkout code	2025-07-31T12:03:30.0628560Z remote: Compressing objects:  78% (358/458)        
lint_format_analyze_test	Checkout code	2025-07-31T12:03:30.0631094Z remote: Compressing objects:  79% (362/458)        
lint_format_analyze_test	Checkout code	2025-07-31T12:03:30.0702687Z remote: Compressing objects:  80% (367/458)        
lint_format_analyze_test	Checkout code	2025-07-31T12:03:30.0704628Z remote: Compressing objects:  81% (371/458)        
lint_format_analyze_test	Checkout code	2025-07-31T12:03:30.0706722Z remote: Compressing objects:  82% (376/458)        
lint_format_analyze_test	Checkout code	2025-07-31T12:03:30.0708477Z remote: Compressing objects:  83% (381/458)        
lint_format_analyze_test	Checkout code	2025-07-31T12:03:30.0709921Z remote: Compressing objects:  84% (385/458)        
lint_format_analyze_test	Checkout code	2025-07-31T12:03:30.0711383Z remote: Compressing objects:  85% (390/458)        
lint_format_analyze_test	Checkout code	2025-07-31T12:03:30.0712776Z remote: Compressing objects:  86% (394/458)        
lint_format_analyze_test	Checkout code	2025-07-31T12:03:30.0714138Z remote: Compressing objects:  87% (399/458)        
lint_format_analyze_test	Checkout code	2025-07-31T12:03:30.0715692Z remote: Compressing objects:  88% (404/458)        
lint_format_analyze_test	Checkout code	2025-07-31T12:03:30.0717073Z remote: Compressing objects:  89% (408/458)        
lint_format_analyze_test	Checkout code	2025-07-31T12:03:30.0718477Z remote: Compressing objects:  90% (413/458)        
lint_format_analyze_test	Checkout code	2025-07-31T12:03:30.0719855Z remote: Compressing objects:  91% (417/458)        
lint_format_analyze_test	Checkout code	2025-07-31T12:03:30.0721230Z remote: Compressing objects:  92% (422/458)        
lint_format_analyze_test	Checkout code	2025-07-31T12:03:30.0722584Z remote: Compressing objects:  93% (426/458)        
lint_format_analyze_test	Checkout code	2025-07-31T12:03:30.0723952Z remote: Compressing objects:  94% (431/458)        
lint_format_analyze_test	Checkout code	2025-07-31T12:03:30.0725403Z remote: Compressing objects:  95% (436/458)        
lint_format_analyze_test	Checkout code	2025-07-31T12:03:30.0726788Z remote: Compressing objects:  96% (440/458)        
lint_format_analyze_test	Checkout code	2025-07-31T12:03:30.0728192Z remote: Compressing objects:  97% (445/458)        
lint_format_analyze_test	Checkout code	2025-07-31T12:03:30.0729773Z remote: Compressing objects:  98% (449/458)        
lint_format_analyze_test	Checkout code	2025-07-31T12:03:30.0731156Z remote: Compressing objects:  99% (454/458)        
lint_format_analyze_test	Checkout code	2025-07-31T12:03:30.0732949Z remote: Compressing objects: 100% (458/458)        
lint_format_analyze_test	Checkout code	2025-07-31T12:03:30.0734430Z remote: Compressing objects: 100% (458/458), done.        
lint_format_analyze_test	Checkout code	2025-07-31T12:03:30.0736325Z Receiving objects:   0% (1/535)
lint_format_analyze_test	Checkout code	2025-07-31T12:03:30.0737841Z Receiving objects:   1% (6/535)
lint_format_analyze_test	Checkout code	2025-07-31T12:03:30.0738888Z Receiving objects:   2% (11/535)
lint_format_analyze_test	Checkout code	2025-07-31T12:03:30.0740537Z Receiving objects:   3% (17/535)
lint_format_analyze_test	Checkout code	2025-07-31T12:03:30.0741862Z Receiving objects:   4% (22/535)
lint_format_analyze_test	Checkout code	2025-07-31T12:03:30.0743380Z Receiving objects:   5% (27/535)
lint_format_analyze_test	Checkout code	2025-07-31T12:03:30.0744475Z Receiving objects:   6% (33/535)
lint_format_analyze_test	Checkout code	2025-07-31T12:03:30.0759727Z Receiving objects:   7% (38/535)
lint_format_analyze_test	Checkout code	2025-07-31T12:03:30.0785556Z Receiving objects:   8% (43/535)
lint_format_analyze_test	Checkout code	2025-07-31T12:03:30.0795683Z Receiving objects:   9% (49/535)
lint_format_analyze_test	Checkout code	2025-07-31T12:03:30.0838447Z Receiving objects:  10% (54/535)
lint_format_analyze_test	Checkout code	2025-07-31T12:03:30.0842623Z Receiving objects:  11% (59/535)
lint_format_analyze_test	Checkout code	2025-07-31T12:03:30.0847925Z Receiving objects:  12% (65/535)
lint_format_analyze_test	Checkout code	2025-07-31T12:03:30.0895115Z Receiving objects:  13% (70/535)
lint_format_analyze_test	Checkout code	2025-07-31T12:03:30.0900405Z Receiving objects:  14% (75/535)
lint_format_analyze_test	Checkout code	2025-07-31T12:03:30.0903796Z Receiving objects:  15% (81/535)
lint_format_analyze_test	Checkout code	2025-07-31T12:03:30.0905704Z Receiving objects:  16% (86/535)
lint_format_analyze_test	Checkout code	2025-07-31T12:03:30.0906923Z Receiving objects:  17% (91/535)
lint_format_analyze_test	Checkout code	2025-07-31T12:03:30.0918813Z Receiving objects:  18% (97/535)
lint_format_analyze_test	Checkout code	2025-07-31T12:03:30.0920236Z Receiving objects:  19% (102/535)
lint_format_analyze_test	Checkout code	2025-07-31T12:03:30.0921712Z Receiving objects:  20% (107/535)
lint_format_analyze_test	Checkout code	2025-07-31T12:03:30.0922895Z Receiving objects:  21% (113/535)
lint_format_analyze_test	Checkout code	2025-07-31T12:03:30.0947269Z Receiving objects:  22% (118/535)
lint_format_analyze_test	Checkout code	2025-07-31T12:03:30.0949087Z Receiving objects:  23% (124/535)
lint_format_analyze_test	Checkout code	2025-07-31T12:03:30.0950418Z Receiving objects:  24% (129/535)
lint_format_analyze_test	Checkout code	2025-07-31T12:03:30.0995304Z Receiving objects:  25% (134/535)
lint_format_analyze_test	Checkout code	2025-07-31T12:03:30.1404434Z Receiving objects:  26% (140/535)
lint_format_analyze_test	Checkout code	2025-07-31T12:03:30.1546226Z Receiving objects:  27% (145/535)
lint_format_analyze_test	Checkout code	2025-07-31T12:03:30.1548149Z Receiving objects:  28% (150/535)
lint_format_analyze_test	Checkout code	2025-07-31T12:03:30.1549930Z Receiving objects:  29% (156/535)
lint_format_analyze_test	Checkout code	2025-07-31T12:03:30.1551204Z Receiving objects:  30% (161/535)
lint_format_analyze_test	Checkout code	2025-07-31T12:03:30.1552837Z Receiving objects:  31% (166/535)
lint_format_analyze_test	Checkout code	2025-07-31T12:03:30.1580465Z Receiving objects:  32% (172/535)
lint_format_analyze_test	Checkout code	2025-07-31T12:03:30.1583948Z Receiving objects:  33% (177/535)
lint_format_analyze_test	Checkout code	2025-07-31T12:03:30.1585762Z Receiving objects:  34% (182/535)
lint_format_analyze_test	Checkout code	2025-07-31T12:03:30.1587421Z Receiving objects:  35% (188/535)
lint_format_analyze_test	Checkout code	2025-07-31T12:03:30.1589030Z Receiving objects:  36% (193/535)
lint_format_analyze_test	Checkout code	2025-07-31T12:03:30.1591190Z Receiving objects:  37% (198/535)
lint_format_analyze_test	Checkout code	2025-07-31T12:03:30.1592827Z Receiving objects:  38% (204/535)
lint_format_analyze_test	Checkout code	2025-07-31T12:03:30.1594622Z Receiving objects:  39% (209/535)
lint_format_analyze_test	Checkout code	2025-07-31T12:03:30.1596532Z Receiving objects:  40% (214/535)
lint_format_analyze_test	Checkout code	2025-07-31T12:03:30.1597644Z Receiving objects:  41% (220/535)
lint_format_analyze_test	Checkout code	2025-07-31T12:03:30.1599632Z Receiving objects:  42% (225/535)
lint_format_analyze_test	Checkout code	2025-07-31T12:03:30.1601267Z Receiving objects:  43% (231/535)
lint_format_analyze_test	Checkout code	2025-07-31T12:03:30.1603001Z Receiving objects:  44% (236/535)
lint_format_analyze_test	Checkout code	2025-07-31T12:03:30.1608749Z Receiving objects:  45% (241/535)
lint_format_analyze_test	Checkout code	2025-07-31T12:03:30.1612964Z Receiving objects:  46% (247/535)
lint_format_analyze_test	Checkout code	2025-07-31T12:03:30.1640515Z Receiving objects:  47% (252/535)
lint_format_analyze_test	Checkout code	2025-07-31T12:03:30.1643567Z Receiving objects:  48% (257/535)
lint_format_analyze_test	Checkout code	2025-07-31T12:03:30.1653807Z Receiving objects:  49% (263/535)
lint_format_analyze_test	Checkout code	2025-07-31T12:03:30.1658148Z Receiving objects:  50% (268/535)
lint_format_analyze_test	Checkout code	2025-07-31T12:03:30.1695434Z Receiving objects:  51% (273/535)
lint_format_analyze_test	Checkout code	2025-07-31T12:03:30.1699816Z Receiving objects:  52% (279/535)
lint_format_analyze_test	Checkout code	2025-07-31T12:03:30.1707031Z Receiving objects:  53% (284/535)
lint_format_analyze_test	Checkout code	2025-07-31T12:03:30.1711290Z Receiving objects:  54% (289/535)
lint_format_analyze_test	Checkout code	2025-07-31T12:03:30.1713002Z Receiving objects:  55% (295/535)
lint_format_analyze_test	Checkout code	2025-07-31T12:03:30.1715900Z Receiving objects:  56% (300/535)
lint_format_analyze_test	Checkout code	2025-07-31T12:03:30.1720069Z Receiving objects:  57% (305/535)
lint_format_analyze_test	Checkout code	2025-07-31T12:03:30.1744756Z Receiving objects:  58% (311/535)
lint_format_analyze_test	Checkout code	2025-07-31T12:03:30.1747798Z Receiving objects:  59% (316/535)
lint_format_analyze_test	Checkout code	2025-07-31T12:03:30.1754682Z Receiving objects:  60% (321/535)
lint_format_analyze_test	Checkout code	2025-07-31T12:03:30.1760567Z Receiving objects:  61% (327/535)
lint_format_analyze_test	Checkout code	2025-07-31T12:03:30.1762538Z Receiving objects:  62% (332/535)
lint_format_analyze_test	Checkout code	2025-07-31T12:03:30.1764158Z Receiving objects:  63% (338/535)
lint_format_analyze_test	Checkout code	2025-07-31T12:03:30.1765661Z Receiving objects:  64% (343/535)
lint_format_analyze_test	Checkout code	2025-07-31T12:03:30.1767027Z Receiving objects:  65% (348/535)
lint_format_analyze_test	Checkout code	2025-07-31T12:03:30.1768901Z Receiving objects:  66% (354/535)
lint_format_analyze_test	Checkout code	2025-07-31T12:03:30.1769966Z Receiving objects:  67% (359/535)
lint_format_analyze_test	Checkout code	2025-07-31T12:03:30.1770953Z Receiving objects:  68% (364/535)
lint_format_analyze_test	Checkout code	2025-07-31T12:03:30.1772507Z Receiving objects:  69% (370/535)
lint_format_analyze_test	Checkout code	2025-07-31T12:03:30.1773798Z Receiving objects:  70% (375/535)
lint_format_analyze_test	Checkout code	2025-07-31T12:03:30.1775873Z Receiving objects:  71% (380/535)
lint_format_analyze_test	Checkout code	2025-07-31T12:03:30.1777515Z Receiving objects:  72% (386/535)
lint_format_analyze_test	Checkout code	2025-07-31T12:03:30.1779344Z Receiving objects:  73% (391/535)
lint_format_analyze_test	Checkout code	2025-07-31T12:03:30.1781033Z Receiving objects:  74% (396/535)
lint_format_analyze_test	Checkout code	2025-07-31T12:03:30.1782488Z Receiving objects:  75% (402/535)
lint_format_analyze_test	Checkout code	2025-07-31T12:03:30.1783882Z Receiving objects:  76% (407/535)
lint_format_analyze_test	Checkout code	2025-07-31T12:03:30.1785567Z Receiving objects:  77% (412/535)
lint_format_analyze_test	Checkout code	2025-07-31T12:03:30.1805886Z Receiving objects:  78% (418/535)
lint_format_analyze_test	Checkout code	2025-07-31T12:03:30.1807611Z Receiving objects:  79% (423/535)
lint_format_analyze_test	Checkout code	2025-07-31T12:03:30.1810235Z Receiving objects:  80% (428/535)
lint_format_analyze_test	Checkout code	2025-07-31T12:03:30.1812684Z Receiving objects:  81% (434/535)
lint_format_analyze_test	Checkout code	2025-07-31T12:03:30.1814374Z Receiving objects:  82% (439/535)
lint_format_analyze_test	Checkout code	2025-07-31T12:03:30.1816201Z Receiving objects:  83% (445/535)
lint_format_analyze_test	Checkout code	2025-07-31T12:03:30.1818130Z Receiving objects:  84% (450/535)
lint_format_analyze_test	Checkout code	2025-07-31T12:03:30.1821064Z Receiving objects:  85% (455/535)
lint_format_analyze_test	Checkout code	2025-07-31T12:03:30.1824144Z Receiving objects:  86% (461/535)
lint_format_analyze_test	Checkout code	2025-07-31T12:03:30.1826015Z Receiving objects:  87% (466/535)
lint_format_analyze_test	Checkout code	2025-07-31T12:03:30.1828633Z Receiving objects:  88% (471/535)
lint_format_analyze_test	Checkout code	2025-07-31T12:03:30.1830370Z Receiving objects:  89% (477/535)
lint_format_analyze_test	Checkout code	2025-07-31T12:03:30.1833021Z Receiving objects:  90% (482/535)
lint_format_analyze_test	Checkout code	2025-07-31T12:03:30.1835356Z Receiving objects:  91% (487/535)
lint_format_analyze_test	Checkout code	2025-07-31T12:03:30.1839299Z Receiving objects:  92% (493/535)
lint_format_analyze_test	Checkout code	2025-07-31T12:03:30.1840990Z Receiving objects:  93% (498/535)
lint_format_analyze_test	Checkout code	2025-07-31T12:03:30.1843477Z Receiving objects:  94% (503/535)
lint_format_analyze_test	Checkout code	2025-07-31T12:03:30.1847661Z Receiving objects:  95% (509/535)
lint_format_analyze_test	Checkout code	2025-07-31T12:03:30.1849804Z Receiving objects:  96% (514/535)
lint_format_analyze_test	Checkout code	2025-07-31T12:03:30.1851385Z Receiving objects:  97% (519/535)
lint_format_analyze_test	Checkout code	2025-07-31T12:03:30.1858871Z Receiving objects:  98% (525/535)
lint_format_analyze_test	Checkout code	2025-07-31T12:03:30.1870152Z Receiving objects:  99% (530/535)
lint_format_analyze_test	Checkout code	2025-07-31T12:03:30.1872492Z remote: Total 535 (delta 121), reused 289 (delta 60), pack-reused 0 (from 0)        
lint_format_analyze_test	Checkout code	2025-07-31T12:03:30.1875027Z Receiving objects: 100% (535/535)
lint_format_analyze_test	Checkout code	2025-07-31T12:03:30.1876986Z Receiving objects: 100% (535/535), 1.21 MiB | 10.12 MiB/s, done.
lint_format_analyze_test	Checkout code	2025-07-31T12:03:30.1879167Z Resolving deltas:   0% (0/121)
lint_format_analyze_test	Checkout code	2025-07-31T12:03:30.1882836Z Resolving deltas:   1% (2/121)
lint_format_analyze_test	Checkout code	2025-07-31T12:03:30.1884314Z Resolving deltas:   2% (3/121)
lint_format_analyze_test	Checkout code	2025-07-31T12:03:30.1885934Z Resolving deltas:   3% (4/121)
lint_format_analyze_test	Checkout code	2025-07-31T12:03:30.1887329Z Resolving deltas:   4% (5/121)
lint_format_analyze_test	Checkout code	2025-07-31T12:03:30.1888750Z Resolving deltas:   5% (7/121)
lint_format_analyze_test	Checkout code	2025-07-31T12:03:30.1890373Z Resolving deltas:   8% (10/121)
lint_format_analyze_test	Checkout code	2025-07-31T12:03:30.1892247Z Resolving deltas:   9% (11/121)
lint_format_analyze_test	Checkout code	2025-07-31T12:03:30.1898162Z Resolving deltas:  10% (13/121)
lint_format_analyze_test	Checkout code	2025-07-31T12:03:30.1900442Z Resolving deltas:  11% (14/121)
lint_format_analyze_test	Checkout code	2025-07-31T12:03:30.1903524Z Resolving deltas:  12% (15/121)
lint_format_analyze_test	Checkout code	2025-07-31T12:03:30.1906447Z Resolving deltas:  13% (16/121)
lint_format_analyze_test	Checkout code	2025-07-31T12:03:30.1907410Z Resolving deltas:  14% (17/121)
lint_format_analyze_test	Checkout code	2025-07-31T12:03:30.1908482Z Resolving deltas:  15% (19/121)
lint_format_analyze_test	Checkout code	2025-07-31T12:03:30.1909921Z Resolving deltas:  16% (20/121)
lint_format_analyze_test	Checkout code	2025-07-31T12:03:30.1911462Z Resolving deltas:  17% (21/121)
lint_format_analyze_test	Checkout code	2025-07-31T12:03:30.1913015Z Resolving deltas:  18% (22/121)
lint_format_analyze_test	Checkout code	2025-07-31T12:03:30.1915954Z Resolving deltas:  19% (23/121)
lint_format_analyze_test	Checkout code	2025-07-31T12:03:30.1918336Z Resolving deltas:  20% (25/121)
lint_format_analyze_test	Checkout code	2025-07-31T12:03:30.1919935Z Resolving deltas:  21% (26/121)
lint_format_analyze_test	Checkout code	2025-07-31T12:03:30.1921504Z Resolving deltas:  22% (27/121)
lint_format_analyze_test	Checkout code	2025-07-31T12:03:30.1923023Z Resolving deltas:  23% (28/121)
lint_format_analyze_test	Checkout code	2025-07-31T12:03:30.1924625Z Resolving deltas:  24% (30/121)
lint_format_analyze_test	Checkout code	2025-07-31T12:03:30.1926431Z Resolving deltas:  25% (31/121)
lint_format_analyze_test	Checkout code	2025-07-31T12:03:30.1928008Z Resolving deltas:  27% (33/121)
lint_format_analyze_test	Checkout code	2025-07-31T12:03:30.1929588Z Resolving deltas:  28% (34/121)
lint_format_analyze_test	Checkout code	2025-07-31T12:03:30.1931160Z Resolving deltas:  29% (36/121)
lint_format_analyze_test	Checkout code	2025-07-31T12:03:30.1933080Z Resolving deltas:  30% (37/121)
lint_format_analyze_test	Checkout code	2025-07-31T12:03:30.1934612Z Resolving deltas:  31% (38/121)
lint_format_analyze_test	Checkout code	2025-07-31T12:03:30.1936277Z Resolving deltas:  32% (39/121)
lint_format_analyze_test	Checkout code	2025-07-31T12:03:30.1937750Z Resolving deltas:  33% (40/121)
lint_format_analyze_test	Checkout code	2025-07-31T12:03:30.1939216Z Resolving deltas:  34% (42/121)
lint_format_analyze_test	Checkout code	2025-07-31T12:03:30.1940685Z Resolving deltas:  35% (43/121)
lint_format_analyze_test	Checkout code	2025-07-31T12:03:30.1942154Z Resolving deltas:  36% (44/121)
lint_format_analyze_test	Checkout code	2025-07-31T12:03:30.1943657Z Resolving deltas:  37% (45/121)
lint_format_analyze_test	Checkout code	2025-07-31T12:03:30.1945288Z Resolving deltas:  38% (46/121)
lint_format_analyze_test	Checkout code	2025-07-31T12:03:30.1946820Z Resolving deltas:  39% (48/121)
lint_format_analyze_test	Checkout code	2025-07-31T12:03:30.1948183Z Resolving deltas:  40% (49/121)
lint_format_analyze_test	Checkout code	2025-07-31T12:03:30.1949691Z Resolving deltas:  41% (50/121)
lint_format_analyze_test	Checkout code	2025-07-31T12:03:30.1951173Z Resolving deltas:  42% (51/121)
lint_format_analyze_test	Checkout code	2025-07-31T12:03:30.1952700Z Resolving deltas:  43% (53/121)
lint_format_analyze_test	Checkout code	2025-07-31T12:03:30.1954258Z Resolving deltas:  44% (54/121)
lint_format_analyze_test	Checkout code	2025-07-31T12:03:30.1955981Z Resolving deltas:  46% (56/121)
lint_format_analyze_test	Checkout code	2025-07-31T12:03:30.1957498Z Resolving deltas:  47% (57/121)
lint_format_analyze_test	Checkout code	2025-07-31T12:03:30.1959010Z Resolving deltas:  48% (59/121)
lint_format_analyze_test	Checkout code	2025-07-31T12:03:30.1960509Z Resolving deltas:  49% (60/121)
lint_format_analyze_test	Checkout code	2025-07-31T12:03:30.1961989Z Resolving deltas:  50% (61/121)
lint_format_analyze_test	Checkout code	2025-07-31T12:03:30.1963481Z Resolving deltas:  51% (62/121)
lint_format_analyze_test	Checkout code	2025-07-31T12:03:30.1965087Z Resolving deltas:  52% (63/121)
lint_format_analyze_test	Checkout code	2025-07-31T12:03:30.1966610Z Resolving deltas:  53% (65/121)
lint_format_analyze_test	Checkout code	2025-07-31T12:03:30.1968126Z Resolving deltas:  55% (67/121)
lint_format_analyze_test	Checkout code	2025-07-31T12:03:30.1970650Z Resolving deltas:  56% (68/121)
lint_format_analyze_test	Checkout code	2025-07-31T12:03:30.1972204Z Resolving deltas:  57% (70/121)
lint_format_analyze_test	Checkout code	2025-07-31T12:03:30.1974024Z Resolving deltas:  58% (71/121)
lint_format_analyze_test	Checkout code	2025-07-31T12:03:30.1976597Z Resolving deltas:  59% (72/121)
lint_format_analyze_test	Checkout code	2025-07-31T12:03:30.1978106Z Resolving deltas:  60% (73/121)
lint_format_analyze_test	Checkout code	2025-07-31T12:03:30.1979607Z Resolving deltas:  61% (74/121)
lint_format_analyze_test	Checkout code	2025-07-31T12:03:30.1982004Z Resolving deltas:  62% (76/121)
lint_format_analyze_test	Checkout code	2025-07-31T12:03:30.1983517Z Resolving deltas:  63% (77/121)
lint_format_analyze_test	Checkout code	2025-07-31T12:03:30.1985142Z Resolving deltas:  64% (78/121)
lint_format_analyze_test	Checkout code	2025-07-31T12:03:30.1986649Z Resolving deltas:  65% (79/121)
lint_format_analyze_test	Checkout code	2025-07-31T12:03:30.1988169Z Resolving deltas:  66% (80/121)
lint_format_analyze_test	Checkout code	2025-07-31T12:03:30.1989663Z Resolving deltas:  67% (82/121)
lint_format_analyze_test	Checkout code	2025-07-31T12:03:30.1991173Z Resolving deltas:  68% (83/121)
lint_format_analyze_test	Checkout code	2025-07-31T12:03:30.1993603Z Resolving deltas:  69% (84/121)
lint_format_analyze_test	Checkout code	2025-07-31T12:03:30.1995247Z Resolving deltas:  70% (85/121)
lint_format_analyze_test	Checkout code	2025-07-31T12:03:30.1996758Z Resolving deltas:  71% (86/121)
lint_format_analyze_test	Checkout code	2025-07-31T12:03:30.1998285Z Resolving deltas:  72% (88/121)
lint_format_analyze_test	Checkout code	2025-07-31T12:03:30.2000710Z Resolving deltas:  73% (89/121)
lint_format_analyze_test	Checkout code	2025-07-31T12:03:30.2002207Z Resolving deltas:  74% (90/121)
lint_format_analyze_test	Checkout code	2025-07-31T12:03:30.2003726Z Resolving deltas:  75% (91/121)
lint_format_analyze_test	Checkout code	2025-07-31T12:03:30.2006265Z Resolving deltas:  76% (92/121)
lint_format_analyze_test	Checkout code	2025-07-31T12:03:30.2007763Z Resolving deltas:  77% (94/121)
lint_format_analyze_test	Checkout code	2025-07-31T12:03:30.2009278Z Resolving deltas:  78% (95/121)
lint_format_analyze_test	Checkout code	2025-07-31T12:03:30.2010760Z Resolving deltas:  79% (96/121)
lint_format_analyze_test	Checkout code	2025-07-31T12:03:30.2012257Z Resolving deltas:  80% (97/121)
lint_format_analyze_test	Checkout code	2025-07-31T12:03:30.2013755Z Resolving deltas:  81% (99/121)
lint_format_analyze_test	Checkout code	2025-07-31T12:03:30.2016275Z Resolving deltas:  82% (100/121)
lint_format_analyze_test	Checkout code	2025-07-31T12:03:30.2017845Z Resolving deltas:  83% (101/121)
lint_format_analyze_test	Checkout code	2025-07-31T12:03:30.2019384Z Resolving deltas:  84% (102/121)
lint_format_analyze_test	Checkout code	2025-07-31T12:03:30.2020927Z Resolving deltas:  85% (103/121)
lint_format_analyze_test	Checkout code	2025-07-31T12:03:30.2023399Z Resolving deltas:  86% (105/121)
lint_format_analyze_test	Checkout code	2025-07-31T12:03:30.2025086Z Resolving deltas:  87% (106/121)
lint_format_analyze_test	Checkout code	2025-07-31T12:03:30.2026639Z Resolving deltas:  89% (108/121)
lint_format_analyze_test	Checkout code	2025-07-31T12:03:30.2029089Z Resolving deltas:  90% (109/121)
lint_format_analyze_test	Checkout code	2025-07-31T12:03:30.2030649Z Resolving deltas:  91% (111/121)
lint_format_analyze_test	Checkout code	2025-07-31T12:03:30.2032196Z Resolving deltas:  92% (112/121)
lint_format_analyze_test	Checkout code	2025-07-31T12:03:30.2033730Z Resolving deltas:  93% (113/121)
lint_format_analyze_test	Checkout code	2025-07-31T12:03:30.2035350Z Resolving deltas:  94% (114/121)
lint_format_analyze_test	Checkout code	2025-07-31T12:03:30.2037284Z Resolving deltas:  95% (115/121)
lint_format_analyze_test	Checkout code	2025-07-31T12:03:30.2038233Z Resolving deltas:  96% (117/121)
lint_format_analyze_test	Checkout code	2025-07-31T12:03:30.2039183Z Resolving deltas:  97% (118/121)
lint_format_analyze_test	Checkout code	2025-07-31T12:03:30.2041215Z Resolving deltas:  98% (119/121)
lint_format_analyze_test	Checkout code	2025-07-31T12:03:30.2042696Z Resolving deltas:  99% (120/121)
lint_format_analyze_test	Checkout code	2025-07-31T12:03:30.2044506Z Resolving deltas: 100% (121/121)
lint_format_analyze_test	Checkout code	2025-07-31T12:03:30.2046113Z Resolving deltas: 100% (121/121), done.
lint_format_analyze_test	Checkout code	2025-07-31T12:03:30.2130972Z From https://github.com/jacobdam/gh3
lint_format_analyze_test	Checkout code	2025-07-31T12:03:30.2132703Z  * [new ref]         ba9e62a1e470deaf66de67c3c9a6ac2ebba585fd -> pull/2/merge
lint_format_analyze_test	Checkout code	2025-07-31T12:03:30.2157541Z ##[endgroup]
lint_format_analyze_test	Checkout code	2025-07-31T12:03:30.2159346Z ##[group]Determining the checkout info
lint_format_analyze_test	Checkout code	2025-07-31T12:03:30.2160860Z ##[endgroup]
lint_format_analyze_test	Checkout code	2025-07-31T12:03:30.2162284Z ##[group]Checking out the ref
lint_format_analyze_test	Checkout code	2025-07-31T12:03:30.2163966Z [command]/usr/bin/git checkout --progress --force refs/remotes/pull/2/merge
lint_format_analyze_test	Checkout code	2025-07-31T12:03:30.2635896Z Note: switching to 'refs/remotes/pull/2/merge'.
lint_format_analyze_test	Checkout code	2025-07-31T12:03:30.2637425Z 
lint_format_analyze_test	Checkout code	2025-07-31T12:03:30.2638562Z You are in 'detached HEAD' state. You can look around, make experimental
lint_format_analyze_test	Checkout code	2025-07-31T12:03:30.2641376Z changes and commit them, and you can discard any commits you make in this
lint_format_analyze_test	Checkout code	2025-07-31T12:03:30.2643764Z state without impacting any branches by switching back to a branch.
lint_format_analyze_test	Checkout code	2025-07-31T12:03:30.2645095Z 
lint_format_analyze_test	Checkout code	2025-07-31T12:03:30.2645770Z If you want to create a new branch to retain commits you create, you may
lint_format_analyze_test	Checkout code	2025-07-31T12:03:30.2647562Z do so (now or later) by using -c with the switch command. Example:
lint_format_analyze_test	Checkout code	2025-07-31T12:03:30.2648837Z 
lint_format_analyze_test	Checkout code	2025-07-31T12:03:30.2649240Z   git switch -c <new-branch-name>
lint_format_analyze_test	Checkout code	2025-07-31T12:03:30.2649870Z 
lint_format_analyze_test	Checkout code	2025-07-31T12:03:30.2650221Z Or undo this operation with:
lint_format_analyze_test	Checkout code	2025-07-31T12:03:30.2650794Z 
lint_format_analyze_test	Checkout code	2025-07-31T12:03:30.2651095Z   git switch -
lint_format_analyze_test	Checkout code	2025-07-31T12:03:30.2651517Z 
lint_format_analyze_test	Checkout code	2025-07-31T12:03:30.2652549Z Turn off this advice by setting config variable advice.detachedHead to false
lint_format_analyze_test	Checkout code	2025-07-31T12:03:30.2653673Z 
lint_format_analyze_test	Checkout code	2025-07-31T12:03:30.2655155Z HEAD is now at ba9e62a Merge f8fb4f8dedb6516c7e049d07ac9793613c802dd3 into 5f90556513f35270cdaa71a1235f462ec92a7394
lint_format_analyze_test	Checkout code	2025-07-31T12:03:30.2659636Z ##[endgroup]
lint_format_analyze_test	Checkout code	2025-07-31T12:03:30.2689918Z [command]/usr/bin/git log -1 --format='%H'
lint_format_analyze_test	Checkout code	2025-07-31T12:03:30.2713379Z 'ba9e62a1e470deaf66de67c3c9a6ac2ebba585fd'
lint_format_analyze_test	Setup Flutter	﻿2025-07-31T12:03:30.3156146Z ##[group]Run subosito/flutter-action@v2
lint_format_analyze_test	Setup Flutter	2025-07-31T12:03:30.3157144Z with:
lint_format_analyze_test	Setup Flutter	2025-07-31T12:03:30.3157783Z   channel: stable
lint_format_analyze_test	Setup Flutter	2025-07-31T12:03:30.3158466Z   cache: true
lint_format_analyze_test	Setup Flutter	2025-07-31T12:03:30.3159141Z   architecture: X64
lint_format_analyze_test	Setup Flutter	2025-07-31T12:03:30.3159876Z   pub-cache-path: default
lint_format_analyze_test	Setup Flutter	2025-07-31T12:03:30.3160659Z   dry-run: false
lint_format_analyze_test	Setup Flutter	2025-07-31T12:03:30.3161513Z   git-source: https://github.com/flutter/flutter.git
lint_format_analyze_test	Setup Flutter	2025-07-31T12:03:30.3162539Z ##[endgroup]
lint_format_analyze_test	Setup Flutter	2025-07-31T12:03:30.3289050Z ##[group]Run chmod +x "$GITHUB_ACTION_PATH/setup.sh"
lint_format_analyze_test	Setup Flutter	2025-07-31T12:03:30.3290321Z [36;1mchmod +x "$GITHUB_ACTION_PATH/setup.sh"[0m
lint_format_analyze_test	Setup Flutter	2025-07-31T12:03:30.3323498Z shell: /usr/bin/bash --noprofile --norc -e -o pipefail {0}
lint_format_analyze_test	Setup Flutter	2025-07-31T12:03:30.3324685Z ##[endgroup]
lint_format_analyze_test	Setup Flutter	2025-07-31T12:03:30.3483365Z ##[group]Run $GITHUB_ACTION_PATH/setup.sh -p \
lint_format_analyze_test	Setup Flutter	2025-07-31T12:03:30.3484550Z [36;1m$GITHUB_ACTION_PATH/setup.sh -p \[0m
lint_format_analyze_test	Setup Flutter	2025-07-31T12:03:30.3485740Z [36;1m  -n '' \[0m
lint_format_analyze_test	Setup Flutter	2025-07-31T12:03:30.3486453Z [36;1m  -f '' \[0m
lint_format_analyze_test	Setup Flutter	2025-07-31T12:03:30.3487151Z [36;1m  -a 'X64' \[0m
lint_format_analyze_test	Setup Flutter	2025-07-31T12:03:30.3487934Z [36;1m  -k '' \[0m
lint_format_analyze_test	Setup Flutter	2025-07-31T12:03:30.3488638Z [36;1m  -c '' \[0m
lint_format_analyze_test	Setup Flutter	2025-07-31T12:03:30.3489335Z [36;1m  -l '' \[0m
lint_format_analyze_test	Setup Flutter	2025-07-31T12:03:30.3490063Z [36;1m  -d 'default' \[0m
lint_format_analyze_test	Setup Flutter	2025-07-31T12:03:30.3491058Z [36;1m  -g 'https://github.com/flutter/flutter.git' \[0m
lint_format_analyze_test	Setup Flutter	2025-07-31T12:03:30.3492114Z [36;1m  stable[0m
lint_format_analyze_test	Setup Flutter	2025-07-31T12:03:30.3519237Z shell: /usr/bin/bash --noprofile --norc -e -o pipefail {0}
lint_format_analyze_test	Setup Flutter	2025-07-31T12:03:30.3520358Z ##[endgroup]
lint_format_analyze_test	Setup Flutter	2025-07-31T12:03:30.5783737Z ##[group]Run actions/cache@v4
lint_format_analyze_test	Setup Flutter	2025-07-31T12:03:30.5784636Z with:
lint_format_analyze_test	Setup Flutter	2025-07-31T12:03:30.5785671Z   path: /opt/hostedtoolcache/flutter/stable-3.32.8-x64
lint_format_analyze_test	Setup Flutter	2025-07-31T12:03:30.5787217Z   key: flutter-linux-stable-3.32.8-x64-edada7c56edf4a183c1735310e123c7f923584f1
lint_format_analyze_test	Setup Flutter	2025-07-31T12:03:30.5788647Z   enableCrossOsArchive: false
lint_format_analyze_test	Setup Flutter	2025-07-31T12:03:30.5789513Z   fail-on-cache-miss: false
lint_format_analyze_test	Setup Flutter	2025-07-31T12:03:30.5790323Z   lookup-only: false
lint_format_analyze_test	Setup Flutter	2025-07-31T12:03:30.5791061Z   save-always: false
lint_format_analyze_test	Setup Flutter	2025-07-31T12:03:30.5791776Z ##[endgroup]
lint_format_analyze_test	Setup Flutter	2025-07-31T12:03:30.7943324Z Cache hit for: flutter-linux-stable-3.32.8-x64-edada7c56edf4a183c1735310e123c7f923584f1
lint_format_analyze_test	Setup Flutter	2025-07-31T12:03:31.8466465Z Received 234881024 of 1567726055 (15.0%), 223.8 MBs/sec
lint_format_analyze_test	Setup Flutter	2025-07-31T12:03:32.8534318Z Received 469762048 of 1567726055 (30.0%), 223.1 MBs/sec
lint_format_analyze_test	Setup Flutter	2025-07-31T12:03:33.8551681Z Received 717225984 of 1567726055 (45.7%), 227.4 MBs/sec
lint_format_analyze_test	Setup Flutter	2025-07-31T12:03:34.8550173Z Received 973078528 of 1567726055 (62.1%), 231.5 MBs/sec
lint_format_analyze_test	Setup Flutter	2025-07-31T12:03:35.8673405Z Received 1207959552 of 1567726055 (77.1%), 229.4 MBs/sec
lint_format_analyze_test	Setup Flutter	2025-07-31T12:03:36.8675881Z Received 1455423488 of 1567726055 (92.8%), 230.5 MBs/sec
lint_format_analyze_test	Setup Flutter	2025-07-31T12:03:37.4300996Z Received 1567726055 of 1567726055 (100.0%), 227.1 MBs/sec
lint_format_analyze_test	Setup Flutter	2025-07-31T12:03:37.4304436Z Cache Size: ~1495 MB (1567726055 B)
lint_format_analyze_test	Setup Flutter	2025-07-31T12:03:37.4359737Z [command]/usr/bin/tar -xf /home/runner/work/_temp/8bb2e8c5-6ef2-4ac7-a7c6-ee11c26d1906/cache.tzst -P -C /home/runner/work/gh3/gh3 --use-compress-program unzstd
lint_format_analyze_test	Setup Flutter	2025-07-31T12:03:42.1282637Z Cache restored successfully
lint_format_analyze_test	Setup Flutter	2025-07-31T12:03:42.4094664Z Cache restored from key: flutter-linux-stable-3.32.8-x64-edada7c56edf4a183c1735310e123c7f923584f1
lint_format_analyze_test	Setup Flutter	2025-07-31T12:03:42.5349352Z ##[group]Run actions/cache@v4
lint_format_analyze_test	Setup Flutter	2025-07-31T12:03:42.5349624Z with:
lint_format_analyze_test	Setup Flutter	2025-07-31T12:03:42.5349816Z   path: /home/runner/.pub-cache
lint_format_analyze_test	Setup Flutter	2025-07-31T12:03:42.5350498Z   key: flutter-pub-linux-stable-3.32.8-x64-edada7c56edf4a183c1735310e123c7f923584f1-1842e3a4ef497fc7b644b99ab937cd048add85b1dab85848172ccb1affd7b224
lint_format_analyze_test	Setup Flutter	2025-07-31T12:03:42.5351212Z   enableCrossOsArchive: false
lint_format_analyze_test	Setup Flutter	2025-07-31T12:03:42.5351730Z   fail-on-cache-miss: false
lint_format_analyze_test	Setup Flutter	2025-07-31T12:03:42.5351952Z   lookup-only: false
lint_format_analyze_test	Setup Flutter	2025-07-31T12:03:42.5352157Z   save-always: false
lint_format_analyze_test	Setup Flutter	2025-07-31T12:03:42.5352357Z ##[endgroup]
lint_format_analyze_test	Setup Flutter	2025-07-31T12:03:42.7590792Z Cache hit for: flutter-pub-linux-stable-3.32.8-x64-edada7c56edf4a183c1735310e123c7f923584f1-1842e3a4ef497fc7b644b99ab937cd048add85b1dab85848172ccb1affd7b224
lint_format_analyze_test	Setup Flutter	2025-07-31T12:03:43.1048412Z Received 51665656 of 51665656 (100.0%), 157.4 MBs/sec
lint_format_analyze_test	Setup Flutter	2025-07-31T12:03:43.1050062Z Cache Size: ~49 MB (51665656 B)
lint_format_analyze_test	Setup Flutter	2025-07-31T12:03:43.1073441Z [command]/usr/bin/tar -xf /home/runner/work/_temp/271455ec-63f0-4975-a96c-5e2173d8e083/cache.tzst -P -C /home/runner/work/gh3/gh3 --use-compress-program unzstd
lint_format_analyze_test	Setup Flutter	2025-07-31T12:03:43.9112224Z Cache restored successfully
lint_format_analyze_test	Setup Flutter	2025-07-31T12:03:43.9289163Z Cache restored from key: flutter-pub-linux-stable-3.32.8-x64-edada7c56edf4a183c1735310e123c7f923584f1-1842e3a4ef497fc7b644b99ab937cd048add85b1dab85848172ccb1affd7b224
lint_format_analyze_test	Setup Flutter	2025-07-31T12:03:43.9420761Z ##[group]Run $GITHUB_ACTION_PATH/setup.sh \
lint_format_analyze_test	Setup Flutter	2025-07-31T12:03:43.9421120Z [36;1m$GITHUB_ACTION_PATH/setup.sh \[0m
lint_format_analyze_test	Setup Flutter	2025-07-31T12:03:43.9421386Z [36;1m  -n '3.32.8' \[0m
lint_format_analyze_test	Setup Flutter	2025-07-31T12:03:43.9421615Z [36;1m  -a 'x64' \[0m
lint_format_analyze_test	Setup Flutter	2025-07-31T12:03:43.9421940Z [36;1m  -c '/opt/hostedtoolcache/flutter/stable-3.32.8-x64' \[0m
lint_format_analyze_test	Setup Flutter	2025-07-31T12:03:43.9422287Z [36;1m  -d '/home/runner/.pub-cache' \[0m
lint_format_analyze_test	Setup Flutter	2025-07-31T12:03:43.9422542Z [36;1m  stable[0m
lint_format_analyze_test	Setup Flutter	2025-07-31T12:03:43.9451988Z shell: /usr/bin/bash --noprofile --norc -e -o pipefail {0}
lint_format_analyze_test	Setup Flutter	2025-07-31T12:03:43.9452351Z ##[endgroup]
lint_format_analyze_test	Install dependencies	﻿2025-07-31T12:03:44.1330440Z ##[group]Run flutter pub get
lint_format_analyze_test	Install dependencies	2025-07-31T12:03:44.1330757Z [36;1mflutter pub get[0m
lint_format_analyze_test	Install dependencies	2025-07-31T12:03:44.1362186Z shell: /usr/bin/bash -e {0}
lint_format_analyze_test	Install dependencies	2025-07-31T12:03:44.1362457Z env:
lint_format_analyze_test	Install dependencies	2025-07-31T12:03:44.1362739Z   FLUTTER_ROOT: /opt/hostedtoolcache/flutter/stable-3.32.8-x64
lint_format_analyze_test	Install dependencies	2025-07-31T12:03:44.1363108Z   PUB_CACHE: /home/runner/.pub-cache
lint_format_analyze_test	Install dependencies	2025-07-31T12:03:44.1363372Z ##[endgroup]
lint_format_analyze_test	Install dependencies	2025-07-31T12:03:44.7742365Z Resolving dependencies...
lint_format_analyze_test	Install dependencies	2025-07-31T12:03:45.3019206Z Downloading packages...
lint_format_analyze_test	Install dependencies	2025-07-31T12:03:45.5494585Z   _fe_analyzer_shared 85.0.0 (86.0.0 available)
lint_format_analyze_test	Install dependencies	2025-07-31T12:03:45.5495963Z   analyzer 7.7.1 (8.0.0 available)
lint_format_analyze_test	Install dependencies	2025-07-31T12:03:45.5496368Z   build 2.5.4 (3.0.0 available)
lint_format_analyze_test	Install dependencies	2025-07-31T12:03:45.5496771Z   build_resolvers 2.5.4 (3.0.0 available)
lint_format_analyze_test	Install dependencies	2025-07-31T12:03:45.5497243Z   build_runner 2.5.4 (2.6.0 available)
lint_format_analyze_test	Install dependencies	2025-07-31T12:03:45.5497695Z   build_runner_core 9.1.2 (9.2.0 available)
lint_format_analyze_test	Install dependencies	2025-07-31T12:03:45.5498160Z   built_value 8.10.1 (8.11.0 available)
lint_format_analyze_test	Install dependencies	2025-07-31T12:03:45.5498630Z   built_value_generator 8.10.1 (8.11.0 available)
lint_format_analyze_test	Install dependencies	2025-07-31T12:03:45.5499198Z   characters 1.4.0 (1.4.1 available)
lint_format_analyze_test	Install dependencies	2025-07-31T12:03:45.5499652Z   ferry_cache 0.10.1-dev.0+1 (0.10.1 available)
lint_format_analyze_test	Install dependencies	2025-07-31T12:03:45.5500295Z   leak_tracker 10.0.9 (11.0.1 available)
lint_format_analyze_test	Install dependencies	2025-07-31T12:03:45.5500806Z   leak_tracker_flutter_testing 3.0.9 (3.0.10 available)
lint_format_analyze_test	Install dependencies	2025-07-31T12:03:45.5501352Z   leak_tracker_testing 3.0.1 (3.0.2 available)
lint_format_analyze_test	Install dependencies	2025-07-31T12:03:45.5501881Z   material_color_utilities 0.11.1 (0.13.0 available)
lint_format_analyze_test	Install dependencies	2025-07-31T12:03:45.5502413Z   meta 1.16.0 (1.17.0 available)
lint_format_analyze_test	Install dependencies	2025-07-31T12:03:45.5502792Z   mockito 5.4.6 (5.5.0 available)
lint_format_analyze_test	Install dependencies	2025-07-31T12:03:45.5503189Z   source_gen 2.0.0 (3.0.0 available)
lint_format_analyze_test	Install dependencies	2025-07-31T12:03:45.5503619Z   test_api 0.7.4 (0.7.7 available)
lint_format_analyze_test	Install dependencies	2025-07-31T12:03:45.5504043Z   vector_math 2.1.4 (2.2.0 available)
lint_format_analyze_test	Install dependencies	2025-07-31T12:03:45.5504460Z   vm_service 15.0.0 (15.0.2 available)
lint_format_analyze_test	Install dependencies	2025-07-31T12:03:45.5516586Z Got dependencies!
lint_format_analyze_test	Install dependencies	2025-07-31T12:03:45.5533885Z 20 packages have newer versions incompatible with dependency constraints.
lint_format_analyze_test	Install dependencies	2025-07-31T12:03:45.5534601Z Try `flutter pub outdated` for more information.
lint_format_analyze_test	Check code format	﻿2025-07-31T12:03:47.0674723Z ##[group]Run dart format --set-exit-if-changed .
lint_format_analyze_test	Check code format	2025-07-31T12:03:47.0675495Z [36;1mdart format --set-exit-if-changed .[0m
lint_format_analyze_test	Check code format	2025-07-31T12:03:47.0702643Z shell: /usr/bin/bash -e {0}
lint_format_analyze_test	Check code format	2025-07-31T12:03:47.0702879Z env:
lint_format_analyze_test	Check code format	2025-07-31T12:03:47.0703144Z   FLUTTER_ROOT: /opt/hostedtoolcache/flutter/stable-3.32.8-x64
lint_format_analyze_test	Check code format	2025-07-31T12:03:47.0703503Z   PUB_CACHE: /home/runner/.pub-cache
lint_format_analyze_test	Check code format	2025-07-31T12:03:47.0703943Z ##[endgroup]
lint_format_analyze_test	Check code format	2025-07-31T12:03:56.9879924Z Formatted 290 files (0 changed) in 9.84 seconds.
lint_format_analyze_test	Run Dart analyzer	﻿2025-07-31T12:03:57.0298970Z ##[group]Run flutter analyze
lint_format_analyze_test	Run Dart analyzer	2025-07-31T12:03:57.0299461Z [36;1mflutter analyze[0m
lint_format_analyze_test	Run Dart analyzer	2025-07-31T12:03:57.0327522Z shell: /usr/bin/bash -e {0}
lint_format_analyze_test	Run Dart analyzer	2025-07-31T12:03:57.0327779Z env:
lint_format_analyze_test	Run Dart analyzer	2025-07-31T12:03:57.0328052Z   FLUTTER_ROOT: /opt/hostedtoolcache/flutter/stable-3.32.8-x64
lint_format_analyze_test	Run Dart analyzer	2025-07-31T12:03:57.0328403Z   PUB_CACHE: /home/runner/.pub-cache
lint_format_analyze_test	Run Dart analyzer	2025-07-31T12:03:57.0328656Z ##[endgroup]
lint_format_analyze_test	Run Dart analyzer	2025-07-31T12:04:16.2459824Z Analyzing gh3...                                                
lint_format_analyze_test	Run Dart analyzer	2025-07-31T12:04:16.2473776Z No issues found! (ran in 17.2s)
lint_format_analyze_test	Run tests	﻿2025-07-31T12:04:16.2721737Z ##[group]Run flutter test --no-pub --coverage
lint_format_analyze_test	Run tests	2025-07-31T12:04:16.2722115Z [36;1mflutter test --no-pub --coverage[0m
lint_format_analyze_test	Run tests	2025-07-31T12:04:16.2749229Z shell: /usr/bin/bash -e {0}
lint_format_analyze_test	Run tests	2025-07-31T12:04:16.2749480Z env:
lint_format_analyze_test	Run tests	2025-07-31T12:04:16.2749747Z   FLUTTER_ROOT: /opt/hostedtoolcache/flutter/stable-3.32.8-x64
lint_format_analyze_test	Run tests	2025-07-31T12:04:16.2750107Z   PUB_CACHE: /home/runner/.pub-cache
lint_format_analyze_test	Run tests	2025-07-31T12:04:16.2750363Z ##[endgroup]
lint_format_analyze_test	Run tests	2025-07-31T12:04:17.2240491Z 
lint_format_analyze_test	Run tests	2025-07-31T12:04:28.8327319Z ✅ /home/runner/work/gh3/gh3/test/widgets/user_stats_row/user_stats_row_test.dart: UserStatsRow should display follower and following counts
lint_format_analyze_test	Run tests	2025-07-31T12:04:28.9225668Z ✅ /home/runner/work/gh3/gh3/test/widgets/user_stats_row/user_stats_row_test.dart: UserStatsRow should handle various count scenarios
lint_format_analyze_test	Run tests	2025-07-31T12:04:29.0397389Z ✅ /home/runner/work/gh3/gh3/test/widgets/user_stats_row/user_stats_row_test.dart: UserStatsRow should call onFollowersPressed when followers section is tapped
lint_format_analyze_test	Run tests	2025-07-31T12:04:29.1063595Z ✅ /home/runner/work/gh3/gh3/test/widgets/user_stats_row/user_stats_row_test.dart: UserStatsRow should call onFollowingPressed when following section is tapped
lint_format_analyze_test	Run tests	2025-07-31T12:04:29.1614769Z ✅ /home/runner/work/gh3/gh3/test/widgets/user_stats_row/user_stats_row_test.dart: UserStatsRow should not call callbacks when they are null
lint_format_analyze_test	Run tests	2025-07-31T12:04:29.1991707Z ✅ /home/runner/work/gh3/gh3/test/widgets/user_stats_row/user_stats_row_test.dart: UserStatsRow should display appropriate icons
lint_format_analyze_test	Run tests	2025-07-31T12:04:29.2280593Z ✅ /home/runner/work/gh3/gh3/test/widgets/user_card/user_card_test.dart: UserCard should display user information correctly
lint_format_analyze_test	Run tests	2025-07-31T12:04:29.2337452Z ✅ /home/runner/work/gh3/gh3/test/widgets/user_stats_row/user_stats_row_test.dart: UserStatsRow should use primary color for interactive elements
lint_format_analyze_test	Run tests	2025-07-31T12:04:29.2657613Z ✅ /home/runner/work/gh3/gh3/test/widgets/user_stats_row/user_stats_row_test.dart: UserStatsRow should use grey color for non-interactive elements
lint_format_analyze_test	Run tests	2025-07-31T12:04:29.3244369Z ✅ /home/runner/work/gh3/gh3/test/widgets/user_stats_row/user_stats_row_test.dart: UserStatsRow count formatting should format all number ranges correctly
lint_format_analyze_test	Run tests	2025-07-31T12:04:29.3900014Z ✅ /home/runner/work/gh3/gh3/test/widgets/user_card/user_card_test.dart: UserCard should display avatar fallback correctly for different scenarios
lint_format_analyze_test	Run tests	2025-07-31T12:04:29.4364676Z ✅ /home/runner/work/gh3/gh3/test/widgets/user_card/user_card_test.dart: UserCard should display login if name is null
lint_format_analyze_test	Run tests	2025-07-31T12:04:29.4749266Z ✅ /home/runner/work/gh3/gh3/test/widgets/user_card/user_card_test.dart: UserCard should not display bio if bio is null
lint_format_analyze_test	Run tests	2025-07-31T12:04:29.5168422Z ✅ /home/runner/work/gh3/gh3/test/widgets/user_card/user_card_test.dart: UserCard should not display bio if bio is empty
lint_format_analyze_test	Run tests	2025-07-31T12:04:29.6229913Z ✅ /home/runner/work/gh3/gh3/test/widgets/user_card/user_card_test.dart: UserCard should call onTap when tapped
lint_format_analyze_test	Run tests	2025-07-31T12:04:29.6713955Z ✅ /home/runner/work/gh3/gh3/test/widgets/user_card/user_card_test.dart: UserCard should display correct repository and follower counts for edge cases
lint_format_analyze_test	Run tests	2025-07-31T12:04:53.4736073Z ✅ /home/runner/work/gh3/gh3/test/widgets/user_status_card/user_status_card_test.dart: UserStatusCard should display status message and emoji combinations correctly
lint_format_analyze_test	Run tests	2025-07-31T12:04:53.5476615Z ✅ /home/runner/work/gh3/gh3/test/widgets/user_status_card/user_status_card_test.dart: UserStatusCard should display status message without emoji when emoji is empty
lint_format_analyze_test	Run tests	2025-07-31T12:04:53.5752194Z ✅ /home/runner/work/gh3/gh3/test/widgets/user_status_card/user_status_card_test.dart: UserStatusCard should not render anything when message is null
lint_format_analyze_test	Run tests	2025-07-31T12:04:53.6005882Z ✅ /home/runner/work/gh3/gh3/test/widgets/user_status_card/user_status_card_test.dart: UserStatusCard should not render anything when message is empty
lint_format_analyze_test	Run tests	2025-07-31T12:04:53.6304226Z ✅ /home/runner/work/gh3/gh3/test/widgets/user_status_card/user_status_card_test.dart: UserStatusCard should handle long status messages with proper text wrapping
lint_format_analyze_test	Run tests	2025-07-31T12:04:53.6603759Z ✅ /home/runner/work/gh3/gh3/test/widgets/user_status_card/user_status_card_test.dart: UserStatusCard fromFragment factory constructor should create widget from GraphQL fragment with message and emoji
lint_format_analyze_test	Run tests	2025-07-31T12:04:53.6821925Z ✅ /home/runner/work/gh3/gh3/test/widgets/user_status_card/user_status_card_test.dart: UserStatusCard fromFragment factory constructor should create widget from GraphQL fragment with only message
lint_format_analyze_test	Run tests	2025-07-31T12:04:53.7084677Z ✅ /home/runner/work/gh3/gh3/test/widgets/user_status_card/user_status_card_test.dart: UserStatusCard fromFragment factory constructor should not render when fragment has null message
lint_format_analyze_test	Run tests	2025-07-31T12:04:53.7384180Z ✅ /home/runner/work/gh3/gh3/test/widgets/user_status_card/user_status_card_test.dart: UserStatusCard fromFragment factory constructor should not render when fragment has empty message
lint_format_analyze_test	Run tests	2025-07-31T12:04:53.7571873Z ✅ /home/runner/work/gh3/gh3/test/widgets/user_status_card/user_status_card_test.dart: UserStatusCard should apply proper styling and theming
lint_format_analyze_test	Run tests	2025-07-31T12:04:53.9862155Z ✅ /home/runner/work/gh3/gh3/test/src/ui-system/state_widgets/gh_empty_state_additional_test.dart: GHEmptyStates Additional Methods noNotifications should display correct content
lint_format_analyze_test	Run tests	2025-07-31T12:04:54.0148342Z ✅ /home/runner/work/gh3/gh3/test/src/ui-system/state_widgets/gh_empty_state_additional_test.dart: GHEmptyStates Additional Methods noNotifications should not have action button
lint_format_analyze_test	Run tests	2025-07-31T12:04:54.1800961Z ✅ /home/runner/work/gh3/gh3/test/src/ui-system/state_widgets/gh_empty_state_additional_test.dart: GHEmptyStates Additional Methods noIssues should display create issue action
lint_format_analyze_test	Run tests	2025-07-31T12:04:54.3446782Z ✅ /home/runner/work/gh3/gh3/test/src/ui-system/state_widgets/gh_empty_state_additional_test.dart: GHEmptyStates Additional Methods noStarredRepos should display explore action
lint_format_analyze_test	Run tests	2025-07-31T12:04:54.3881008Z ✅ /home/runner/work/gh3/gh3/test/src/ui-system/state_widgets/gh_empty_state_additional_test.dart: GHEmptyStates Additional Methods noActivity should display correct content and action
lint_format_analyze_test	Run tests	2025-07-31T12:04:56.3803584Z ✅ /home/runner/work/gh3/gh3/test/src/ui-system/state_widgets/gh_error_state_additional_test.dart: GHErrorStates Additional Methods searchError should display correct content with query
lint_format_analyze_test	Run tests	2025-07-31T12:04:56.4227803Z ✅ /home/runner/work/gh3/gh3/test/src/ui-system/state_widgets/gh_error_state_additional_test.dart: GHErrorStates Additional Methods searchError should display correct content without query
lint_format_analyze_test	Run tests	2025-07-31T12:04:56.4752282Z ✅ /home/runner/work/gh3/gh3/test/src/ui-system/state_widgets/gh_error_state_additional_test.dart: GHErrorStates Additional Methods authenticationError should display correct content
lint_format_analyze_test	Run tests	2025-07-31T12:04:56.5192258Z ✅ /home/runner/work/gh3/gh3/test/src/ui-system/state_widgets/gh_error_state_additional_test.dart: GHErrorStates Additional Methods rateLimitError should display correct content
lint_format_analyze_test	Run tests	2025-07-31T12:04:56.5559482Z ✅ /home/runner/work/gh3/gh3/test/src/ui-system/state_widgets/gh_error_state_additional_test.dart: GHErrorStates Additional Methods rateLimitError with resetTime should display countdown
lint_format_analyze_test	Run tests	2025-07-31T12:04:56.5981014Z ✅ /home/runner/work/gh3/gh3/test/src/ui-system/state_widgets/gh_error_state_additional_test.dart: GHErrorStates Additional Methods networkError should display correct content
lint_format_analyze_test	Run tests	2025-07-31T12:04:56.6279502Z ✅ /home/runner/work/gh3/gh3/test/src/ui-system/state_widgets/gh_error_state_additional_test.dart: GHErrorStates Additional Methods repositoryLoadError should display correct content
lint_format_analyze_test	Run tests	2025-07-31T12:04:57.9282139Z ✅ /home/runner/work/gh3/gh3/test/src/ui-system/examples/component_catalog_screen_test.dart: ComponentCatalogScreen should display screen title
lint_format_analyze_test	Run tests	2025-07-31T12:04:58.3605731Z ✅ /home/runner/work/gh3/gh3/test/src/ui-system/examples/component_catalog_screen_test.dart: ComponentCatalogScreen should display all component section headers
lint_format_analyze_test	Run tests	2025-07-31T12:04:58.6703205Z ✅ /home/runner/work/gh3/gh3/test/src/ui-system/examples/component_catalog_screen_test.dart: ComponentCatalogScreen should display card examples
lint_format_analyze_test	Run tests	2025-07-31T12:04:58.9943623Z ✅ /home/runner/work/gh3/gh3/test/src/ui-system/examples/design_tokens_screen_test.dart: DesignTokensScreen should display screen title
lint_format_analyze_test	Run tests	2025-07-31T12:04:59.0253204Z ✅ /home/runner/work/gh3/gh3/test/src/ui-system/examples/component_catalog_screen_test.dart: ComponentCatalogScreen should display button examples
lint_format_analyze_test	Run tests	2025-07-31T12:04:59.1066497Z ✅ /home/runner/work/gh3/gh3/test/src/ui-system/examples/design_tokens_screen_test.dart: DesignTokensScreen should display theme toggle button
lint_format_analyze_test	Run tests	2025-07-31T12:04:59.3478895Z ✅ /home/runner/work/gh3/gh3/test/src/ui-system/examples/design_tokens_screen_test.dart: DesignTokensScreen should toggle theme when theme button is pressed
lint_format_analyze_test	Run tests	2025-07-31T12:04:59.3499881Z ✅ /home/runner/work/gh3/gh3/test/src/ui-system/examples/component_catalog_screen_test.dart: ComponentCatalogScreen should display chip examples
lint_format_analyze_test	Run tests	2025-07-31T12:04:59.4445091Z ✅ /home/runner/work/gh3/gh3/test/src/ui-system/examples/design_tokens_screen_test.dart: DesignTokensScreen should display all section headers
lint_format_analyze_test	Run tests	2025-07-31T12:04:59.5566523Z ✅ /home/runner/work/gh3/gh3/test/src/ui-system/examples/design_tokens_screen_test.dart: DesignTokensScreen should display brand color cards
lint_format_analyze_test	Run tests	2025-07-31T12:04:59.6468552Z ✅ /home/runner/work/gh3/gh3/test/src/ui-system/examples/design_tokens_screen_test.dart: DesignTokensScreen should display semantic color cards
lint_format_analyze_test	Run tests	2025-07-31T12:04:59.6507500Z ✅ /home/runner/work/gh3/gh3/test/src/ui-system/examples/component_catalog_screen_test.dart: ComponentCatalogScreen should display list tile examples
lint_format_analyze_test	Run tests	2025-07-31T12:04:59.7222572Z ✅ /home/runner/work/gh3/gh3/test/src/ui-system/examples/design_tokens_screen_test.dart: DesignTokensScreen should display typography styles
lint_format_analyze_test	Run tests	2025-07-31T12:04:59.7875022Z ✅ /home/runner/work/gh3/gh3/test/src/ui-system/examples/design_tokens_screen_test.dart: DesignTokensScreen should display typography specimens
lint_format_analyze_test	Run tests	2025-07-31T12:04:59.8555834Z ✅ /home/runner/work/gh3/gh3/test/src/ui-system/examples/design_tokens_screen_test.dart: DesignTokensScreen should display spacing system
lint_format_analyze_test	Run tests	2025-07-31T12:04:59.9546085Z ✅ /home/runner/work/gh3/gh3/test/src/ui-system/examples/design_tokens_screen_test.dart: DesignTokensScreen should display programming language colors
lint_format_analyze_test	Run tests	2025-07-31T12:04:59.9907815Z ✅ /home/runner/work/gh3/gh3/test/src/ui-system/examples/component_catalog_screen_test.dart: ComponentCatalogScreen should display search bar examples
lint_format_analyze_test	Run tests	2025-07-31T12:05:00.0286487Z ✅ /home/runner/work/gh3/gh3/test/src/ui-system/examples/design_tokens_screen_test.dart: DesignTokensScreen should display border radius examples
lint_format_analyze_test	Run tests	2025-07-31T12:05:00.0915330Z ✅ /home/runner/work/gh3/gh3/test/src/ui-system/examples/design_tokens_screen_test.dart: DesignTokensScreen should display elevation examples
lint_format_analyze_test	Run tests	2025-07-31T12:05:00.1544750Z ✅ /home/runner/work/gh3/gh3/test/src/ui-system/examples/design_tokens_screen_test.dart: DesignTokensScreen should be scrollable
lint_format_analyze_test	Run tests	2025-07-31T12:05:00.2234540Z ✅ /home/runner/work/gh3/gh3/test/src/ui-system/examples/design_tokens_screen_test.dart: DesignTokensScreen should display hex color values
lint_format_analyze_test	Run tests	2025-07-31T12:05:00.2519244Z ✅ /home/runner/work/gh3/gh3/test/src/ui-system/examples/component_catalog_screen_test.dart: ComponentCatalogScreen should display status badge examples
lint_format_analyze_test	Run tests	2025-07-31T12:05:00.3241140Z ✅ /home/runner/work/gh3/gh3/test/src/ui-system/examples/design_tokens_screen_test.dart: DesignTokensScreen should have proper tooltip for theme toggle
lint_format_analyze_test	Run tests	2025-07-31T12:05:00.5239019Z ✅ /home/runner/work/gh3/gh3/test/src/ui-system/examples/component_catalog_screen_test.dart: ComponentCatalogScreen should display text field examples
lint_format_analyze_test	Run tests	2025-07-31T12:05:00.7598155Z ✅ /home/runner/work/gh3/gh3/test/src/ui-system/examples/component_catalog_screen_test.dart: ComponentCatalogScreen should handle button interactions
lint_format_analyze_test	Run tests	2025-07-31T12:05:01.1818001Z ✅ /home/runner/work/gh3/gh3/test/src/ui-system/examples/component_catalog_screen_test.dart: ComponentCatalogScreen should handle card interactions
lint_format_analyze_test	Run tests	2025-07-31T12:05:01.5389783Z ✅ /home/runner/work/gh3/gh3/test/src/ui-system/examples/component_catalog_screen_test.dart: ComponentCatalogScreen should handle loading button state
lint_format_analyze_test	Run tests	2025-07-31T12:05:01.8585964Z ✅ /home/runner/work/gh3/gh3/test/src/ui-system/examples/component_catalog_screen_test.dart: ComponentCatalogScreen should handle search input
lint_format_analyze_test	Run tests	2025-07-31T12:05:01.9113844Z ##[group]❎ /home/runner/work/gh3/gh3/test/src/ui-system/examples/uat_home_screen_test.dart: UATHomeScreen displays app title correctly (skipped)
lint_format_analyze_test	Run tests	2025-07-31T12:05:01.9115188Z Skip: Segmentation fault in CI
lint_format_analyze_test	Run tests	2025-07-31T12:05:01.9118020Z ##[endgroup]
lint_format_analyze_test	Run tests	2025-07-31T12:05:01.9125246Z ##[group]❎ /home/runner/work/gh3/gh3/test/src/ui-system/examples/uat_home_screen_test.dart: UATHomeScreen shows main navigation sections (skipped)
lint_format_analyze_test	Run tests	2025-07-31T12:05:01.9129719Z Skip: Segmentation fault in CI
lint_format_analyze_test	Run tests	2025-07-31T12:05:01.9130381Z ##[endgroup]
lint_format_analyze_test	Run tests	2025-07-31T12:05:01.9132658Z ##[group]❎ /home/runner/work/gh3/gh3/test/src/ui-system/examples/uat_home_screen_test.dart: UATHomeScreen shows UI improvements section (skipped)
lint_format_analyze_test	Run tests	2025-07-31T12:05:01.9133690Z Skip: Segmentation fault in CI
lint_format_analyze_test	Run tests	2025-07-31T12:05:01.9134281Z ##[endgroup]
lint_format_analyze_test	Run tests	2025-07-31T12:05:01.9135700Z ##[group]❎ /home/runner/work/gh3/gh3/test/src/ui-system/examples/uat_home_screen_test.dart: UATHomeScreen shows developer tools section (skipped)
lint_format_analyze_test	Run tests	2025-07-31T12:05:01.9136712Z Skip: Segmentation fault in CI
lint_format_analyze_test	Run tests	2025-07-31T12:05:01.9137188Z ##[endgroup]
lint_format_analyze_test	Run tests	2025-07-31T12:05:01.9145050Z ##[group]❎ /home/runner/work/gh3/gh3/test/src/ui-system/examples/uat_home_screen_test.dart: UATHomeScreen shows description and info sections (skipped)
lint_format_analyze_test	Run tests	2025-07-31T12:05:01.9146152Z Skip: Segmentation fault in CI
lint_format_analyze_test	Run tests	2025-07-31T12:05:01.9146744Z ##[endgroup]
lint_format_analyze_test	Run tests	2025-07-31T12:05:01.9147917Z ##[group]❎ /home/runner/work/gh3/gh3/test/src/ui-system/examples/uat_home_screen_test.dart: UATHomeScreen has theme toggle button (skipped)
lint_format_analyze_test	Run tests	2025-07-31T12:05:01.9148784Z Skip: Segmentation fault in CI
lint_format_analyze_test	Run tests	2025-07-31T12:05:01.9149337Z ##[endgroup]
lint_format_analyze_test	Run tests	2025-07-31T12:05:01.9150635Z ##[group]❎ /home/runner/work/gh3/gh3/test/src/ui-system/examples/uat_home_screen_test.dart: UATHomeScreen shows quick action buttons (skipped)
lint_format_analyze_test	Run tests	2025-07-31T12:05:01.9151560Z Skip: Segmentation fault in CI
lint_format_analyze_test	Run tests	2025-07-31T12:05:01.9152165Z ##[endgroup]
lint_format_analyze_test	Run tests	2025-07-31T12:05:01.9153391Z ##[group]❎ /home/runner/work/gh3/gh3/test/src/ui-system/examples/uat_home_screen_test.dart: UATHomeScreen shows feature highlights (skipped)
lint_format_analyze_test	Run tests	2025-07-31T12:05:01.9154359Z Skip: Segmentation fault in CI
lint_format_analyze_test	Run tests	2025-07-31T12:05:01.9155173Z ##[endgroup]
lint_format_analyze_test	Run tests	2025-07-31T12:05:01.9156402Z ##[group]❎ /home/runner/work/gh3/gh3/test/src/ui-system/examples/uat_home_screen_test.dart: UATHomeScreen shows build information (skipped)
lint_format_analyze_test	Run tests	2025-07-31T12:05:01.9157121Z Skip: Segmentation fault in CI
lint_format_analyze_test	Run tests	2025-07-31T12:05:01.9157495Z ##[endgroup]
lint_format_analyze_test	Run tests	2025-07-31T12:05:01.9158296Z ##[group]❎ /home/runner/work/gh3/gh3/test/src/ui-system/examples/uat_home_screen_test.dart: UATHomeScreen can navigate through scroll content (skipped)
lint_format_analyze_test	Run tests	2025-07-31T12:05:01.9158918Z Skip: Segmentation fault in CI
lint_format_analyze_test	Run tests	2025-07-31T12:05:01.9159275Z ##[endgroup]
lint_format_analyze_test	Run tests	2025-07-31T12:05:02.3883818Z ✅ /home/runner/work/gh3/gh3/test/src/ui-system/examples/component_catalog_screen_test.dart: ComponentCatalogScreen should handle text field input
lint_format_analyze_test	Run tests	2025-07-31T12:05:02.6647672Z ✅ /home/runner/work/gh3/gh3/test/src/ui-system/examples/component_catalog_screen_test.dart: ComponentCatalogScreen should be scrollable
lint_format_analyze_test	Run tests	2025-07-31T12:05:02.8163748Z unhandled error during test:
lint_format_analyze_test	Run tests	2025-07-31T12:05:02.8164590Z /home/runner/work/gh3/gh3/test/src/ui-system/examples/uat_home_screen_test.dart
lint_format_analyze_test	Run tests	2025-07-31T12:05:02.8166100Z getSourceReport: (112) Service has disappeared
lint_format_analyze_test	Run tests	2025-07-31T12:05:02.8166804Z #0      new _OutstandingRequest (package:vm_service/src/vm_service.dart:265:34)
lint_format_analyze_test	Run tests	2025-07-31T12:05:02.8167753Z #1      VmService._call.<anonymous closure> (package:vm_service/src/vm_service.dart:1921:25)
lint_format_analyze_test	Run tests	2025-07-31T12:05:02.8168626Z #2      VmService._call (package:vm_service/src/vm_service.dart:1933:8)
lint_format_analyze_test	Run tests	2025-07-31T12:05:02.8169430Z #3      VmService.getSourceReport (package:vm_service/src/vm_service.dart:1366:7)
lint_format_analyze_test	Run tests	2025-07-31T12:05:02.8170337Z #4      _getAllCoverage.collectIsolate (package:coverage/src/collect.dart:153:37)
lint_format_analyze_test	Run tests	2025-07-31T12:05:02.8171448Z #5      _getAllCoverage (package:coverage/src/collect.dart:188:13)
lint_format_analyze_test	Run tests	2025-07-31T12:05:02.8172043Z <asynchronous suspension>
lint_format_analyze_test	Run tests	2025-07-31T12:05:02.8172511Z #6      collect (package:coverage/src/collect.dart:97:12)
lint_format_analyze_test	Run tests	2025-07-31T12:05:02.8173026Z <asynchronous suspension>
lint_format_analyze_test	Run tests	2025-07-31T12:05:02.8174141Z #7      CoverageCollector.collectCoverage.<anonymous closure>.<anonymous closure> (package:flutter_tools/src/test/coverage_collector.dart:170:20)
lint_format_analyze_test	Run tests	2025-07-31T12:05:02.8175598Z <asynchronous suspension>
lint_format_analyze_test	Run tests	2025-07-31T12:05:02.8176047Z #8      Future.any.onValue (dart:async/future.dart:616:5)
lint_format_analyze_test	Run tests	2025-07-31T12:05:02.8176516Z <asynchronous suspension>
lint_format_analyze_test	Run tests	2025-07-31T12:05:02.8176758Z 
lint_format_analyze_test	Run tests	2025-07-31T12:05:02.8176940Z unhandled error during finalization of test:
lint_format_analyze_test	Run tests	2025-07-31T12:05:02.8177584Z /home/runner/work/gh3/gh3/test/src/ui-system/examples/uat_home_screen_test.dart
lint_format_analyze_test	Run tests	2025-07-31T12:05:02.8178447Z TestDeviceException(Shell subprocess crashed with segmentation fault.)
lint_format_analyze_test	Run tests	2025-07-31T12:05:02.8183004Z #0      FlutterTesterTestDevice.finished (package:flutter_tools/src/test/flutter_tester_device.dart:254:5)
lint_format_analyze_test	Run tests	2025-07-31T12:05:02.8183887Z <asynchronous suspension>
lint_format_analyze_test	Run tests	2025-07-31T12:05:02.8184627Z #1      FlutterTesterTestDevice.kill (package:flutter_tools/src/test/flutter_tester_device.dart:236:5)
lint_format_analyze_test	Run tests	2025-07-31T12:05:02.8185625Z <asynchronous suspension>
lint_format_analyze_test	Run tests	2025-07-31T12:05:02.8186403Z #2      FlutterPlatform._startTest.<anonymous closure> (package:flutter_tools/src/test/flutter_platform.dart:696:9)
lint_format_analyze_test	Run tests	2025-07-31T12:05:02.8187199Z <asynchronous suspension>
lint_format_analyze_test	Run tests	2025-07-31T12:05:02.8187906Z #3      FlutterPlatform._startTest.finalize (package:flutter_tools/src/test/flutter_platform.dart:597:11)
lint_format_analyze_test	Run tests	2025-07-31T12:05:02.8188820Z <asynchronous suspension>
lint_format_analyze_test	Run tests	2025-07-31T12:05:02.8189450Z #4      FlutterPlatform._startTest (package:flutter_tools/src/test/flutter_platform.dart:769:7)
lint_format_analyze_test	Run tests	2025-07-31T12:05:02.8190113Z <asynchronous suspension>
lint_format_analyze_test	Run tests	2025-07-31T12:05:02.8190592Z #5      Future.wait.<anonymous closure> (dart:async/future.dart:525:21)
lint_format_analyze_test	Run tests	2025-07-31T12:05:02.8190946Z <asynchronous suspension>
lint_format_analyze_test	Run tests	2025-07-31T12:05:02.8191472Z #6      _FlutterPlatformStreamSinkWrapper.close.<anonymous closure> (package:flutter_tools/src/test/flutter_platform.dart:863:94)
lint_format_analyze_test	Run tests	2025-07-31T12:05:02.8192008Z <asynchronous suspension>
lint_format_analyze_test	Run tests	2025-07-31T12:05:02.8192141Z 
lint_format_analyze_test	Run tests	2025-07-31T12:05:02.8337444Z ##[group]❌ loading /home/runner/work/gh3/gh3/test/src/ui-system/examples/uat_home_screen_test.dart (failed after test completion)
lint_format_analyze_test	Run tests	2025-07-31T12:05:02.8338634Z getSourceReport: (112) Service has disappeared
lint_format_analyze_test	Run tests	2025-07-31T12:05:02.8510436Z package:vm_service/src/vm_service.dart 265:34                  new _OutstandingRequest
lint_format_analyze_test	Run tests	2025-07-31T12:05:02.8528201Z package:vm_service/src/vm_service.dart 1921:25                 VmService._call.<fn>
lint_format_analyze_test	Run tests	2025-07-31T12:05:02.8529235Z package:vm_service/src/vm_service.dart 1933:8                  VmService._call
lint_format_analyze_test	Run tests	2025-07-31T12:05:02.8530313Z package:vm_service/src/vm_service.dart 1366:7                  VmService.getSourceReport
lint_format_analyze_test	Run tests	2025-07-31T12:05:02.8531597Z package:coverage/src/collect.dart 153:37                       _getAllCoverage.collectIsolate
lint_format_analyze_test	Run tests	2025-07-31T12:05:02.8533117Z package:coverage/src/collect.dart 188:13                       _getAllCoverage
lint_format_analyze_test	Run tests	2025-07-31T12:05:02.8534246Z ===== asynchronous gap ===========================
lint_format_analyze_test	Run tests	2025-07-31T12:05:02.8535479Z package:coverage/src/collect.dart 97:12                        collect
lint_format_analyze_test	Run tests	2025-07-31T12:05:02.8536981Z ===== asynchronous gap ===========================
lint_format_analyze_test	Run tests	2025-07-31T12:05:02.8538148Z package:flutter_tools/src/test/coverage_collector.dart 170:20  CoverageCollector.collectCoverage.<fn>.<fn>
lint_format_analyze_test	Run tests	2025-07-31T12:05:02.8539420Z ===== asynchronous gap ===========================
lint_format_analyze_test	Run tests	2025-07-31T12:05:02.8548447Z dart:async/future.dart 616:5                                   Future.any.onValue
lint_format_analyze_test	Run tests	2025-07-31T12:05:02.8550119Z ##[endgroup]
lint_format_analyze_test	Run tests	2025-07-31T12:05:02.9242212Z ✅ /home/runner/work/gh3/gh3/test/src/ui-system/examples/component_catalog_screen_test.dart: ComponentCatalogScreen should display chip selection state
lint_format_analyze_test	Run tests	2025-07-31T12:05:03.1839405Z ✅ /home/runner/work/gh3/gh3/test/src/ui-system/examples/component_catalog_screen_test.dart: ComponentCatalogScreen should display various status badges
lint_format_analyze_test	Run tests	2025-07-31T12:05:03.3578829Z ✅ /home/runner/work/gh3/gh3/test/src/ui-system/examples/component_catalog_screen_test.dart: ComponentCatalogScreen should display error state in text field
lint_format_analyze_test	Run tests	2025-07-31T12:05:03.5265795Z ✅ /home/runner/work/gh3/gh3/test/src/ui-system/examples/component_catalog_screen_test.dart: ComponentCatalogScreen should display disabled text field
lint_format_analyze_test	Run tests	2025-07-31T12:05:04.9718528Z ##[group]❎ /home/runner/work/gh3/gh3/test/src/ui-system/examples/developer_guide_screen_test.dart: DeveloperGuideScreen displays screen title correctly (skipped)
lint_format_analyze_test	Run tests	2025-07-31T12:05:04.9720065Z Skip: Segmentation fault in CI
lint_format_analyze_test	Run tests	2025-07-31T12:05:04.9720820Z ##[endgroup]
lint_format_analyze_test	Run tests	2025-07-31T12:05:04.9722593Z ##[group]❎ /home/runner/work/gh3/gh3/test/src/ui-system/examples/developer_guide_screen_test.dart: DeveloperGuideScreen shows guide sections sidebar (skipped)
lint_format_analyze_test	Run tests	2025-07-31T12:05:04.9724015Z Skip: Segmentation fault in CI
lint_format_analyze_test	Run tests	2025-07-31T12:05:04.9724761Z ##[endgroup]
lint_format_analyze_test	Run tests	2025-07-31T12:05:04.9726833Z ##[group]❎ /home/runner/work/gh3/gh3/test/src/ui-system/examples/developer_guide_screen_test.dart: DeveloperGuideScreen displays implementation patterns content by default (skipped)
lint_format_analyze_test	Run tests	2025-07-31T12:05:04.9728276Z Skip: Segmentation fault in CI
lint_format_analyze_test	Run tests	2025-07-31T12:05:04.9728909Z ##[endgroup]
lint_format_analyze_test	Run tests	2025-07-31T12:05:04.9730269Z ##[group]❎ /home/runner/work/gh3/gh3/test/src/ui-system/examples/developer_guide_screen_test.dart: DeveloperGuideScreen can switch between guide sections (skipped)
lint_format_analyze_test	Run tests	2025-07-31T12:05:04.9731405Z Skip: Segmentation fault in CI
lint_format_analyze_test	Run tests	2025-07-31T12:05:04.9731963Z ##[endgroup]
lint_format_analyze_test	Run tests	2025-07-31T12:05:04.9733359Z ##[group]❎ /home/runner/work/gh3/gh3/test/src/ui-system/examples/developer_guide_screen_test.dart: DeveloperGuideScreen shows spacing values in grid system section (skipped)
lint_format_analyze_test	Run tests	2025-07-31T12:05:04.9734541Z Skip: Segmentation fault in CI
lint_format_analyze_test	Run tests	2025-07-31T12:05:04.9735254Z ##[endgroup]
lint_format_analyze_test	Run tests	2025-07-31T12:05:04.9736511Z ##[group]❎ /home/runner/work/gh3/gh3/test/src/ui-system/examples/developer_guide_screen_test.dart: DeveloperGuideScreen displays code quality commands (skipped)
lint_format_analyze_test	Run tests	2025-07-31T12:05:04.9737669Z Skip: Segmentation fault in CI
lint_format_analyze_test	Run tests	2025-07-31T12:05:04.9738271Z ##[endgroup]
lint_format_analyze_test	Run tests	2025-07-31T12:05:04.9739660Z ##[group]❎ /home/runner/work/gh3/gh3/test/src/ui-system/examples/developer_guide_screen_test.dart: DeveloperGuideScreen shows maintenance procedures (skipped)
lint_format_analyze_test	Run tests	2025-07-31T12:05:04.9740834Z Skip: Segmentation fault in CI
lint_format_analyze_test	Run tests	2025-07-31T12:05:04.9741540Z ##[endgroup]
lint_format_analyze_test	Run tests	2025-07-31T12:05:04.9742925Z ##[group]❎ /home/runner/work/gh3/gh3/test/src/ui-system/examples/developer_guide_screen_test.dart: DeveloperGuideScreen displays common pitfalls (skipped)
lint_format_analyze_test	Run tests	2025-07-31T12:05:04.9744036Z Skip: Segmentation fault in CI
lint_format_analyze_test	Run tests	2025-07-31T12:05:04.9744632Z ##[endgroup]
lint_format_analyze_test	Run tests	2025-07-31T12:05:04.9746450Z ##[group]❎ /home/runner/work/gh3/gh3/test/src/ui-system/examples/developer_guide_screen_test.dart: DeveloperGuideScreen shows migration guide content (skipped)
lint_format_analyze_test	Run tests	2025-07-31T12:05:04.9747597Z Skip: Segmentation fault in CI
lint_format_analyze_test	Run tests	2025-07-31T12:05:04.9748216Z ##[endgroup]
lint_format_analyze_test	Run tests	2025-07-31T12:05:04.9749672Z ##[group]❎ /home/runner/work/gh3/gh3/test/src/ui-system/examples/developer_guide_screen_test.dart: DeveloperGuideScreen highlights selected section in sidebar (skipped)
lint_format_analyze_test	Run tests	2025-07-31T12:05:04.9750890Z Skip: Segmentation fault in CI
lint_format_analyze_test	Run tests	2025-07-31T12:05:04.9751832Z ##[endgroup]
lint_format_analyze_test	Run tests	2025-07-31T12:05:04.9753219Z ##[group]❎ /home/runner/work/gh3/gh3/test/src/ui-system/examples/developer_guide_screen_test.dart: DeveloperGuideScreen displays practical usage examples (skipped)
lint_format_analyze_test	Run tests	2025-07-31T12:05:04.9754366Z Skip: Segmentation fault in CI
lint_format_analyze_test	Run tests	2025-07-31T12:05:04.9755124Z ##[endgroup]
lint_format_analyze_test	Run tests	2025-07-31T12:05:04.9756288Z ##[group]❎ /home/runner/work/gh3/gh3/test/src/ui-system/examples/developer_guide_screen_test.dart: DeveloperGuideScreen shows validation tools (skipped)
lint_format_analyze_test	Run tests	2025-07-31T12:05:04.9757386Z Skip: Segmentation fault in CI
lint_format_analyze_test	Run tests	2025-07-31T12:05:04.9757969Z ##[endgroup]
lint_format_analyze_test	Run tests	2025-07-31T12:05:04.9759380Z ##[group]❎ /home/runner/work/gh3/gh3/test/src/ui-system/examples/developer_guide_screen_test.dart: DeveloperGuideScreen displays correct/incorrect code examples (skipped)
lint_format_analyze_test	Run tests	2025-07-31T12:05:04.9760818Z Skip: Segmentation fault in CI
lint_format_analyze_test	Run tests	2025-07-31T12:05:04.9761396Z ##[endgroup]
lint_format_analyze_test	Run tests	2025-07-31T12:05:04.9762691Z ##[group]❎ /home/runner/work/gh3/gh3/test/src/ui-system/examples/developer_guide_screen_test.dart: DeveloperGuideScreen shows testing requirements (skipped)
lint_format_analyze_test	Run tests	2025-07-31T12:05:04.9763789Z Skip: Segmentation fault in CI
lint_format_analyze_test	Run tests	2025-07-31T12:05:04.9764332Z ##[endgroup]
lint_format_analyze_test	Run tests	2025-07-31T12:05:04.9765335Z ##[group]❎ /home/runner/work/gh3/gh3/test/src/ui-system/examples/developer_guide_screen_test.dart: DeveloperGuideScreen displays maintenance checklist (skipped)
lint_format_analyze_test	Run tests	2025-07-31T12:05:04.9765994Z Skip: Segmentation fault in CI
lint_format_analyze_test	Run tests	2025-07-31T12:05:04.9766499Z ##[endgroup]
lint_format_analyze_test	Run tests	2025-07-31T12:05:04.9767335Z ##[group]❎ /home/runner/work/gh3/gh3/test/src/ui-system/examples/developer_guide_screen_test.dart: DeveloperGuideScreen shows migration examples (skipped)
lint_format_analyze_test	Run tests	2025-07-31T12:05:04.9768005Z Skip: Segmentation fault in CI
lint_format_analyze_test	Run tests	2025-07-31T12:05:04.9768364Z ##[endgroup]
lint_format_analyze_test	Run tests	2025-07-31T12:05:04.9769075Z ##[group]❎ /home/runner/work/gh3/gh3/test/src/ui-system/examples/developer_guide_screen_test.dart: DeveloperGuideScreen is scrollable (skipped)
lint_format_analyze_test	Run tests	2025-07-31T12:05:04.9769674Z Skip: Segmentation fault in CI
lint_format_analyze_test	Run tests	2025-07-31T12:05:04.9770218Z ##[endgroup]
lint_format_analyze_test	Run tests	2025-07-31T12:05:04.9771053Z ##[group]❎ /home/runner/work/gh3/gh3/test/src/ui-system/examples/developer_guide_screen_test.dart: DeveloperGuideScreen displays proper icons for each section (skipped)
lint_format_analyze_test	Run tests	2025-07-31T12:05:04.9771725Z Skip: Segmentation fault in CI
lint_format_analyze_test	Run tests	2025-07-31T12:05:04.9772200Z ##[endgroup]
lint_format_analyze_test	Run tests	2025-07-31T12:05:04.9773533Z ##[group]❎ /home/runner/work/gh3/gh3/test/src/ui-system/examples/developer_guide_screen_test.dart: DeveloperGuideScreen handles section navigation correctly (skipped)
lint_format_analyze_test	Run tests	2025-07-31T12:05:04.9774443Z Skip: Segmentation fault in CI
lint_format_analyze_test	Run tests	2025-07-31T12:05:04.9774977Z ##[endgroup]
lint_format_analyze_test	Run tests	2025-07-31T12:05:04.9775926Z ##[group]❎ /home/runner/work/gh3/gh3/test/src/ui-system/examples/developer_guide_screen_test.dart: DeveloperGuideScreen displays warning cards in pitfalls section (skipped)
lint_format_analyze_test	Run tests	2025-07-31T12:05:04.9776635Z Skip: Segmentation fault in CI
lint_format_analyze_test	Run tests	2025-07-31T12:05:04.9776969Z ##[endgroup]
lint_format_analyze_test	Run tests	2025-07-31T12:05:04.9777892Z ##[group]❎ /home/runner/work/gh3/gh3/test/src/ui-system/examples/developer_guide_screen_test.dart: DeveloperGuideScreen shows component and pattern examples (skipped)
lint_format_analyze_test	Run tests	2025-07-31T12:05:04.9778696Z Skip: Segmentation fault in CI
lint_format_analyze_test	Run tests	2025-07-31T12:05:04.9779259Z ##[endgroup]
lint_format_analyze_test	Run tests	2025-07-31T12:05:05.7559757Z unhandled error during test:
lint_format_analyze_test	Run tests	2025-07-31T12:05:05.7560558Z /home/runner/work/gh3/gh3/test/src/ui-system/examples/developer_guide_screen_test.dart
lint_format_analyze_test	Run tests	2025-07-31T12:05:05.7561319Z Shell subprocess crashed with segmentation fault.
lint_format_analyze_test	Run tests	2025-07-31T12:05:05.7561898Z #0      FlutterTesterTestDevice.finished (package:flutter_tools/src/test/flutter_tester_device.dart:254:73)
lint_format_analyze_test	Run tests	2025-07-31T12:05:05.7562507Z <asynchronous suspension>
lint_format_analyze_test	Run tests	2025-07-31T12:05:05.7562961Z #1      Future.any.onValue (dart:async/future.dart:616:5)
lint_format_analyze_test	Run tests	2025-07-31T12:05:05.7563504Z <asynchronous suspension>
lint_format_analyze_test	Run tests	2025-07-31T12:05:05.7563736Z 
lint_format_analyze_test	Run tests	2025-07-31T12:05:05.7563926Z unhandled error during finalization of test:
lint_format_analyze_test	Run tests	2025-07-31T12:05:05.7564644Z /home/runner/work/gh3/gh3/test/src/ui-system/examples/developer_guide_screen_test.dart
lint_format_analyze_test	Run tests	2025-07-31T12:05:05.7566233Z TestDeviceException(Shell subprocess crashed with segmentation fault.)
lint_format_analyze_test	Run tests	2025-07-31T12:05:05.7567089Z #0      FlutterTesterTestDevice.finished (package:flutter_tools/src/test/flutter_tester_device.dart:254:5)
lint_format_analyze_test	Run tests	2025-07-31T12:05:05.7567797Z <asynchronous suspension>
lint_format_analyze_test	Run tests	2025-07-31T12:05:05.7568405Z #1      FlutterTesterTestDevice.kill (package:flutter_tools/src/test/flutter_tester_device.dart:236:5)
lint_format_analyze_test	Run tests	2025-07-31T12:05:05.7569092Z <asynchronous suspension>
lint_format_analyze_test	Run tests	2025-07-31T12:05:05.7569786Z #2      FlutterPlatform._startTest.<anonymous closure> (package:flutter_tools/src/test/flutter_platform.dart:696:9)
lint_format_analyze_test	Run tests	2025-07-31T12:05:05.7570547Z <asynchronous suspension>
lint_format_analyze_test	Run tests	2025-07-31T12:05:05.7571315Z #3      FlutterPlatform._startTest.finalize (package:flutter_tools/src/test/flutter_platform.dart:597:11)
lint_format_analyze_test	Run tests	2025-07-31T12:05:05.7572572Z <asynchronous suspension>
lint_format_analyze_test	Run tests	2025-07-31T12:05:05.7573207Z #4      FlutterPlatform._startTest (package:flutter_tools/src/test/flutter_platform.dart:769:7)
lint_format_analyze_test	Run tests	2025-07-31T12:05:05.7573976Z <asynchronous suspension>
lint_format_analyze_test	Run tests	2025-07-31T12:05:05.7574537Z #5      Future.wait.<anonymous closure> (dart:async/future.dart:525:21)
lint_format_analyze_test	Run tests	2025-07-31T12:05:05.7575279Z <asynchronous suspension>
lint_format_analyze_test	Run tests	2025-07-31T12:05:05.7576143Z #6      _FlutterPlatformStreamSinkWrapper.close.<anonymous closure> (package:flutter_tools/src/test/flutter_platform.dart:863:94)
lint_format_analyze_test	Run tests	2025-07-31T12:05:05.7577040Z <asynchronous suspension>
lint_format_analyze_test	Run tests	2025-07-31T12:05:05.7577248Z 
lint_format_analyze_test	Run tests	2025-07-31T12:05:05.7678187Z ##[group]❌ loading /home/runner/work/gh3/gh3/test/src/ui-system/examples/developer_guide_screen_test.dart (failed after test completion)
lint_format_analyze_test	Run tests	2025-07-31T12:05:05.7679253Z Shell subprocess crashed with segmentation fault.
lint_format_analyze_test	Run tests	2025-07-31T12:05:05.7680055Z package:flutter_tools/src/test/flutter_tester_device.dart 254:73  FlutterTesterTestDevice.finished
lint_format_analyze_test	Run tests	2025-07-31T12:05:05.7680835Z ===== asynchronous gap ===========================
lint_format_analyze_test	Run tests	2025-07-31T12:05:05.7681434Z dart:async/future.dart 616:5                                      Future.any.onValue
lint_format_analyze_test	Run tests	2025-07-31T12:05:05.7682230Z ##[endgroup]
lint_format_analyze_test	Run tests	2025-07-31T12:07:28.7788996Z ##[error]The action 'Run tests' has timed out after 3 minutes.
lint_format_analyze_test	Post Setup Flutter	﻿2025-07-31T12:07:28.7893079Z Post job cleanup.
lint_format_analyze_test	Post Checkout code	﻿2025-07-31T12:07:28.7939994Z Post job cleanup.
lint_format_analyze_test	Post Checkout code	2025-07-31T12:07:28.8653408Z [command]/usr/bin/git version
lint_format_analyze_test	Post Checkout code	2025-07-31T12:07:28.8687548Z git version 2.50.1
lint_format_analyze_test	Post Checkout code	2025-07-31T12:07:28.8729676Z Temporarily overriding HOME='/home/runner/work/_temp/33973179-7507-486c-9ff3-a9ebef5d6394' before making global git config changes
lint_format_analyze_test	Post Checkout code	2025-07-31T12:07:28.8730676Z Adding repository directory to the temporary git global config as a safe directory
lint_format_analyze_test	Post Checkout code	2025-07-31T12:07:28.8734189Z [command]/usr/bin/git config --global --add safe.directory /home/runner/work/gh3/gh3
lint_format_analyze_test	Post Checkout code	2025-07-31T12:07:28.8766249Z [command]/usr/bin/git config --local --name-only --get-regexp core\.sshCommand
lint_format_analyze_test	Post Checkout code	2025-07-31T12:07:28.8795222Z [command]/usr/bin/git submodule foreach --recursive sh -c "git config --local --name-only --get-regexp 'core\.sshCommand' && git config --local --unset-all 'core.sshCommand' || :"
lint_format_analyze_test	Post Checkout code	2025-07-31T12:07:28.9017979Z [command]/usr/bin/git config --local --name-only --get-regexp http\.https\:\/\/github\.com\/\.extraheader
lint_format_analyze_test	Post Checkout code	2025-07-31T12:07:28.9037622Z http.https://github.com/.extraheader
lint_format_analyze_test	Post Checkout code	2025-07-31T12:07:28.9048705Z [command]/usr/bin/git config --local --unset-all http.https://github.com/.extraheader
lint_format_analyze_test	Post Checkout code	2025-07-31T12:07:28.9076716Z [command]/usr/bin/git submodule foreach --recursive sh -c "git config --local --name-only --get-regexp 'http\.https\:\/\/github\.com\/\.extraheader' && git config --local --unset-all 'http.https://github.com/.extraheader' || :"
lint_format_analyze_test	Complete job	﻿2025-07-31T12:07:28.9396201Z Cleaning up orphan processes
lint_format_analyze_test	Complete job	2025-07-31T12:07:28.9683837Z Terminate orphan process: pid (2441) (dart:flutter_to)
lint_format_analyze_test	Complete job	2025-07-31T12:07:28.9700811Z Terminate orphan process: pid (2484) (dart:frontend_s)
