lint_format_analyze_test	Set up job	﻿2025-07-31T11:56:49.0814426Z Current runner version: '2.327.1'
lint_format_analyze_test	Set up job	2025-07-31T11:56:49.0839616Z ##[group]Runner Image Provisioner
lint_format_analyze_test	Set up job	2025-07-31T11:56:49.0840845Z Hosted Compute Agent
lint_format_analyze_test	Set up job	2025-07-31T11:56:49.0841386Z Version: 20250711.363
lint_format_analyze_test	Set up job	2025-07-31T11:56:49.0841988Z Commit: 6785254374ce925a23743850c1cb91912ce5c14c
lint_format_analyze_test	Set up job	2025-07-31T11:56:49.0842723Z Build Date: 2025-07-11T20:04:25Z
lint_format_analyze_test	Set up job	2025-07-31T11:56:49.0843365Z ##[endgroup]
lint_format_analyze_test	Set up job	2025-07-31T11:56:49.0843928Z ##[group]Operating System
lint_format_analyze_test	Set up job	2025-07-31T11:56:49.0844542Z Ubuntu
lint_format_analyze_test	Set up job	2025-07-31T11:56:49.0845037Z 24.04.2
lint_format_analyze_test	Set up job	2025-07-31T11:56:49.0845475Z LTS
lint_format_analyze_test	Set up job	2025-07-31T11:56:49.0846004Z ##[endgroup]
lint_format_analyze_test	Set up job	2025-07-31T11:56:49.0846484Z ##[group]Runner Image
lint_format_analyze_test	Set up job	2025-07-31T11:56:49.0847087Z Image: ubuntu-24.04
lint_format_analyze_test	Set up job	2025-07-31T11:56:49.0847612Z Version: 20250728.1.0
lint_format_analyze_test	Set up job	2025-07-31T11:56:49.0848730Z Included Software: https://github.com/actions/runner-images/blob/ubuntu24/20250728.1/images/ubuntu/Ubuntu2404-Readme.md
lint_format_analyze_test	Set up job	2025-07-31T11:56:49.0850502Z Image Release: https://github.com/actions/runner-images/releases/tag/ubuntu24%2F20250728.1
lint_format_analyze_test	Set up job	2025-07-31T11:56:49.0851799Z ##[endgroup]
lint_format_analyze_test	Set up job	2025-07-31T11:56:49.0853001Z ##[group]GITHUB_TOKEN Permissions
lint_format_analyze_test	Set up job	2025-07-31T11:56:49.0854814Z Contents: read
lint_format_analyze_test	Set up job	2025-07-31T11:56:49.0855370Z Metadata: read
lint_format_analyze_test	Set up job	2025-07-31T11:56:49.0855964Z Packages: read
lint_format_analyze_test	Set up job	2025-07-31T11:56:49.0856426Z ##[endgroup]
lint_format_analyze_test	Set up job	2025-07-31T11:56:49.0858527Z Secret source: Actions
lint_format_analyze_test	Set up job	2025-07-31T11:56:49.0859272Z Prepare workflow directory
lint_format_analyze_test	Set up job	2025-07-31T11:56:49.1185263Z Prepare all required actions
lint_format_analyze_test	Set up job	2025-07-31T11:56:49.1224073Z Getting action download info
lint_format_analyze_test	Set up job	2025-07-31T11:56:49.4346233Z ##[group]Download immutable action package 'actions/checkout@v3'
lint_format_analyze_test	Set up job	2025-07-31T11:56:49.4347281Z Version: 3.6.0
lint_format_analyze_test	Set up job	2025-07-31T11:56:49.4348270Z Digest: sha256:942562b9c7d4b1f2557f1da21f4d3eb4eb4fd01f2ad78b2a6e187d1b193e0a0f
lint_format_analyze_test	Set up job	2025-07-31T11:56:49.4349564Z Source commit SHA: f43a0e5ff2bd294095638e18286ca9a3d1956744
lint_format_analyze_test	Set up job	2025-07-31T11:56:49.4350494Z ##[endgroup]
lint_format_analyze_test	Set up job	2025-07-31T11:56:49.5953889Z Download action repository 'subosito/flutter-action@v2' (SHA:e938fdf56512cc96ef2f93601a5a40bde3801046)
lint_format_analyze_test	Set up job	2025-07-31T11:56:49.8785106Z Getting action download info
lint_format_analyze_test	Set up job	2025-07-31T11:56:50.0097809Z ##[group]Download immutable action package 'actions/cache@v4'
lint_format_analyze_test	Set up job	2025-07-31T11:56:50.0098894Z Version: 4.2.3
lint_format_analyze_test	Set up job	2025-07-31T11:56:50.0099940Z Digest: sha256:c8a3bb963e1f1826d8fcc8d1354f0dd29d8ac1db1d4f6f20247055ae11b81ed9
lint_format_analyze_test	Set up job	2025-07-31T11:56:50.0101564Z Source commit SHA: 5a3ec84eff668545956fd18022155c47e93e2684
lint_format_analyze_test	Set up job	2025-07-31T11:56:50.0102535Z ##[endgroup]
lint_format_analyze_test	Set up job	2025-07-31T11:56:50.1579450Z Complete job name: lint_format_analyze_test
lint_format_analyze_test	Checkout code	﻿2025-07-31T11:56:50.2305803Z ##[group]Run actions/checkout@v3
lint_format_analyze_test	Checkout code	2025-07-31T11:56:50.2306783Z with:
lint_format_analyze_test	Checkout code	2025-07-31T11:56:50.2307226Z   repository: jacobdam/gh3
lint_format_analyze_test	Checkout code	2025-07-31T11:56:50.2307976Z   token: ***
lint_format_analyze_test	Checkout code	2025-07-31T11:56:50.2308395Z   ssh-strict: true
lint_format_analyze_test	Checkout code	2025-07-31T11:56:50.2308848Z   persist-credentials: true
lint_format_analyze_test	Checkout code	2025-07-31T11:56:50.2309336Z   clean: true
lint_format_analyze_test	Checkout code	2025-07-31T11:56:50.2309777Z   sparse-checkout-cone-mode: true
lint_format_analyze_test	Checkout code	2025-07-31T11:56:50.2310531Z   fetch-depth: 1
lint_format_analyze_test	Checkout code	2025-07-31T11:56:50.2310958Z   fetch-tags: false
lint_format_analyze_test	Checkout code	2025-07-31T11:56:50.2311403Z   lfs: false
lint_format_analyze_test	Checkout code	2025-07-31T11:56:50.2311831Z   submodules: false
lint_format_analyze_test	Checkout code	2025-07-31T11:56:50.2312329Z   set-safe-directory: true
lint_format_analyze_test	Checkout code	2025-07-31T11:56:50.2313084Z ##[endgroup]
lint_format_analyze_test	Checkout code	2025-07-31T11:56:50.3216550Z Syncing repository: jacobdam/gh3
lint_format_analyze_test	Checkout code	2025-07-31T11:56:50.3218842Z ##[group]Getting Git version info
lint_format_analyze_test	Checkout code	2025-07-31T11:56:50.3219598Z Working directory is '/home/runner/work/gh3/gh3'
lint_format_analyze_test	Checkout code	2025-07-31T11:56:50.3220893Z [command]/usr/bin/git version
lint_format_analyze_test	Checkout code	2025-07-31T11:56:50.3236388Z git version 2.50.1
lint_format_analyze_test	Checkout code	2025-07-31T11:56:50.3263957Z ##[endgroup]
lint_format_analyze_test	Checkout code	2025-07-31T11:56:50.3279371Z Temporarily overriding HOME='/home/runner/work/_temp/b62898ce-d06b-416e-b958-867c0aa1402b' before making global git config changes
lint_format_analyze_test	Checkout code	2025-07-31T11:56:50.3281490Z Adding repository directory to the temporary git global config as a safe directory
lint_format_analyze_test	Checkout code	2025-07-31T11:56:50.3283346Z [command]/usr/bin/git config --global --add safe.directory /home/runner/work/gh3/gh3
lint_format_analyze_test	Checkout code	2025-07-31T11:56:50.3316390Z Deleting the contents of '/home/runner/work/gh3/gh3'
lint_format_analyze_test	Checkout code	2025-07-31T11:56:50.3320649Z ##[group]Initializing the repository
lint_format_analyze_test	Checkout code	2025-07-31T11:56:50.3323426Z [command]/usr/bin/git init /home/runner/work/gh3/gh3
lint_format_analyze_test	Checkout code	2025-07-31T11:56:50.3377094Z hint: Using 'master' as the name for the initial branch. This default branch name
lint_format_analyze_test	Checkout code	2025-07-31T11:56:50.3379422Z hint: is subject to change. To configure the initial branch name to use in all
lint_format_analyze_test	Checkout code	2025-07-31T11:56:50.3381474Z hint: of your new repositories, which will suppress this warning, call:
lint_format_analyze_test	Checkout code	2025-07-31T11:56:50.3382423Z hint:
lint_format_analyze_test	Checkout code	2025-07-31T11:56:50.3383054Z hint: 	git config --global init.defaultBranch <name>
lint_format_analyze_test	Checkout code	2025-07-31T11:56:50.3383846Z hint:
lint_format_analyze_test	Checkout code	2025-07-31T11:56:50.3384565Z hint: Names commonly chosen instead of 'master' are 'main', 'trunk' and
lint_format_analyze_test	Checkout code	2025-07-31T11:56:50.3386136Z hint: 'development'. The just-created branch can be renamed via this command:
lint_format_analyze_test	Checkout code	2025-07-31T11:56:50.3387162Z hint:
lint_format_analyze_test	Checkout code	2025-07-31T11:56:50.3387636Z hint: 	git branch -m <name>
lint_format_analyze_test	Checkout code	2025-07-31T11:56:50.3388180Z hint:
lint_format_analyze_test	Checkout code	2025-07-31T11:56:50.3389233Z hint: Disable this message with "git config set advice.defaultBranchName false"
lint_format_analyze_test	Checkout code	2025-07-31T11:56:50.3390746Z Initialized empty Git repository in /home/runner/work/gh3/gh3/.git/
lint_format_analyze_test	Checkout code	2025-07-31T11:56:50.3392732Z [command]/usr/bin/git remote add origin https://github.com/jacobdam/gh3
lint_format_analyze_test	Checkout code	2025-07-31T11:56:50.3421980Z ##[endgroup]
lint_format_analyze_test	Checkout code	2025-07-31T11:56:50.3422947Z ##[group]Disabling automatic garbage collection
lint_format_analyze_test	Checkout code	2025-07-31T11:56:50.3424173Z [command]/usr/bin/git config --local gc.auto 0
lint_format_analyze_test	Checkout code	2025-07-31T11:56:50.3451652Z ##[endgroup]
lint_format_analyze_test	Checkout code	2025-07-31T11:56:50.3452563Z ##[group]Setting up auth
lint_format_analyze_test	Checkout code	2025-07-31T11:56:50.3456755Z [command]/usr/bin/git config --local --name-only --get-regexp core\.sshCommand
lint_format_analyze_test	Checkout code	2025-07-31T11:56:50.3483428Z [command]/usr/bin/git submodule foreach --recursive sh -c "git config --local --name-only --get-regexp 'core\.sshCommand' && git config --local --unset-all 'core.sshCommand' || :"
lint_format_analyze_test	Checkout code	2025-07-31T11:56:50.3750334Z [command]/usr/bin/git config --local --name-only --get-regexp http\.https\:\/\/github\.com\/\.extraheader
lint_format_analyze_test	Checkout code	2025-07-31T11:56:50.3781139Z [command]/usr/bin/git submodule foreach --recursive sh -c "git config --local --name-only --get-regexp 'http\.https\:\/\/github\.com\/\.extraheader' && git config --local --unset-all 'http.https://github.com/.extraheader' || :"
lint_format_analyze_test	Checkout code	2025-07-31T11:56:50.4013700Z [command]/usr/bin/git config --local http.https://github.com/.extraheader AUTHORIZATION: basic ***
lint_format_analyze_test	Checkout code	2025-07-31T11:56:50.4049695Z ##[endgroup]
lint_format_analyze_test	Checkout code	2025-07-31T11:56:50.4052771Z ##[group]Fetching the repository
lint_format_analyze_test	Checkout code	2025-07-31T11:56:50.4060643Z [command]/usr/bin/git -c protocol.version=2 fetch --no-tags --prune --progress --no-recurse-submodules --depth=1 origin +a497130b2abd0b036f4d4db0da34a282b7af497d:refs/remotes/pull/2/merge
lint_format_analyze_test	Checkout code	2025-07-31T11:56:50.5723564Z remote: Enumerating objects: 534, done.        
lint_format_analyze_test	Checkout code	2025-07-31T11:56:50.5725623Z remote: Counting objects:   0% (1/534)        
lint_format_analyze_test	Checkout code	2025-07-31T11:56:50.5727357Z remote: Counting objects:   1% (6/534)        
lint_format_analyze_test	Checkout code	2025-07-31T11:56:50.5729062Z remote: Counting objects:   2% (11/534)        
lint_format_analyze_test	Checkout code	2025-07-31T11:56:50.5731117Z remote: Counting objects:   3% (17/534)        
lint_format_analyze_test	Checkout code	2025-07-31T11:56:50.5732865Z remote: Counting objects:   4% (22/534)        
lint_format_analyze_test	Checkout code	2025-07-31T11:56:50.5734647Z remote: Counting objects:   5% (27/534)        
lint_format_analyze_test	Checkout code	2025-07-31T11:56:50.5736364Z remote: Counting objects:   6% (33/534)        
lint_format_analyze_test	Checkout code	2025-07-31T11:56:50.5738068Z remote: Counting objects:   7% (38/534)        
lint_format_analyze_test	Checkout code	2025-07-31T11:56:50.5739426Z remote: Counting objects:   8% (43/534)        
lint_format_analyze_test	Checkout code	2025-07-31T11:56:50.5740485Z remote: Counting objects:   9% (49/534)        
lint_format_analyze_test	Checkout code	2025-07-31T11:56:50.5741191Z remote: Counting objects:  10% (54/534)        
lint_format_analyze_test	Checkout code	2025-07-31T11:56:50.5742020Z remote: Counting objects:  11% (59/534)        
lint_format_analyze_test	Checkout code	2025-07-31T11:56:50.5742727Z remote: Counting objects:  12% (65/534)        
lint_format_analyze_test	Checkout code	2025-07-31T11:56:50.5743768Z remote: Counting objects:  13% (70/534)        
lint_format_analyze_test	Checkout code	2025-07-31T11:56:50.5744566Z remote: Counting objects:  14% (75/534)        
lint_format_analyze_test	Checkout code	2025-07-31T11:56:50.5745352Z remote: Counting objects:  15% (81/534)        
lint_format_analyze_test	Checkout code	2025-07-31T11:56:50.5746124Z remote: Counting objects:  16% (86/534)        
lint_format_analyze_test	Checkout code	2025-07-31T11:56:50.5746901Z remote: Counting objects:  17% (91/534)        
lint_format_analyze_test	Checkout code	2025-07-31T11:56:50.5748015Z remote: Counting objects:  18% (97/534)        
lint_format_analyze_test	Checkout code	2025-07-31T11:56:50.5748794Z remote: Counting objects:  19% (102/534)        
lint_format_analyze_test	Checkout code	2025-07-31T11:56:50.5749570Z remote: Counting objects:  20% (107/534)        
lint_format_analyze_test	Checkout code	2025-07-31T11:56:50.5750575Z remote: Counting objects:  21% (113/534)        
lint_format_analyze_test	Checkout code	2025-07-31T11:56:50.5751447Z remote: Counting objects:  22% (118/534)        
lint_format_analyze_test	Checkout code	2025-07-31T11:56:50.5752190Z remote: Counting objects:  23% (123/534)        
lint_format_analyze_test	Checkout code	2025-07-31T11:56:50.5752999Z remote: Counting objects:  24% (129/534)        
lint_format_analyze_test	Checkout code	2025-07-31T11:56:50.5753782Z remote: Counting objects:  25% (134/534)        
lint_format_analyze_test	Checkout code	2025-07-31T11:56:50.5754580Z remote: Counting objects:  26% (139/534)        
lint_format_analyze_test	Checkout code	2025-07-31T11:56:50.5755382Z remote: Counting objects:  27% (145/534)        
lint_format_analyze_test	Checkout code	2025-07-31T11:56:50.5756382Z remote: Counting objects:  28% (150/534)        
lint_format_analyze_test	Checkout code	2025-07-31T11:56:50.5757342Z remote: Counting objects:  29% (155/534)        
lint_format_analyze_test	Checkout code	2025-07-31T11:56:50.5758400Z remote: Counting objects:  30% (161/534)        
lint_format_analyze_test	Checkout code	2025-07-31T11:56:50.5759196Z remote: Counting objects:  31% (166/534)        
lint_format_analyze_test	Checkout code	2025-07-31T11:56:50.5760216Z remote: Counting objects:  32% (171/534)        
lint_format_analyze_test	Checkout code	2025-07-31T11:56:50.5761090Z remote: Counting objects:  33% (177/534)        
lint_format_analyze_test	Checkout code	2025-07-31T11:56:50.5761867Z remote: Counting objects:  34% (182/534)        
lint_format_analyze_test	Checkout code	2025-07-31T11:56:50.5762634Z remote: Counting objects:  35% (187/534)        
lint_format_analyze_test	Checkout code	2025-07-31T11:56:50.5763413Z remote: Counting objects:  36% (193/534)        
lint_format_analyze_test	Checkout code	2025-07-31T11:56:50.5764170Z remote: Counting objects:  37% (198/534)        
lint_format_analyze_test	Checkout code	2025-07-31T11:56:50.5764951Z remote: Counting objects:  38% (203/534)        
lint_format_analyze_test	Checkout code	2025-07-31T11:56:50.5765734Z remote: Counting objects:  39% (209/534)        
lint_format_analyze_test	Checkout code	2025-07-31T11:56:50.5766523Z remote: Counting objects:  40% (214/534)        
lint_format_analyze_test	Checkout code	2025-07-31T11:56:50.5767299Z remote: Counting objects:  41% (219/534)        
lint_format_analyze_test	Checkout code	2025-07-31T11:56:50.5768274Z remote: Counting objects:  42% (225/534)        
lint_format_analyze_test	Checkout code	2025-07-31T11:56:50.5769062Z remote: Counting objects:  43% (230/534)        
lint_format_analyze_test	Checkout code	2025-07-31T11:56:50.5769856Z remote: Counting objects:  44% (235/534)        
lint_format_analyze_test	Checkout code	2025-07-31T11:56:50.5770903Z remote: Counting objects:  45% (241/534)        
lint_format_analyze_test	Checkout code	2025-07-31T11:56:50.5772002Z remote: Counting objects:  46% (246/534)        
lint_format_analyze_test	Checkout code	2025-07-31T11:56:50.5773200Z remote: Counting objects:  47% (251/534)        
lint_format_analyze_test	Checkout code	2025-07-31T11:56:50.5774474Z remote: Counting objects:  48% (257/534)        
lint_format_analyze_test	Checkout code	2025-07-31T11:56:50.5775786Z remote: Counting objects:  49% (262/534)        
lint_format_analyze_test	Checkout code	2025-07-31T11:56:50.5776674Z remote: Counting objects:  50% (267/534)        
lint_format_analyze_test	Checkout code	2025-07-31T11:56:50.5777708Z remote: Counting objects:  51% (273/534)        
lint_format_analyze_test	Checkout code	2025-07-31T11:56:50.5778483Z remote: Counting objects:  52% (278/534)        
lint_format_analyze_test	Checkout code	2025-07-31T11:56:50.5779225Z remote: Counting objects:  53% (284/534)        
lint_format_analyze_test	Checkout code	2025-07-31T11:56:50.5780175Z remote: Counting objects:  54% (289/534)        
lint_format_analyze_test	Checkout code	2025-07-31T11:56:50.5780966Z remote: Counting objects:  55% (294/534)        
lint_format_analyze_test	Checkout code	2025-07-31T11:56:50.5781726Z remote: Counting objects:  56% (300/534)        
lint_format_analyze_test	Checkout code	2025-07-31T11:56:50.5782494Z remote: Counting objects:  57% (305/534)        
lint_format_analyze_test	Checkout code	2025-07-31T11:56:50.5783257Z remote: Counting objects:  58% (310/534)        
lint_format_analyze_test	Checkout code	2025-07-31T11:56:50.5784014Z remote: Counting objects:  59% (316/534)        
lint_format_analyze_test	Checkout code	2025-07-31T11:56:50.5784762Z remote: Counting objects:  60% (321/534)        
lint_format_analyze_test	Checkout code	2025-07-31T11:56:50.5785523Z remote: Counting objects:  61% (326/534)        
lint_format_analyze_test	Checkout code	2025-07-31T11:56:50.5786255Z remote: Counting objects:  62% (332/534)        
lint_format_analyze_test	Checkout code	2025-07-31T11:56:50.5786988Z remote: Counting objects:  63% (337/534)        
lint_format_analyze_test	Checkout code	2025-07-31T11:56:50.5787729Z remote: Counting objects:  64% (342/534)        
lint_format_analyze_test	Checkout code	2025-07-31T11:56:50.5788445Z remote: Counting objects:  65% (348/534)        
lint_format_analyze_test	Checkout code	2025-07-31T11:56:50.5789170Z remote: Counting objects:  66% (353/534)        
lint_format_analyze_test	Checkout code	2025-07-31T11:56:50.5789896Z remote: Counting objects:  67% (358/534)        
lint_format_analyze_test	Checkout code	2025-07-31T11:56:50.5790822Z remote: Counting objects:  68% (364/534)        
lint_format_analyze_test	Checkout code	2025-07-31T11:56:50.5791545Z remote: Counting objects:  69% (369/534)        
lint_format_analyze_test	Checkout code	2025-07-31T11:56:50.5792271Z remote: Counting objects:  70% (374/534)        
lint_format_analyze_test	Checkout code	2025-07-31T11:56:50.5793188Z remote: Counting objects:  71% (380/534)        
lint_format_analyze_test	Checkout code	2025-07-31T11:56:50.5794042Z remote: Counting objects:  72% (385/534)        
lint_format_analyze_test	Checkout code	2025-07-31T11:56:50.5794875Z remote: Counting objects:  73% (390/534)        
lint_format_analyze_test	Checkout code	2025-07-31T11:56:50.5795632Z remote: Counting objects:  74% (396/534)        
lint_format_analyze_test	Checkout code	2025-07-31T11:56:50.5796790Z remote: Counting objects:  75% (401/534)        
lint_format_analyze_test	Checkout code	2025-07-31T11:56:50.5797606Z remote: Counting objects:  76% (406/534)        
lint_format_analyze_test	Checkout code	2025-07-31T11:56:50.5798376Z remote: Counting objects:  77% (412/534)        
lint_format_analyze_test	Checkout code	2025-07-31T11:56:50.5799143Z remote: Counting objects:  78% (417/534)        
lint_format_analyze_test	Checkout code	2025-07-31T11:56:50.5800184Z remote: Counting objects:  79% (422/534)        
lint_format_analyze_test	Checkout code	2025-07-31T11:56:50.5801184Z remote: Counting objects:  80% (428/534)        
lint_format_analyze_test	Checkout code	2025-07-31T11:56:50.5802133Z remote: Counting objects:  81% (433/534)        
lint_format_analyze_test	Checkout code	2025-07-31T11:56:50.5802890Z remote: Counting objects:  82% (438/534)        
lint_format_analyze_test	Checkout code	2025-07-31T11:56:50.5803649Z remote: Counting objects:  83% (444/534)        
lint_format_analyze_test	Checkout code	2025-07-31T11:56:50.5804424Z remote: Counting objects:  84% (449/534)        
lint_format_analyze_test	Checkout code	2025-07-31T11:56:50.5805166Z remote: Counting objects:  85% (454/534)        
lint_format_analyze_test	Checkout code	2025-07-31T11:56:50.5805911Z remote: Counting objects:  86% (460/534)        
lint_format_analyze_test	Checkout code	2025-07-31T11:56:50.5806678Z remote: Counting objects:  87% (465/534)        
lint_format_analyze_test	Checkout code	2025-07-31T11:56:50.5807444Z remote: Counting objects:  88% (470/534)        
lint_format_analyze_test	Checkout code	2025-07-31T11:56:50.5808215Z remote: Counting objects:  89% (476/534)        
lint_format_analyze_test	Checkout code	2025-07-31T11:56:50.5808999Z remote: Counting objects:  90% (481/534)        
lint_format_analyze_test	Checkout code	2025-07-31T11:56:50.5809775Z remote: Counting objects:  91% (486/534)        
lint_format_analyze_test	Checkout code	2025-07-31T11:56:50.5810724Z remote: Counting objects:  92% (492/534)        
lint_format_analyze_test	Checkout code	2025-07-31T11:56:50.5811513Z remote: Counting objects:  93% (497/534)        
lint_format_analyze_test	Checkout code	2025-07-31T11:56:50.5812278Z remote: Counting objects:  94% (502/534)        
lint_format_analyze_test	Checkout code	2025-07-31T11:56:50.5813044Z remote: Counting objects:  95% (508/534)        
lint_format_analyze_test	Checkout code	2025-07-31T11:56:50.5813818Z remote: Counting objects:  96% (513/534)        
lint_format_analyze_test	Checkout code	2025-07-31T11:56:50.5814577Z remote: Counting objects:  97% (518/534)        
lint_format_analyze_test	Checkout code	2025-07-31T11:56:50.5815347Z remote: Counting objects:  98% (524/534)        
lint_format_analyze_test	Checkout code	2025-07-31T11:56:50.5816107Z remote: Counting objects:  99% (529/534)        
lint_format_analyze_test	Checkout code	2025-07-31T11:56:50.5816876Z remote: Counting objects: 100% (534/534)        
lint_format_analyze_test	Checkout code	2025-07-31T11:56:50.5817810Z remote: Counting objects: 100% (534/534), done.        
lint_format_analyze_test	Checkout code	2025-07-31T11:56:50.5818764Z remote: Compressing objects:   0% (1/449)        
lint_format_analyze_test	Checkout code	2025-07-31T11:56:50.5820235Z remote: Compressing objects:   1% (5/449)        
lint_format_analyze_test	Checkout code	2025-07-31T11:56:50.5821026Z remote: Compressing objects:   2% (9/449)        
lint_format_analyze_test	Checkout code	2025-07-31T11:56:50.5821851Z remote: Compressing objects:   3% (14/449)        
lint_format_analyze_test	Checkout code	2025-07-31T11:56:50.5822630Z remote: Compressing objects:   4% (18/449)        
lint_format_analyze_test	Checkout code	2025-07-31T11:56:50.5823430Z remote: Compressing objects:   5% (23/449)        
lint_format_analyze_test	Checkout code	2025-07-31T11:56:50.5824198Z remote: Compressing objects:   6% (27/449)        
lint_format_analyze_test	Checkout code	2025-07-31T11:56:50.5824986Z remote: Compressing objects:   7% (32/449)        
lint_format_analyze_test	Checkout code	2025-07-31T11:56:50.5853355Z remote: Compressing objects:   8% (36/449)        
lint_format_analyze_test	Checkout code	2025-07-31T11:56:50.5869150Z remote: Compressing objects:   9% (41/449)        
lint_format_analyze_test	Checkout code	2025-07-31T11:56:50.5883390Z remote: Compressing objects:  10% (45/449)        
lint_format_analyze_test	Checkout code	2025-07-31T11:56:50.5904740Z remote: Compressing objects:  11% (50/449)        
lint_format_analyze_test	Checkout code	2025-07-31T11:56:50.5905845Z remote: Compressing objects:  12% (54/449)        
lint_format_analyze_test	Checkout code	2025-07-31T11:56:50.5916124Z remote: Compressing objects:  13% (59/449)        
lint_format_analyze_test	Checkout code	2025-07-31T11:56:50.5944733Z remote: Compressing objects:  14% (63/449)        
lint_format_analyze_test	Checkout code	2025-07-31T11:56:50.5967464Z remote: Compressing objects:  15% (68/449)        
lint_format_analyze_test	Checkout code	2025-07-31T11:56:50.5988554Z remote: Compressing objects:  16% (72/449)        
lint_format_analyze_test	Checkout code	2025-07-31T11:56:50.6000939Z remote: Compressing objects:  17% (77/449)        
lint_format_analyze_test	Checkout code	2025-07-31T11:56:50.6014897Z remote: Compressing objects:  18% (81/449)        
lint_format_analyze_test	Checkout code	2025-07-31T11:56:50.6031660Z remote: Compressing objects:  19% (86/449)        
lint_format_analyze_test	Checkout code	2025-07-31T11:56:50.6056472Z remote: Compressing objects:  20% (90/449)        
lint_format_analyze_test	Checkout code	2025-07-31T11:56:50.6058048Z remote: Compressing objects:  21% (95/449)        
lint_format_analyze_test	Checkout code	2025-07-31T11:56:50.6066430Z remote: Compressing objects:  22% (99/449)        
lint_format_analyze_test	Checkout code	2025-07-31T11:56:50.6072265Z remote: Compressing objects:  23% (104/449)        
lint_format_analyze_test	Checkout code	2025-07-31T11:56:50.6082386Z remote: Compressing objects:  24% (108/449)        
lint_format_analyze_test	Checkout code	2025-07-31T11:56:50.6086606Z remote: Compressing objects:  25% (113/449)        
lint_format_analyze_test	Checkout code	2025-07-31T11:56:50.6090521Z remote: Compressing objects:  26% (117/449)        
lint_format_analyze_test	Checkout code	2025-07-31T11:56:50.6095520Z remote: Compressing objects:  27% (122/449)        
lint_format_analyze_test	Checkout code	2025-07-31T11:56:50.6116288Z remote: Compressing objects:  28% (126/449)        
lint_format_analyze_test	Checkout code	2025-07-31T11:56:50.6120601Z remote: Compressing objects:  29% (131/449)        
lint_format_analyze_test	Checkout code	2025-07-31T11:56:50.6463103Z remote: Compressing objects:  30% (135/449)        
lint_format_analyze_test	Checkout code	2025-07-31T11:56:50.6515814Z remote: Compressing objects:  31% (140/449)        
lint_format_analyze_test	Checkout code	2025-07-31T11:56:50.6517375Z remote: Compressing objects:  32% (144/449)        
lint_format_analyze_test	Checkout code	2025-07-31T11:56:50.6528451Z remote: Compressing objects:  33% (149/449)        
lint_format_analyze_test	Checkout code	2025-07-31T11:56:50.6566411Z remote: Compressing objects:  34% (153/449)        
lint_format_analyze_test	Checkout code	2025-07-31T11:56:50.6580752Z remote: Compressing objects:  35% (158/449)        
lint_format_analyze_test	Checkout code	2025-07-31T11:56:50.6598184Z remote: Compressing objects:  36% (162/449)        
lint_format_analyze_test	Checkout code	2025-07-31T11:56:50.6600318Z remote: Compressing objects:  37% (167/449)        
lint_format_analyze_test	Checkout code	2025-07-31T11:56:50.6601653Z remote: Compressing objects:  38% (171/449)        
lint_format_analyze_test	Checkout code	2025-07-31T11:56:50.6606452Z remote: Compressing objects:  39% (176/449)        
lint_format_analyze_test	Checkout code	2025-07-31T11:56:50.6614647Z remote: Compressing objects:  40% (180/449)        
lint_format_analyze_test	Checkout code	2025-07-31T11:56:50.6649151Z remote: Compressing objects:  41% (185/449)        
lint_format_analyze_test	Checkout code	2025-07-31T11:56:50.6674248Z remote: Compressing objects:  42% (189/449)        
lint_format_analyze_test	Checkout code	2025-07-31T11:56:50.6696222Z remote: Compressing objects:  43% (194/449)        
lint_format_analyze_test	Checkout code	2025-07-31T11:56:50.6712338Z remote: Compressing objects:  44% (198/449)        
lint_format_analyze_test	Checkout code	2025-07-31T11:56:50.6724978Z remote: Compressing objects:  45% (203/449)        
lint_format_analyze_test	Checkout code	2025-07-31T11:56:50.6740778Z remote: Compressing objects:  46% (207/449)        
lint_format_analyze_test	Checkout code	2025-07-31T11:56:50.6749688Z remote: Compressing objects:  47% (212/449)        
lint_format_analyze_test	Checkout code	2025-07-31T11:56:50.6819108Z remote: Compressing objects:  48% (216/449)        
lint_format_analyze_test	Checkout code	2025-07-31T11:56:50.6845814Z remote: Compressing objects:  49% (221/449)        
lint_format_analyze_test	Checkout code	2025-07-31T11:56:50.6866506Z remote: Compressing objects:  50% (225/449)        
lint_format_analyze_test	Checkout code	2025-07-31T11:56:50.6868668Z remote: Compressing objects:  51% (229/449)        
lint_format_analyze_test	Checkout code	2025-07-31T11:56:50.6870802Z remote: Compressing objects:  52% (234/449)        
lint_format_analyze_test	Checkout code	2025-07-31T11:56:50.6872301Z remote: Compressing objects:  53% (238/449)        
lint_format_analyze_test	Checkout code	2025-07-31T11:56:50.6874528Z remote: Compressing objects:  54% (243/449)        
lint_format_analyze_test	Checkout code	2025-07-31T11:56:50.6876688Z remote: Compressing objects:  55% (247/449)        
lint_format_analyze_test	Checkout code	2025-07-31T11:56:50.6878439Z remote: Compressing objects:  56% (252/449)        
lint_format_analyze_test	Checkout code	2025-07-31T11:56:50.6879804Z remote: Compressing objects:  57% (256/449)        
lint_format_analyze_test	Checkout code	2025-07-31T11:56:50.6881660Z remote: Compressing objects:  58% (261/449)        
lint_format_analyze_test	Checkout code	2025-07-31T11:56:50.6882927Z remote: Compressing objects:  59% (265/449)        
lint_format_analyze_test	Checkout code	2025-07-31T11:56:50.6883851Z remote: Compressing objects:  60% (270/449)        
lint_format_analyze_test	Checkout code	2025-07-31T11:56:50.6884752Z remote: Compressing objects:  61% (274/449)        
lint_format_analyze_test	Checkout code	2025-07-31T11:56:50.6889627Z remote: Compressing objects:  62% (279/449)        
lint_format_analyze_test	Checkout code	2025-07-31T11:56:50.6902432Z remote: Compressing objects:  63% (283/449)        
lint_format_analyze_test	Checkout code	2025-07-31T11:56:50.6913482Z remote: Compressing objects:  64% (288/449)        
lint_format_analyze_test	Checkout code	2025-07-31T11:56:50.6923772Z remote: Compressing objects:  65% (292/449)        
lint_format_analyze_test	Checkout code	2025-07-31T11:56:50.6947193Z remote: Compressing objects:  66% (297/449)        
lint_format_analyze_test	Checkout code	2025-07-31T11:56:50.6960308Z remote: Compressing objects:  67% (301/449)        
lint_format_analyze_test	Checkout code	2025-07-31T11:56:50.6966438Z remote: Compressing objects:  68% (306/449)        
lint_format_analyze_test	Checkout code	2025-07-31T11:56:50.6975316Z remote: Compressing objects:  69% (310/449)        
lint_format_analyze_test	Checkout code	2025-07-31T11:56:50.6993414Z remote: Compressing objects:  70% (315/449)        
lint_format_analyze_test	Checkout code	2025-07-31T11:56:50.7037542Z remote: Compressing objects:  71% (319/449)        
lint_format_analyze_test	Checkout code	2025-07-31T11:56:50.7062557Z remote: Compressing objects:  72% (324/449)        
lint_format_analyze_test	Checkout code	2025-07-31T11:56:50.7080992Z remote: Compressing objects:  73% (328/449)        
lint_format_analyze_test	Checkout code	2025-07-31T11:56:50.7101647Z remote: Compressing objects:  74% (333/449)        
lint_format_analyze_test	Checkout code	2025-07-31T11:56:50.7111764Z remote: Compressing objects:  75% (337/449)        
lint_format_analyze_test	Checkout code	2025-07-31T11:56:50.7117153Z remote: Compressing objects:  76% (342/449)        
lint_format_analyze_test	Checkout code	2025-07-31T11:56:50.7196386Z remote: Compressing objects:  77% (346/449)        
lint_format_analyze_test	Checkout code	2025-07-31T11:56:50.7198268Z remote: Compressing objects:  78% (351/449)        
lint_format_analyze_test	Checkout code	2025-07-31T11:56:50.7199783Z remote: Compressing objects:  79% (355/449)        
lint_format_analyze_test	Checkout code	2025-07-31T11:56:50.7201388Z remote: Compressing objects:  80% (360/449)        
lint_format_analyze_test	Checkout code	2025-07-31T11:56:50.7202697Z remote: Compressing objects:  81% (364/449)        
lint_format_analyze_test	Checkout code	2025-07-31T11:56:50.7203531Z remote: Compressing objects:  82% (369/449)        
lint_format_analyze_test	Checkout code	2025-07-31T11:56:50.7204339Z remote: Compressing objects:  83% (373/449)        
lint_format_analyze_test	Checkout code	2025-07-31T11:56:50.7205179Z remote: Compressing objects:  84% (378/449)        
lint_format_analyze_test	Checkout code	2025-07-31T11:56:50.7205954Z remote: Compressing objects:  85% (382/449)        
lint_format_analyze_test	Checkout code	2025-07-31T11:56:50.7206729Z remote: Compressing objects:  86% (387/449)        
lint_format_analyze_test	Checkout code	2025-07-31T11:56:50.7207489Z remote: Compressing objects:  87% (391/449)        
lint_format_analyze_test	Checkout code	2025-07-31T11:56:50.7208265Z remote: Compressing objects:  88% (396/449)        
lint_format_analyze_test	Checkout code	2025-07-31T11:56:50.7209606Z remote: Compressing objects:  89% (400/449)        
lint_format_analyze_test	Checkout code	2025-07-31T11:56:50.7210652Z remote: Compressing objects:  90% (405/449)        
lint_format_analyze_test	Checkout code	2025-07-31T11:56:50.7211918Z remote: Compressing objects:  91% (409/449)        
lint_format_analyze_test	Checkout code	2025-07-31T11:56:50.7213184Z remote: Compressing objects:  92% (414/449)        
lint_format_analyze_test	Checkout code	2025-07-31T11:56:50.7214420Z remote: Compressing objects:  93% (418/449)        
lint_format_analyze_test	Checkout code	2025-07-31T11:56:50.7215650Z remote: Compressing objects:  94% (423/449)        
lint_format_analyze_test	Checkout code	2025-07-31T11:56:50.7216885Z remote: Compressing objects:  95% (427/449)        
lint_format_analyze_test	Checkout code	2025-07-31T11:56:50.7218146Z remote: Compressing objects:  96% (432/449)        
lint_format_analyze_test	Checkout code	2025-07-31T11:56:50.7219368Z remote: Compressing objects:  97% (436/449)        
lint_format_analyze_test	Checkout code	2025-07-31T11:56:50.7220817Z remote: Compressing objects:  98% (441/449)        
lint_format_analyze_test	Checkout code	2025-07-31T11:56:50.7222091Z remote: Compressing objects:  99% (445/449)        
lint_format_analyze_test	Checkout code	2025-07-31T11:56:50.7223326Z remote: Compressing objects: 100% (449/449)        
lint_format_analyze_test	Checkout code	2025-07-31T11:56:50.7225798Z remote: Compressing objects: 100% (449/449), done.        
lint_format_analyze_test	Checkout code	2025-07-31T11:56:50.7227321Z Receiving objects:   0% (1/534)
lint_format_analyze_test	Checkout code	2025-07-31T11:56:50.7228288Z Receiving objects:   1% (6/534)
lint_format_analyze_test	Checkout code	2025-07-31T11:56:50.7229228Z Receiving objects:   2% (11/534)
lint_format_analyze_test	Checkout code	2025-07-31T11:56:50.7230308Z Receiving objects:   3% (17/534)
lint_format_analyze_test	Checkout code	2025-07-31T11:56:50.7231307Z Receiving objects:   4% (22/534)
lint_format_analyze_test	Checkout code	2025-07-31T11:56:50.7232243Z Receiving objects:   5% (27/534)
lint_format_analyze_test	Checkout code	2025-07-31T11:56:50.7233166Z Receiving objects:   6% (33/534)
lint_format_analyze_test	Checkout code	2025-07-31T11:56:50.7234081Z Receiving objects:   7% (38/534)
lint_format_analyze_test	Checkout code	2025-07-31T11:56:50.7235356Z Receiving objects:   8% (43/534)
lint_format_analyze_test	Checkout code	2025-07-31T11:56:50.7241982Z Receiving objects:   9% (49/534)
lint_format_analyze_test	Checkout code	2025-07-31T11:56:50.7247156Z Receiving objects:  10% (54/534)
lint_format_analyze_test	Checkout code	2025-07-31T11:56:50.7249948Z Receiving objects:  11% (59/534)
lint_format_analyze_test	Checkout code	2025-07-31T11:56:50.7253570Z Receiving objects:  12% (65/534)
lint_format_analyze_test	Checkout code	2025-07-31T11:56:50.7262943Z Receiving objects:  13% (70/534)
lint_format_analyze_test	Checkout code	2025-07-31T11:56:50.7265647Z Receiving objects:  14% (75/534)
lint_format_analyze_test	Checkout code	2025-07-31T11:56:50.7273517Z Receiving objects:  15% (81/534)
lint_format_analyze_test	Checkout code	2025-07-31T11:56:50.7275154Z Receiving objects:  16% (86/534)
lint_format_analyze_test	Checkout code	2025-07-31T11:56:50.7276657Z Receiving objects:  17% (91/534)
lint_format_analyze_test	Checkout code	2025-07-31T11:56:50.7278505Z Receiving objects:  18% (97/534)
lint_format_analyze_test	Checkout code	2025-07-31T11:56:50.7279881Z Receiving objects:  19% (102/534)
lint_format_analyze_test	Checkout code	2025-07-31T11:56:50.7281248Z Receiving objects:  20% (107/534)
lint_format_analyze_test	Checkout code	2025-07-31T11:56:50.7282413Z Receiving objects:  21% (113/534)
lint_format_analyze_test	Checkout code	2025-07-31T11:56:50.7283653Z Receiving objects:  22% (118/534)
lint_format_analyze_test	Checkout code	2025-07-31T11:56:50.7284727Z Receiving objects:  23% (123/534)
lint_format_analyze_test	Checkout code	2025-07-31T11:56:50.7285690Z Receiving objects:  24% (129/534)
lint_format_analyze_test	Checkout code	2025-07-31T11:56:50.7528131Z Receiving objects:  25% (134/534)
lint_format_analyze_test	Checkout code	2025-07-31T11:56:50.7841450Z Receiving objects:  26% (139/534)
lint_format_analyze_test	Checkout code	2025-07-31T11:56:50.7906085Z Receiving objects:  27% (145/534)
lint_format_analyze_test	Checkout code	2025-07-31T11:56:50.7907754Z Receiving objects:  28% (150/534)
lint_format_analyze_test	Checkout code	2025-07-31T11:56:50.7909336Z Receiving objects:  29% (155/534)
lint_format_analyze_test	Checkout code	2025-07-31T11:56:50.7910804Z Receiving objects:  30% (161/534)
lint_format_analyze_test	Checkout code	2025-07-31T11:56:50.7912691Z Receiving objects:  31% (166/534)
lint_format_analyze_test	Checkout code	2025-07-31T11:56:50.7922666Z Receiving objects:  32% (171/534)
lint_format_analyze_test	Checkout code	2025-07-31T11:56:50.7925269Z Receiving objects:  33% (177/534)
lint_format_analyze_test	Checkout code	2025-07-31T11:56:50.7926655Z Receiving objects:  34% (182/534)
lint_format_analyze_test	Checkout code	2025-07-31T11:56:50.7928085Z Receiving objects:  35% (187/534)
lint_format_analyze_test	Checkout code	2025-07-31T11:56:50.7929407Z Receiving objects:  36% (193/534)
lint_format_analyze_test	Checkout code	2025-07-31T11:56:50.7930913Z Receiving objects:  37% (198/534)
lint_format_analyze_test	Checkout code	2025-07-31T11:56:50.7932235Z Receiving objects:  38% (203/534)
lint_format_analyze_test	Checkout code	2025-07-31T11:56:50.7933567Z Receiving objects:  39% (209/534)
lint_format_analyze_test	Checkout code	2025-07-31T11:56:50.7934692Z Receiving objects:  40% (214/534)
lint_format_analyze_test	Checkout code	2025-07-31T11:56:50.7935736Z Receiving objects:  41% (219/534)
lint_format_analyze_test	Checkout code	2025-07-31T11:56:50.7939938Z Receiving objects:  42% (225/534)
lint_format_analyze_test	Checkout code	2025-07-31T11:56:50.7941928Z Receiving objects:  43% (230/534)
lint_format_analyze_test	Checkout code	2025-07-31T11:56:50.7944254Z Receiving objects:  44% (235/534)
lint_format_analyze_test	Checkout code	2025-07-31T11:56:50.7947621Z Receiving objects:  45% (241/534)
lint_format_analyze_test	Checkout code	2025-07-31T11:56:50.7954252Z Receiving objects:  46% (246/534)
lint_format_analyze_test	Checkout code	2025-07-31T11:56:50.7956515Z Receiving objects:  47% (251/534)
lint_format_analyze_test	Checkout code	2025-07-31T11:56:50.7959326Z Receiving objects:  48% (257/534)
lint_format_analyze_test	Checkout code	2025-07-31T11:56:50.7968613Z Receiving objects:  49% (262/534)
lint_format_analyze_test	Checkout code	2025-07-31T11:56:50.7974596Z Receiving objects:  50% (267/534)
lint_format_analyze_test	Checkout code	2025-07-31T11:56:50.7984234Z Receiving objects:  51% (273/534)
lint_format_analyze_test	Checkout code	2025-07-31T11:56:50.7988542Z Receiving objects:  52% (278/534)
lint_format_analyze_test	Checkout code	2025-07-31T11:56:50.7994757Z Receiving objects:  53% (284/534)
lint_format_analyze_test	Checkout code	2025-07-31T11:56:50.7999183Z Receiving objects:  54% (289/534)
lint_format_analyze_test	Checkout code	2025-07-31T11:56:50.8000911Z Receiving objects:  55% (294/534)
lint_format_analyze_test	Checkout code	2025-07-31T11:56:50.8003458Z Receiving objects:  56% (300/534)
lint_format_analyze_test	Checkout code	2025-07-31T11:56:50.8006245Z Receiving objects:  57% (305/534)
lint_format_analyze_test	Checkout code	2025-07-31T11:56:50.8012318Z Receiving objects:  58% (310/534)
lint_format_analyze_test	Checkout code	2025-07-31T11:56:50.8014247Z Receiving objects:  59% (316/534)
lint_format_analyze_test	Checkout code	2025-07-31T11:56:50.8017321Z Receiving objects:  60% (321/534)
lint_format_analyze_test	Checkout code	2025-07-31T11:56:50.8022065Z Receiving objects:  61% (326/534)
lint_format_analyze_test	Checkout code	2025-07-31T11:56:50.8023352Z Receiving objects:  62% (332/534)
lint_format_analyze_test	Checkout code	2025-07-31T11:56:50.8024548Z Receiving objects:  63% (337/534)
lint_format_analyze_test	Checkout code	2025-07-31T11:56:50.8025843Z Receiving objects:  64% (342/534)
lint_format_analyze_test	Checkout code	2025-07-31T11:56:50.8027014Z Receiving objects:  65% (348/534)
lint_format_analyze_test	Checkout code	2025-07-31T11:56:50.8028491Z Receiving objects:  66% (353/534)
lint_format_analyze_test	Checkout code	2025-07-31T11:56:50.8029666Z Receiving objects:  67% (358/534)
lint_format_analyze_test	Checkout code	2025-07-31T11:56:50.8031023Z Receiving objects:  68% (364/534)
lint_format_analyze_test	Checkout code	2025-07-31T11:56:50.8032207Z Receiving objects:  69% (369/534)
lint_format_analyze_test	Checkout code	2025-07-31T11:56:50.8034954Z Receiving objects:  70% (374/534)
lint_format_analyze_test	Checkout code	2025-07-31T11:56:50.8038198Z Receiving objects:  71% (380/534)
lint_format_analyze_test	Checkout code	2025-07-31T11:56:50.8040511Z Receiving objects:  72% (385/534)
lint_format_analyze_test	Checkout code	2025-07-31T11:56:50.8042292Z Receiving objects:  73% (390/534)
lint_format_analyze_test	Checkout code	2025-07-31T11:56:50.8043511Z Receiving objects:  74% (396/534)
lint_format_analyze_test	Checkout code	2025-07-31T11:56:50.8061636Z Receiving objects:  75% (401/534)
lint_format_analyze_test	Checkout code	2025-07-31T11:56:50.8063720Z Receiving objects:  76% (406/534)
lint_format_analyze_test	Checkout code	2025-07-31T11:56:50.8064687Z Receiving objects:  77% (412/534)
lint_format_analyze_test	Checkout code	2025-07-31T11:56:50.8065724Z Receiving objects:  78% (417/534)
lint_format_analyze_test	Checkout code	2025-07-31T11:56:50.8066736Z Receiving objects:  79% (422/534)
lint_format_analyze_test	Checkout code	2025-07-31T11:56:50.8067668Z Receiving objects:  80% (428/534)
lint_format_analyze_test	Checkout code	2025-07-31T11:56:50.8068594Z Receiving objects:  81% (433/534)
lint_format_analyze_test	Checkout code	2025-07-31T11:56:50.8069716Z Receiving objects:  82% (438/534)
lint_format_analyze_test	Checkout code	2025-07-31T11:56:50.8070936Z Receiving objects:  83% (444/534)
lint_format_analyze_test	Checkout code	2025-07-31T11:56:50.8071910Z Receiving objects:  84% (449/534)
lint_format_analyze_test	Checkout code	2025-07-31T11:56:50.8072928Z Receiving objects:  85% (454/534)
lint_format_analyze_test	Checkout code	2025-07-31T11:56:50.8074020Z Receiving objects:  86% (460/534)
lint_format_analyze_test	Checkout code	2025-07-31T11:56:50.8075001Z Receiving objects:  87% (465/534)
lint_format_analyze_test	Checkout code	2025-07-31T11:56:50.8075995Z Receiving objects:  88% (470/534)
lint_format_analyze_test	Checkout code	2025-07-31T11:56:50.8076897Z Receiving objects:  89% (476/534)
lint_format_analyze_test	Checkout code	2025-07-31T11:56:50.8078089Z Receiving objects:  90% (481/534)
lint_format_analyze_test	Checkout code	2025-07-31T11:56:50.8078997Z Receiving objects:  91% (486/534)
lint_format_analyze_test	Checkout code	2025-07-31T11:56:50.8079882Z Receiving objects:  92% (492/534)
lint_format_analyze_test	Checkout code	2025-07-31T11:56:50.8081412Z remote: Total 534 (delta 124), reused 299 (delta 68), pack-reused 0 (from 0)        
lint_format_analyze_test	Checkout code	2025-07-31T11:56:50.8082895Z Receiving objects:  93% (497/534)
lint_format_analyze_test	Checkout code	2025-07-31T11:56:50.8083824Z Receiving objects:  94% (502/534)
lint_format_analyze_test	Checkout code	2025-07-31T11:56:50.8084750Z Receiving objects:  95% (508/534)
lint_format_analyze_test	Checkout code	2025-07-31T11:56:50.8085646Z Receiving objects:  96% (513/534)
lint_format_analyze_test	Checkout code	2025-07-31T11:56:50.8086628Z Receiving objects:  97% (518/534)
lint_format_analyze_test	Checkout code	2025-07-31T11:56:50.8087413Z Receiving objects:  98% (524/534)
lint_format_analyze_test	Checkout code	2025-07-31T11:56:50.8090966Z Receiving objects:  99% (529/534)
lint_format_analyze_test	Checkout code	2025-07-31T11:56:50.8091961Z Receiving objects: 100% (534/534)
lint_format_analyze_test	Checkout code	2025-07-31T11:56:50.8093233Z Receiving objects: 100% (534/534), 1.21 MiB | 13.13 MiB/s, done.
lint_format_analyze_test	Checkout code	2025-07-31T11:56:50.8094843Z Resolving deltas:   0% (0/124)
lint_format_analyze_test	Checkout code	2025-07-31T11:56:50.8095841Z Resolving deltas:   1% (2/124)
lint_format_analyze_test	Checkout code	2025-07-31T11:56:50.8101452Z Resolving deltas:   3% (4/124)
lint_format_analyze_test	Checkout code	2025-07-31T11:56:50.8102505Z Resolving deltas:   4% (5/124)
lint_format_analyze_test	Checkout code	2025-07-31T11:56:50.8110296Z Resolving deltas:   5% (7/124)
lint_format_analyze_test	Checkout code	2025-07-31T11:56:50.8111379Z Resolving deltas:   6% (8/124)
lint_format_analyze_test	Checkout code	2025-07-31T11:56:50.8112312Z Resolving deltas:   7% (9/124)
lint_format_analyze_test	Checkout code	2025-07-31T11:56:50.8113188Z Resolving deltas:   8% (10/124)
lint_format_analyze_test	Checkout code	2025-07-31T11:56:50.8114076Z Resolving deltas:   9% (12/124)
lint_format_analyze_test	Checkout code	2025-07-31T11:56:50.8115079Z Resolving deltas:  10% (13/124)
lint_format_analyze_test	Checkout code	2025-07-31T11:56:50.8116051Z Resolving deltas:  11% (14/124)
lint_format_analyze_test	Checkout code	2025-07-31T11:56:50.8116938Z Resolving deltas:  12% (15/124)
lint_format_analyze_test	Checkout code	2025-07-31T11:56:50.8117901Z Resolving deltas:  13% (17/124)
lint_format_analyze_test	Checkout code	2025-07-31T11:56:50.8118791Z Resolving deltas:  15% (19/124)
lint_format_analyze_test	Checkout code	2025-07-31T11:56:50.8119681Z Resolving deltas:  16% (20/124)
lint_format_analyze_test	Checkout code	2025-07-31T11:56:50.8120727Z Resolving deltas:  17% (22/124)
lint_format_analyze_test	Checkout code	2025-07-31T11:56:50.8121618Z Resolving deltas:  18% (23/124)
lint_format_analyze_test	Checkout code	2025-07-31T11:56:50.8122489Z Resolving deltas:  19% (24/124)
lint_format_analyze_test	Checkout code	2025-07-31T11:56:50.8123372Z Resolving deltas:  20% (25/124)
lint_format_analyze_test	Checkout code	2025-07-31T11:56:50.8124363Z Resolving deltas:  21% (27/124)
lint_format_analyze_test	Checkout code	2025-07-31T11:56:50.8125290Z Resolving deltas:  22% (28/124)
lint_format_analyze_test	Checkout code	2025-07-31T11:56:50.8126310Z Resolving deltas:  23% (29/124)
lint_format_analyze_test	Checkout code	2025-07-31T11:56:50.8127206Z Resolving deltas:  24% (30/124)
lint_format_analyze_test	Checkout code	2025-07-31T11:56:50.8128072Z Resolving deltas:  25% (31/124)
lint_format_analyze_test	Checkout code	2025-07-31T11:56:50.8128947Z Resolving deltas:  26% (33/124)
lint_format_analyze_test	Checkout code	2025-07-31T11:56:50.8129826Z Resolving deltas:  27% (34/124)
lint_format_analyze_test	Checkout code	2025-07-31T11:56:50.8130869Z Resolving deltas:  29% (36/124)
lint_format_analyze_test	Checkout code	2025-07-31T11:56:50.8132064Z Resolving deltas:  30% (38/124)
lint_format_analyze_test	Checkout code	2025-07-31T11:56:50.8132925Z Resolving deltas:  31% (39/124)
lint_format_analyze_test	Checkout code	2025-07-31T11:56:50.8133795Z Resolving deltas:  32% (40/124)
lint_format_analyze_test	Checkout code	2025-07-31T11:56:50.8134652Z Resolving deltas:  33% (41/124)
lint_format_analyze_test	Checkout code	2025-07-31T11:56:50.8135525Z Resolving deltas:  34% (43/124)
lint_format_analyze_test	Checkout code	2025-07-31T11:56:50.8136429Z Resolving deltas:  35% (44/124)
lint_format_analyze_test	Checkout code	2025-07-31T11:56:50.8137312Z Resolving deltas:  37% (46/124)
lint_format_analyze_test	Checkout code	2025-07-31T11:56:50.8138196Z Resolving deltas:  38% (48/124)
lint_format_analyze_test	Checkout code	2025-07-31T11:56:50.8139057Z Resolving deltas:  39% (49/124)
lint_format_analyze_test	Checkout code	2025-07-31T11:56:50.8139958Z Resolving deltas:  40% (50/124)
lint_format_analyze_test	Checkout code	2025-07-31T11:56:50.8141023Z Resolving deltas:  41% (51/124)
lint_format_analyze_test	Checkout code	2025-07-31T11:56:50.8141910Z Resolving deltas:  42% (53/124)
lint_format_analyze_test	Checkout code	2025-07-31T11:56:50.8142789Z Resolving deltas:  43% (54/124)
lint_format_analyze_test	Checkout code	2025-07-31T11:56:50.8143703Z Resolving deltas:  44% (55/124)
lint_format_analyze_test	Checkout code	2025-07-31T11:56:50.8144689Z Resolving deltas:  45% (56/124)
lint_format_analyze_test	Checkout code	2025-07-31T11:56:50.8145717Z Resolving deltas:  47% (59/124)
lint_format_analyze_test	Checkout code	2025-07-31T11:56:50.8146702Z Resolving deltas:  48% (60/124)
lint_format_analyze_test	Checkout code	2025-07-31T11:56:50.8147614Z Resolving deltas:  49% (61/124)
lint_format_analyze_test	Checkout code	2025-07-31T11:56:50.8148488Z Resolving deltas:  50% (62/124)
lint_format_analyze_test	Checkout code	2025-07-31T11:56:50.8149388Z Resolving deltas:  51% (64/124)
lint_format_analyze_test	Checkout code	2025-07-31T11:56:50.8150491Z Resolving deltas:  52% (65/124)
lint_format_analyze_test	Checkout code	2025-07-31T11:56:50.8151410Z Resolving deltas:  54% (67/124)
lint_format_analyze_test	Checkout code	2025-07-31T11:56:50.8152276Z Resolving deltas:  55% (69/124)
lint_format_analyze_test	Checkout code	2025-07-31T11:56:50.8153122Z Resolving deltas:  56% (70/124)
lint_format_analyze_test	Checkout code	2025-07-31T11:56:50.8153975Z Resolving deltas:  58% (72/124)
lint_format_analyze_test	Checkout code	2025-07-31T11:56:50.8154843Z Resolving deltas:  59% (74/124)
lint_format_analyze_test	Checkout code	2025-07-31T11:56:50.8155964Z Resolving deltas:  61% (76/124)
lint_format_analyze_test	Checkout code	2025-07-31T11:56:50.8156852Z Resolving deltas:  62% (77/124)
lint_format_analyze_test	Checkout code	2025-07-31T11:56:50.8157724Z Resolving deltas:  63% (79/124)
lint_format_analyze_test	Checkout code	2025-07-31T11:56:50.8158604Z Resolving deltas:  64% (80/124)
lint_format_analyze_test	Checkout code	2025-07-31T11:56:50.8159469Z Resolving deltas:  65% (81/124)
lint_format_analyze_test	Checkout code	2025-07-31T11:56:50.8160500Z Resolving deltas:  66% (82/124)
lint_format_analyze_test	Checkout code	2025-07-31T11:56:50.8161365Z Resolving deltas:  67% (84/124)
lint_format_analyze_test	Checkout code	2025-07-31T11:56:50.8162223Z Resolving deltas:  68% (85/124)
lint_format_analyze_test	Checkout code	2025-07-31T11:56:50.8163085Z Resolving deltas:  69% (86/124)
lint_format_analyze_test	Checkout code	2025-07-31T11:56:50.8163935Z Resolving deltas:  70% (87/124)
lint_format_analyze_test	Checkout code	2025-07-31T11:56:50.8164825Z Resolving deltas:  71% (89/124)
lint_format_analyze_test	Checkout code	2025-07-31T11:56:50.8165669Z Resolving deltas:  72% (90/124)
lint_format_analyze_test	Checkout code	2025-07-31T11:56:50.8166522Z Resolving deltas:  73% (91/124)
lint_format_analyze_test	Checkout code	2025-07-31T11:56:50.8167415Z Resolving deltas:  74% (92/124)
lint_format_analyze_test	Checkout code	2025-07-31T11:56:50.8168321Z Resolving deltas:  75% (93/124)
lint_format_analyze_test	Checkout code	2025-07-31T11:56:50.8169191Z Resolving deltas:  76% (95/124)
lint_format_analyze_test	Checkout code	2025-07-31T11:56:50.8170225Z Resolving deltas:  77% (96/124)
lint_format_analyze_test	Checkout code	2025-07-31T11:56:50.8170879Z Resolving deltas:  78% (97/124)
lint_format_analyze_test	Checkout code	2025-07-31T11:56:50.8171424Z Resolving deltas:  79% (98/124)
lint_format_analyze_test	Checkout code	2025-07-31T11:56:50.8171956Z Resolving deltas:  80% (100/124)
lint_format_analyze_test	Checkout code	2025-07-31T11:56:50.8172562Z Resolving deltas:  81% (101/124)
lint_format_analyze_test	Checkout code	2025-07-31T11:56:50.8173184Z Resolving deltas:  82% (102/124)
lint_format_analyze_test	Checkout code	2025-07-31T11:56:50.8173727Z Resolving deltas:  83% (103/124)
lint_format_analyze_test	Checkout code	2025-07-31T11:56:50.8174263Z Resolving deltas:  84% (105/124)
lint_format_analyze_test	Checkout code	2025-07-31T11:56:50.8174785Z Resolving deltas:  85% (106/124)
lint_format_analyze_test	Checkout code	2025-07-31T11:56:50.8175334Z Resolving deltas:  86% (107/124)
lint_format_analyze_test	Checkout code	2025-07-31T11:56:50.8175870Z Resolving deltas:  87% (109/124)
lint_format_analyze_test	Checkout code	2025-07-31T11:56:50.8176405Z Resolving deltas:  88% (110/124)
lint_format_analyze_test	Checkout code	2025-07-31T11:56:50.8176938Z Resolving deltas:  89% (111/124)
lint_format_analyze_test	Checkout code	2025-07-31T11:56:50.8177464Z Resolving deltas:  90% (112/124)
lint_format_analyze_test	Checkout code	2025-07-31T11:56:50.8178001Z Resolving deltas:  91% (113/124)
lint_format_analyze_test	Checkout code	2025-07-31T11:56:50.8178523Z Resolving deltas:  93% (116/124)
lint_format_analyze_test	Checkout code	2025-07-31T11:56:50.8179050Z Resolving deltas:  94% (117/124)
lint_format_analyze_test	Checkout code	2025-07-31T11:56:50.8179582Z Resolving deltas:  95% (118/124)
lint_format_analyze_test	Checkout code	2025-07-31T11:56:50.8180349Z Resolving deltas:  96% (120/124)
lint_format_analyze_test	Checkout code	2025-07-31T11:56:50.8180901Z Resolving deltas:  98% (122/124)
lint_format_analyze_test	Checkout code	2025-07-31T11:56:50.8181456Z Resolving deltas:  99% (123/124)
lint_format_analyze_test	Checkout code	2025-07-31T11:56:50.8181989Z Resolving deltas: 100% (124/124)
lint_format_analyze_test	Checkout code	2025-07-31T11:56:50.8182526Z Resolving deltas: 100% (124/124), done.
lint_format_analyze_test	Checkout code	2025-07-31T11:56:50.8333372Z From https://github.com/jacobdam/gh3
lint_format_analyze_test	Checkout code	2025-07-31T11:56:50.8334816Z  * [new ref]         a497130b2abd0b036f4d4db0da34a282b7af497d -> pull/2/merge
lint_format_analyze_test	Checkout code	2025-07-31T11:56:50.8361664Z ##[endgroup]
lint_format_analyze_test	Checkout code	2025-07-31T11:56:50.8362727Z ##[group]Determining the checkout info
lint_format_analyze_test	Checkout code	2025-07-31T11:56:50.8364287Z ##[endgroup]
lint_format_analyze_test	Checkout code	2025-07-31T11:56:50.8365286Z ##[group]Checking out the ref
lint_format_analyze_test	Checkout code	2025-07-31T11:56:50.8369729Z [command]/usr/bin/git checkout --progress --force refs/remotes/pull/2/merge
lint_format_analyze_test	Checkout code	2025-07-31T11:56:50.8847793Z Note: switching to 'refs/remotes/pull/2/merge'.
lint_format_analyze_test	Checkout code	2025-07-31T11:56:50.8849235Z 
lint_format_analyze_test	Checkout code	2025-07-31T11:56:50.8850477Z You are in 'detached HEAD' state. You can look around, make experimental
lint_format_analyze_test	Checkout code	2025-07-31T11:56:50.8852465Z changes and commit them, and you can discard any commits you make in this
lint_format_analyze_test	Checkout code	2025-07-31T11:56:50.8853915Z state without impacting any branches by switching back to a branch.
lint_format_analyze_test	Checkout code	2025-07-31T11:56:50.8854758Z 
lint_format_analyze_test	Checkout code	2025-07-31T11:56:50.8855309Z If you want to create a new branch to retain commits you create, you may
lint_format_analyze_test	Checkout code	2025-07-31T11:56:50.8857171Z do so (now or later) by using -c with the switch command. Example:
lint_format_analyze_test	Checkout code	2025-07-31T11:56:50.8857974Z 
lint_format_analyze_test	Checkout code	2025-07-31T11:56:50.8858347Z   git switch -c <new-branch-name>
lint_format_analyze_test	Checkout code	2025-07-31T11:56:50.8858872Z 
lint_format_analyze_test	Checkout code	2025-07-31T11:56:50.8859164Z Or undo this operation with:
lint_format_analyze_test	Checkout code	2025-07-31T11:56:50.8859684Z 
lint_format_analyze_test	Checkout code	2025-07-31T11:56:50.8859949Z   git switch -
lint_format_analyze_test	Checkout code	2025-07-31T11:56:50.8860562Z 
lint_format_analyze_test	Checkout code	2025-07-31T11:56:50.8861250Z Turn off this advice by setting config variable advice.detachedHead to false
lint_format_analyze_test	Checkout code	2025-07-31T11:56:50.8862251Z 
lint_format_analyze_test	Checkout code	2025-07-31T11:56:50.8863396Z HEAD is now at a497130 Merge 8fedfa79bd3a6daef2ab341c051725a14bbc652a into 5f90556513f35270cdaa71a1235f462ec92a7394
lint_format_analyze_test	Checkout code	2025-07-31T11:56:50.8867408Z ##[endgroup]
lint_format_analyze_test	Checkout code	2025-07-31T11:56:50.8896016Z [command]/usr/bin/git log -1 --format='%H'
lint_format_analyze_test	Checkout code	2025-07-31T11:56:50.8917058Z 'a497130b2abd0b036f4d4db0da34a282b7af497d'
lint_format_analyze_test	Setup Flutter	﻿2025-07-31T11:56:50.9377583Z ##[group]Run subosito/flutter-action@v2
lint_format_analyze_test	Setup Flutter	2025-07-31T11:56:50.9378784Z with:
lint_format_analyze_test	Setup Flutter	2025-07-31T11:56:50.9379562Z   channel: stable
lint_format_analyze_test	Setup Flutter	2025-07-31T11:56:50.9380694Z   cache: true
lint_format_analyze_test	Setup Flutter	2025-07-31T11:56:50.9381522Z   architecture: X64
lint_format_analyze_test	Setup Flutter	2025-07-31T11:56:50.9382425Z   pub-cache-path: default
lint_format_analyze_test	Setup Flutter	2025-07-31T11:56:50.9383372Z   dry-run: false
lint_format_analyze_test	Setup Flutter	2025-07-31T11:56:50.9384402Z   git-source: https://github.com/flutter/flutter.git
lint_format_analyze_test	Setup Flutter	2025-07-31T11:56:50.9385638Z ##[endgroup]
lint_format_analyze_test	Setup Flutter	2025-07-31T11:56:50.9519031Z ##[group]Run chmod +x "$GITHUB_ACTION_PATH/setup.sh"
lint_format_analyze_test	Setup Flutter	2025-07-31T11:56:50.9520582Z [36;1mchmod +x "$GITHUB_ACTION_PATH/setup.sh"[0m
lint_format_analyze_test	Setup Flutter	2025-07-31T11:56:50.9554199Z shell: /usr/bin/bash --noprofile --norc -e -o pipefail {0}
lint_format_analyze_test	Setup Flutter	2025-07-31T11:56:50.9555502Z ##[endgroup]
lint_format_analyze_test	Setup Flutter	2025-07-31T11:56:50.9721648Z ##[group]Run $GITHUB_ACTION_PATH/setup.sh -p \
lint_format_analyze_test	Setup Flutter	2025-07-31T11:56:50.9722968Z [36;1m$GITHUB_ACTION_PATH/setup.sh -p \[0m
lint_format_analyze_test	Setup Flutter	2025-07-31T11:56:50.9724043Z [36;1m  -n '' \[0m
lint_format_analyze_test	Setup Flutter	2025-07-31T11:56:50.9724842Z [36;1m  -f '' \[0m
lint_format_analyze_test	Setup Flutter	2025-07-31T11:56:50.9725635Z [36;1m  -a 'X64' \[0m
lint_format_analyze_test	Setup Flutter	2025-07-31T11:56:50.9726497Z [36;1m  -k '' \[0m
lint_format_analyze_test	Setup Flutter	2025-07-31T11:56:50.9727307Z [36;1m  -c '' \[0m
lint_format_analyze_test	Setup Flutter	2025-07-31T11:56:50.9728084Z [36;1m  -l '' \[0m
lint_format_analyze_test	Setup Flutter	2025-07-31T11:56:50.9728890Z [36;1m  -d 'default' \[0m
lint_format_analyze_test	Setup Flutter	2025-07-31T11:56:50.9730217Z [36;1m  -g 'https://github.com/flutter/flutter.git' \[0m
lint_format_analyze_test	Setup Flutter	2025-07-31T11:56:50.9731544Z [36;1m  stable[0m
lint_format_analyze_test	Setup Flutter	2025-07-31T11:56:50.9758804Z shell: /usr/bin/bash --noprofile --norc -e -o pipefail {0}
lint_format_analyze_test	Setup Flutter	2025-07-31T11:56:50.9760271Z ##[endgroup]
lint_format_analyze_test	Setup Flutter	2025-07-31T11:56:51.1531405Z ##[group]Run actions/cache@v4
lint_format_analyze_test	Setup Flutter	2025-07-31T11:56:51.1532360Z with:
lint_format_analyze_test	Setup Flutter	2025-07-31T11:56:51.1533244Z   path: /opt/hostedtoolcache/flutter/stable-3.32.8-x64
lint_format_analyze_test	Setup Flutter	2025-07-31T11:56:51.1534939Z   key: flutter-linux-stable-3.32.8-x64-edada7c56edf4a183c1735310e123c7f923584f1
lint_format_analyze_test	Setup Flutter	2025-07-31T11:56:51.1537202Z   enableCrossOsArchive: false
lint_format_analyze_test	Setup Flutter	2025-07-31T11:56:51.1539036Z   fail-on-cache-miss: false
lint_format_analyze_test	Setup Flutter	2025-07-31T11:56:51.1540917Z   lookup-only: false
lint_format_analyze_test	Setup Flutter	2025-07-31T11:56:51.1542459Z   save-always: false
lint_format_analyze_test	Setup Flutter	2025-07-31T11:56:51.1543946Z ##[endgroup]
lint_format_analyze_test	Setup Flutter	2025-07-31T11:56:51.4362522Z Cache hit for: flutter-linux-stable-3.32.8-x64-edada7c56edf4a183c1735310e123c7f923584f1
lint_format_analyze_test	Setup Flutter	2025-07-31T11:56:52.4813028Z Received 213909504 of 1567726055 (13.6%), 203.0 MBs/sec
lint_format_analyze_test	Setup Flutter	2025-07-31T11:56:53.4822783Z Received 436207616 of 1567726055 (27.8%), 207.4 MBs/sec
lint_format_analyze_test	Setup Flutter	2025-07-31T11:56:54.5468560Z Received 671088640 of 1567726055 (42.8%), 208.4 MBs/sec
lint_format_analyze_test	Setup Flutter	2025-07-31T11:56:55.6045113Z Received 939524096 of 1567726055 (59.9%), 217.1 MBs/sec
lint_format_analyze_test	Setup Flutter	2025-07-31T11:56:56.6111394Z Received 1191182336 of 1567726055 (76.0%), 221.2 MBs/sec
lint_format_analyze_test	Setup Flutter	2025-07-31T11:56:57.6110235Z Received 1392508928 of 1567726055 (88.8%), 216.5 MBs/sec
lint_format_analyze_test	Setup Flutter	2025-07-31T11:56:58.3716249Z Received 1567726055 of 1567726055 (100.0%), 216.8 MBs/sec
lint_format_analyze_test	Setup Flutter	2025-07-31T11:56:58.3719478Z Cache Size: ~1495 MB (1567726055 B)
lint_format_analyze_test	Setup Flutter	2025-07-31T11:56:58.3774897Z [command]/usr/bin/tar -xf /home/runner/work/_temp/bfa6a2f4-86d7-4a43-af6f-f609d1e86ebd/cache.tzst -P -C /home/runner/work/gh3/gh3 --use-compress-program unzstd
lint_format_analyze_test	Setup Flutter	2025-07-31T11:57:02.9754883Z Cache restored successfully
lint_format_analyze_test	Setup Flutter	2025-07-31T11:57:03.2699777Z Cache restored from key: flutter-linux-stable-3.32.8-x64-edada7c56edf4a183c1735310e123c7f923584f1
lint_format_analyze_test	Setup Flutter	2025-07-31T11:57:03.4061612Z ##[group]Run actions/cache@v4
lint_format_analyze_test	Setup Flutter	2025-07-31T11:57:03.4062270Z with:
lint_format_analyze_test	Setup Flutter	2025-07-31T11:57:03.4062799Z   path: /home/runner/.pub-cache
lint_format_analyze_test	Setup Flutter	2025-07-31T11:57:03.4064658Z   key: flutter-pub-linux-stable-3.32.8-x64-edada7c56edf4a183c1735310e123c7f923584f1-1842e3a4ef497fc7b644b99ab937cd048add85b1dab85848172ccb1affd7b224
lint_format_analyze_test	Setup Flutter	2025-07-31T11:57:03.4066700Z   enableCrossOsArchive: false
lint_format_analyze_test	Setup Flutter	2025-07-31T11:57:03.4067241Z   fail-on-cache-miss: false
lint_format_analyze_test	Setup Flutter	2025-07-31T11:57:03.4067800Z   lookup-only: false
lint_format_analyze_test	Setup Flutter	2025-07-31T11:57:03.4068271Z   save-always: false
lint_format_analyze_test	Setup Flutter	2025-07-31T11:57:03.4068700Z ##[endgroup]
lint_format_analyze_test	Setup Flutter	2025-07-31T11:57:03.6317571Z Cache hit for: flutter-pub-linux-stable-3.32.8-x64-edada7c56edf4a183c1735310e123c7f923584f1-1842e3a4ef497fc7b644b99ab937cd048add85b1dab85848172ccb1affd7b224
lint_format_analyze_test	Setup Flutter	2025-07-31T11:57:04.0902860Z Received 51665656 of 51665656 (100.0%), 124.4 MBs/sec
lint_format_analyze_test	Setup Flutter	2025-07-31T11:57:04.0904389Z Cache Size: ~49 MB (51665656 B)
lint_format_analyze_test	Setup Flutter	2025-07-31T11:57:04.0932999Z [command]/usr/bin/tar -xf /home/runner/work/_temp/1728b65a-a3c1-4044-86fe-563f1e0a6515/cache.tzst -P -C /home/runner/work/gh3/gh3 --use-compress-program unzstd
lint_format_analyze_test	Setup Flutter	2025-07-31T11:57:04.9146595Z Cache restored successfully
lint_format_analyze_test	Setup Flutter	2025-07-31T11:57:04.9356459Z Cache restored from key: flutter-pub-linux-stable-3.32.8-x64-edada7c56edf4a183c1735310e123c7f923584f1-1842e3a4ef497fc7b644b99ab937cd048add85b1dab85848172ccb1affd7b224
lint_format_analyze_test	Setup Flutter	2025-07-31T11:57:04.9491243Z ##[group]Run $GITHUB_ACTION_PATH/setup.sh \
lint_format_analyze_test	Setup Flutter	2025-07-31T11:57:04.9491672Z [36;1m$GITHUB_ACTION_PATH/setup.sh \[0m
lint_format_analyze_test	Setup Flutter	2025-07-31T11:57:04.9492009Z [36;1m  -n '3.32.8' \[0m
lint_format_analyze_test	Setup Flutter	2025-07-31T11:57:04.9492308Z [36;1m  -a 'x64' \[0m
lint_format_analyze_test	Setup Flutter	2025-07-31T11:57:04.9492891Z [36;1m  -c '/opt/hostedtoolcache/flutter/stable-3.32.8-x64' \[0m
lint_format_analyze_test	Setup Flutter	2025-07-31T11:57:04.9493789Z [36;1m  -d '/home/runner/.pub-cache' \[0m
lint_format_analyze_test	Setup Flutter	2025-07-31T11:57:04.9494209Z [36;1m  stable[0m
lint_format_analyze_test	Setup Flutter	2025-07-31T11:57:04.9524379Z shell: /usr/bin/bash --noprofile --norc -e -o pipefail {0}
lint_format_analyze_test	Setup Flutter	2025-07-31T11:57:04.9524872Z ##[endgroup]
lint_format_analyze_test	Install dependencies	﻿2025-07-31T11:57:05.1261984Z ##[group]Run flutter pub get
lint_format_analyze_test	Install dependencies	2025-07-31T11:57:05.1262376Z [36;1mflutter pub get[0m
lint_format_analyze_test	Install dependencies	2025-07-31T11:57:05.1295340Z shell: /usr/bin/bash -e {0}
lint_format_analyze_test	Install dependencies	2025-07-31T11:57:05.1295650Z env:
lint_format_analyze_test	Install dependencies	2025-07-31T11:57:05.1295989Z   FLUTTER_ROOT: /opt/hostedtoolcache/flutter/stable-3.32.8-x64
lint_format_analyze_test	Install dependencies	2025-07-31T11:57:05.1296483Z   PUB_CACHE: /home/runner/.pub-cache
lint_format_analyze_test	Install dependencies	2025-07-31T11:57:05.1296835Z ##[endgroup]
lint_format_analyze_test	Install dependencies	2025-07-31T11:57:05.6688594Z Resolving dependencies...
lint_format_analyze_test	Install dependencies	2025-07-31T11:57:06.2096037Z Downloading packages...
lint_format_analyze_test	Install dependencies	2025-07-31T11:57:06.3858451Z   _fe_analyzer_shared 85.0.0 (86.0.0 available)
lint_format_analyze_test	Install dependencies	2025-07-31T11:57:06.3859327Z   analyzer 7.7.1 (8.0.0 available)
lint_format_analyze_test	Install dependencies	2025-07-31T11:57:06.3859870Z   build 2.5.4 (3.0.0 available)
lint_format_analyze_test	Install dependencies	2025-07-31T11:57:06.3860619Z   build_resolvers 2.5.4 (3.0.0 available)
lint_format_analyze_test	Install dependencies	2025-07-31T11:57:06.3861201Z   build_runner 2.5.4 (2.6.0 available)
lint_format_analyze_test	Install dependencies	2025-07-31T11:57:06.3861777Z   build_runner_core 9.1.2 (9.2.0 available)
lint_format_analyze_test	Install dependencies	2025-07-31T11:57:06.3862381Z   built_value 8.10.1 (8.11.0 available)
lint_format_analyze_test	Install dependencies	2025-07-31T11:57:06.3862993Z   built_value_generator 8.10.1 (8.11.0 available)
lint_format_analyze_test	Install dependencies	2025-07-31T11:57:06.3863590Z   characters 1.4.0 (1.4.1 available)
lint_format_analyze_test	Install dependencies	2025-07-31T11:57:06.3864259Z   ferry_cache 0.10.1-dev.0+1 (0.10.1 available)
lint_format_analyze_test	Install dependencies	2025-07-31T11:57:06.3864773Z   leak_tracker 10.0.9 (11.0.1 available)
lint_format_analyze_test	Install dependencies	2025-07-31T11:57:06.3865258Z   leak_tracker_flutter_testing 3.0.9 (3.0.10 available)
lint_format_analyze_test	Install dependencies	2025-07-31T11:57:06.3865770Z   leak_tracker_testing 3.0.1 (3.0.2 available)
lint_format_analyze_test	Install dependencies	2025-07-31T11:57:06.3866258Z   material_color_utilities 0.11.1 (0.13.0 available)
lint_format_analyze_test	Install dependencies	2025-07-31T11:57:06.3866710Z   meta 1.16.0 (1.17.0 available)
lint_format_analyze_test	Install dependencies	2025-07-31T11:57:06.3867084Z   mockito 5.4.6 (5.5.0 available)
lint_format_analyze_test	Install dependencies	2025-07-31T11:57:06.3867464Z   source_gen 2.0.0 (3.0.0 available)
lint_format_analyze_test	Install dependencies	2025-07-31T11:57:06.3867860Z   test_api 0.7.4 (0.7.7 available)
lint_format_analyze_test	Install dependencies	2025-07-31T11:57:06.3868270Z   vector_math 2.1.4 (2.2.0 available)
lint_format_analyze_test	Install dependencies	2025-07-31T11:57:06.3868679Z   vm_service 15.0.0 (15.0.2 available)
lint_format_analyze_test	Install dependencies	2025-07-31T11:57:06.3891569Z Got dependencies!
lint_format_analyze_test	Install dependencies	2025-07-31T11:57:06.3908529Z 20 packages have newer versions incompatible with dependency constraints.
lint_format_analyze_test	Install dependencies	2025-07-31T11:57:06.3909825Z Try `flutter pub outdated` for more information.
lint_format_analyze_test	Check code format	﻿2025-07-31T11:57:07.9726122Z ##[group]Run dart format --set-exit-if-changed .
lint_format_analyze_test	Check code format	2025-07-31T11:57:07.9726645Z [36;1mdart format --set-exit-if-changed .[0m
lint_format_analyze_test	Check code format	2025-07-31T11:57:07.9754884Z shell: /usr/bin/bash -e {0}
lint_format_analyze_test	Check code format	2025-07-31T11:57:07.9755205Z env:
lint_format_analyze_test	Check code format	2025-07-31T11:57:07.9755560Z   FLUTTER_ROOT: /opt/hostedtoolcache/flutter/stable-3.32.8-x64
lint_format_analyze_test	Check code format	2025-07-31T11:57:07.9756048Z   PUB_CACHE: /home/runner/.pub-cache
lint_format_analyze_test	Check code format	2025-07-31T11:57:07.9756397Z ##[endgroup]
lint_format_analyze_test	Check code format	2025-07-31T11:57:18.8962329Z Formatted 290 files (0 changed) in 10.84 seconds.
lint_format_analyze_test	Run Dart analyzer	﻿2025-07-31T11:57:18.9278331Z ##[group]Run flutter analyze
lint_format_analyze_test	Run Dart analyzer	2025-07-31T11:57:18.9278791Z [36;1mflutter analyze[0m
lint_format_analyze_test	Run Dart analyzer	2025-07-31T11:57:18.9307921Z shell: /usr/bin/bash -e {0}
lint_format_analyze_test	Run Dart analyzer	2025-07-31T11:57:18.9308265Z env:
lint_format_analyze_test	Run Dart analyzer	2025-07-31T11:57:18.9308639Z   FLUTTER_ROOT: /opt/hostedtoolcache/flutter/stable-3.32.8-x64
lint_format_analyze_test	Run Dart analyzer	2025-07-31T11:57:18.9309143Z   PUB_CACHE: /home/runner/.pub-cache
lint_format_analyze_test	Run Dart analyzer	2025-07-31T11:57:18.9309503Z ##[endgroup]
lint_format_analyze_test	Run Dart analyzer	2025-07-31T11:57:40.1534081Z Analyzing gh3...                                                
lint_format_analyze_test	Run Dart analyzer	2025-07-31T11:57:40.1552524Z No issues found! (ran in 19.3s)
lint_format_analyze_test	Run tests	﻿2025-07-31T11:57:40.1876952Z ##[group]Run flutter test --no-pub --coverage
lint_format_analyze_test	Run tests	2025-07-31T11:57:40.1877544Z [36;1mflutter test --no-pub --coverage[0m
lint_format_analyze_test	Run tests	2025-07-31T11:57:40.1914183Z shell: /usr/bin/bash -e {0}
lint_format_analyze_test	Run tests	2025-07-31T11:57:40.1914586Z env:
lint_format_analyze_test	Run tests	2025-07-31T11:57:40.1915039Z   FLUTTER_ROOT: /opt/hostedtoolcache/flutter/stable-3.32.8-x64
lint_format_analyze_test	Run tests	2025-07-31T11:57:40.1915638Z   PUB_CACHE: /home/runner/.pub-cache
lint_format_analyze_test	Run tests	2025-07-31T11:57:40.1916066Z ##[endgroup]
lint_format_analyze_test	Run tests	2025-07-31T11:57:41.1856937Z 
lint_format_analyze_test	Run tests	2025-07-31T11:57:52.9790958Z ✅ /home/runner/work/gh3/gh3/test/widgets/user_stats_row/user_stats_row_test.dart: UserStatsRow should display follower and following counts
lint_format_analyze_test	Run tests	2025-07-31T11:57:53.0725099Z ✅ /home/runner/work/gh3/gh3/test/widgets/user_stats_row/user_stats_row_test.dart: UserStatsRow should handle various count scenarios
lint_format_analyze_test	Run tests	2025-07-31T11:57:53.1893421Z ✅ /home/runner/work/gh3/gh3/test/widgets/user_stats_row/user_stats_row_test.dart: UserStatsRow should call onFollowersPressed when followers section is tapped
lint_format_analyze_test	Run tests	2025-07-31T11:57:53.2381601Z ✅ /home/runner/work/gh3/gh3/test/widgets/user_stats_row/user_stats_row_test.dart: UserStatsRow should call onFollowingPressed when following section is tapped
lint_format_analyze_test	Run tests	2025-07-31T11:57:53.2838342Z ✅ /home/runner/work/gh3/gh3/test/widgets/user_stats_row/user_stats_row_test.dart: UserStatsRow should not call callbacks when they are null
lint_format_analyze_test	Run tests	2025-07-31T11:57:53.3273086Z ✅ /home/runner/work/gh3/gh3/test/widgets/user_stats_row/user_stats_row_test.dart: UserStatsRow should display appropriate icons
lint_format_analyze_test	Run tests	2025-07-31T11:57:53.3607270Z ✅ /home/runner/work/gh3/gh3/test/widgets/user_stats_row/user_stats_row_test.dart: UserStatsRow should use primary color for interactive elements
lint_format_analyze_test	Run tests	2025-07-31T11:57:53.3847176Z ✅ /home/runner/work/gh3/gh3/test/widgets/user_stats_row/user_stats_row_test.dart: UserStatsRow should use grey color for non-interactive elements
lint_format_analyze_test	Run tests	2025-07-31T11:57:53.4291408Z ✅ /home/runner/work/gh3/gh3/test/widgets/user_stats_row/user_stats_row_test.dart: UserStatsRow count formatting should format all number ranges correctly
lint_format_analyze_test	Run tests	2025-07-31T11:57:54.0132967Z ✅ /home/runner/work/gh3/gh3/test/widgets/user_card/user_card_test.dart: UserCard should display user information correctly
lint_format_analyze_test	Run tests	2025-07-31T11:57:54.1339635Z ✅ /home/runner/work/gh3/gh3/test/widgets/user_card/user_card_test.dart: UserCard should display avatar fallback correctly for different scenarios
lint_format_analyze_test	Run tests	2025-07-31T11:57:54.1830757Z ✅ /home/runner/work/gh3/gh3/test/widgets/user_card/user_card_test.dart: UserCard should display login if name is null
lint_format_analyze_test	Run tests	2025-07-31T11:57:54.2167608Z ✅ /home/runner/work/gh3/gh3/test/widgets/user_card/user_card_test.dart: UserCard should not display bio if bio is null
lint_format_analyze_test	Run tests	2025-07-31T11:57:54.2503412Z ✅ /home/runner/work/gh3/gh3/test/widgets/user_card/user_card_test.dart: UserCard should not display bio if bio is empty
lint_format_analyze_test	Run tests	2025-07-31T11:57:54.3396798Z ✅ /home/runner/work/gh3/gh3/test/widgets/user_card/user_card_test.dart: UserCard should call onTap when tapped
lint_format_analyze_test	Run tests	2025-07-31T11:57:54.3953404Z ✅ /home/runner/work/gh3/gh3/test/widgets/user_card/user_card_test.dart: UserCard should display correct repository and follower counts for edge cases
lint_format_analyze_test	Run tests	2025-07-31T11:58:19.3813057Z ✅ /home/runner/work/gh3/gh3/test/widgets/user_status_card/user_status_card_test.dart: UserStatusCard should display status message and emoji combinations correctly
lint_format_analyze_test	Run tests	2025-07-31T11:58:19.4618368Z ✅ /home/runner/work/gh3/gh3/test/widgets/user_status_card/user_status_card_test.dart: UserStatusCard should display status message without emoji when emoji is empty
lint_format_analyze_test	Run tests	2025-07-31T11:58:19.4949328Z ✅ /home/runner/work/gh3/gh3/test/widgets/user_status_card/user_status_card_test.dart: UserStatusCard should not render anything when message is null
lint_format_analyze_test	Run tests	2025-07-31T11:58:19.5211729Z ✅ /home/runner/work/gh3/gh3/test/widgets/user_status_card/user_status_card_test.dart: UserStatusCard should not render anything when message is empty
lint_format_analyze_test	Run tests	2025-07-31T11:58:19.5504632Z ✅ /home/runner/work/gh3/gh3/test/widgets/user_status_card/user_status_card_test.dart: UserStatusCard should handle long status messages with proper text wrapping
lint_format_analyze_test	Run tests	2025-07-31T11:58:19.5805365Z ✅ /home/runner/work/gh3/gh3/test/widgets/user_status_card/user_status_card_test.dart: UserStatusCard fromFragment factory constructor should create widget from GraphQL fragment with message and emoji
lint_format_analyze_test	Run tests	2025-07-31T11:58:19.6080754Z ✅ /home/runner/work/gh3/gh3/test/widgets/user_status_card/user_status_card_test.dart: UserStatusCard fromFragment factory constructor should create widget from GraphQL fragment with only message
lint_format_analyze_test	Run tests	2025-07-31T11:58:19.6368074Z ✅ /home/runner/work/gh3/gh3/test/widgets/user_status_card/user_status_card_test.dart: UserStatusCard fromFragment factory constructor should not render when fragment has null message
lint_format_analyze_test	Run tests	2025-07-31T11:58:19.6656053Z ✅ /home/runner/work/gh3/gh3/test/widgets/user_status_card/user_status_card_test.dart: UserStatusCard fromFragment factory constructor should not render when fragment has empty message
lint_format_analyze_test	Run tests	2025-07-31T11:58:19.6905404Z ✅ /home/runner/work/gh3/gh3/test/widgets/user_status_card/user_status_card_test.dart: UserStatusCard should apply proper styling and theming
lint_format_analyze_test	Run tests	2025-07-31T11:58:20.0004294Z ✅ /home/runner/work/gh3/gh3/test/src/ui-system/state_widgets/gh_empty_state_additional_test.dart: GHEmptyStates Additional Methods noNotifications should display correct content
lint_format_analyze_test	Run tests	2025-07-31T11:58:20.0386539Z ✅ /home/runner/work/gh3/gh3/test/src/ui-system/state_widgets/gh_empty_state_additional_test.dart: GHEmptyStates Additional Methods noNotifications should not have action button
lint_format_analyze_test	Run tests	2025-07-31T11:58:20.3083846Z ✅ /home/runner/work/gh3/gh3/test/src/ui-system/state_widgets/gh_empty_state_additional_test.dart: GHEmptyStates Additional Methods noIssues should display create issue action
lint_format_analyze_test	Run tests	2025-07-31T11:58:20.3668835Z ✅ /home/runner/work/gh3/gh3/test/src/ui-system/state_widgets/gh_empty_state_additional_test.dart: GHEmptyStates Additional Methods noStarredRepos should display explore action
lint_format_analyze_test	Run tests	2025-07-31T11:58:20.4207154Z ✅ /home/runner/work/gh3/gh3/test/src/ui-system/state_widgets/gh_empty_state_additional_test.dart: GHEmptyStates Additional Methods noActivity should display correct content and action
lint_format_analyze_test	Run tests	2025-07-31T11:58:22.7251178Z ✅ /home/runner/work/gh3/gh3/test/src/ui-system/state_widgets/gh_error_state_additional_test.dart: GHErrorStates Additional Methods searchError should display correct content with query
lint_format_analyze_test	Run tests	2025-07-31T11:58:22.7719911Z ✅ /home/runner/work/gh3/gh3/test/src/ui-system/state_widgets/gh_error_state_additional_test.dart: GHErrorStates Additional Methods searchError should display correct content without query
lint_format_analyze_test	Run tests	2025-07-31T11:58:22.8216369Z ✅ /home/runner/work/gh3/gh3/test/src/ui-system/state_widgets/gh_error_state_additional_test.dart: GHErrorStates Additional Methods authenticationError should display correct content
lint_format_analyze_test	Run tests	2025-07-31T11:58:22.8581517Z ✅ /home/runner/work/gh3/gh3/test/src/ui-system/state_widgets/gh_error_state_additional_test.dart: GHErrorStates Additional Methods rateLimitError should display correct content
lint_format_analyze_test	Run tests	2025-07-31T11:58:22.8883090Z ✅ /home/runner/work/gh3/gh3/test/src/ui-system/state_widgets/gh_error_state_additional_test.dart: GHErrorStates Additional Methods rateLimitError with resetTime should display countdown
lint_format_analyze_test	Run tests	2025-07-31T11:58:22.9211608Z ✅ /home/runner/work/gh3/gh3/test/src/ui-system/state_widgets/gh_error_state_additional_test.dart: GHErrorStates Additional Methods networkError should display correct content
lint_format_analyze_test	Run tests	2025-07-31T11:58:22.9571831Z ✅ /home/runner/work/gh3/gh3/test/src/ui-system/state_widgets/gh_error_state_additional_test.dart: GHErrorStates Additional Methods repositoryLoadError should display correct content
lint_format_analyze_test	Run tests	2025-07-31T11:58:24.3013060Z ✅ /home/runner/work/gh3/gh3/test/src/ui-system/examples/component_catalog_screen_test.dart: ComponentCatalogScreen should display screen title
lint_format_analyze_test	Run tests	2025-07-31T11:58:24.8428812Z ✅ /home/runner/work/gh3/gh3/test/src/ui-system/examples/component_catalog_screen_test.dart: ComponentCatalogScreen should display all component section headers
lint_format_analyze_test	Run tests	2025-07-31T11:58:25.1811847Z ✅ /home/runner/work/gh3/gh3/test/src/ui-system/examples/component_catalog_screen_test.dart: ComponentCatalogScreen should display card examples
lint_format_analyze_test	Run tests	2025-07-31T11:58:25.5421250Z ✅ /home/runner/work/gh3/gh3/test/src/ui-system/examples/component_catalog_screen_test.dart: ComponentCatalogScreen should display button examples
lint_format_analyze_test	Run tests	2025-07-31T11:58:25.5675914Z ✅ /home/runner/work/gh3/gh3/test/src/ui-system/examples/design_tokens_screen_test.dart: DesignTokensScreen should display screen title
lint_format_analyze_test	Run tests	2025-07-31T11:58:25.6824351Z ✅ /home/runner/work/gh3/gh3/test/src/ui-system/examples/design_tokens_screen_test.dart: DesignTokensScreen should display theme toggle button
lint_format_analyze_test	Run tests	2025-07-31T11:58:25.8856709Z ✅ /home/runner/work/gh3/gh3/test/src/ui-system/examples/component_catalog_screen_test.dart: ComponentCatalogScreen should display chip examples
lint_format_analyze_test	Run tests	2025-07-31T11:58:25.9485331Z ✅ /home/runner/work/gh3/gh3/test/src/ui-system/examples/design_tokens_screen_test.dart: DesignTokensScreen should toggle theme when theme button is pressed
lint_format_analyze_test	Run tests	2025-07-31T11:58:26.0554903Z ✅ /home/runner/work/gh3/gh3/test/src/ui-system/examples/design_tokens_screen_test.dart: DesignTokensScreen should display all section headers
lint_format_analyze_test	Run tests	2025-07-31T11:58:26.1431575Z ✅ /home/runner/work/gh3/gh3/test/src/ui-system/examples/design_tokens_screen_test.dart: DesignTokensScreen should display brand color cards
lint_format_analyze_test	Run tests	2025-07-31T11:58:26.1952066Z ✅ /home/runner/work/gh3/gh3/test/src/ui-system/examples/component_catalog_screen_test.dart: ComponentCatalogScreen should display list tile examples
lint_format_analyze_test	Run tests	2025-07-31T11:58:26.2343701Z ✅ /home/runner/work/gh3/gh3/test/src/ui-system/examples/design_tokens_screen_test.dart: DesignTokensScreen should display semantic color cards
lint_format_analyze_test	Run tests	2025-07-31T11:58:26.3057859Z ✅ /home/runner/work/gh3/gh3/test/src/ui-system/examples/design_tokens_screen_test.dart: DesignTokensScreen should display typography styles
lint_format_analyze_test	Run tests	2025-07-31T11:58:26.3737027Z ✅ /home/runner/work/gh3/gh3/test/src/ui-system/examples/design_tokens_screen_test.dart: DesignTokensScreen should display typography specimens
lint_format_analyze_test	Run tests	2025-07-31T11:58:26.4623194Z ✅ /home/runner/work/gh3/gh3/test/src/ui-system/examples/design_tokens_screen_test.dart: DesignTokensScreen should display spacing system
lint_format_analyze_test	Run tests	2025-07-31T11:58:26.5439116Z ✅ /home/runner/work/gh3/gh3/test/src/ui-system/examples/component_catalog_screen_test.dart: ComponentCatalogScreen should display search bar examples
lint_format_analyze_test	Run tests	2025-07-31T11:58:26.5538377Z ✅ /home/runner/work/gh3/gh3/test/src/ui-system/examples/design_tokens_screen_test.dart: DesignTokensScreen should display programming language colors
lint_format_analyze_test	Run tests	2025-07-31T11:58:26.6229918Z ✅ /home/runner/work/gh3/gh3/test/src/ui-system/examples/design_tokens_screen_test.dart: DesignTokensScreen should display border radius examples
lint_format_analyze_test	Run tests	2025-07-31T11:58:26.6818680Z ✅ /home/runner/work/gh3/gh3/test/src/ui-system/examples/design_tokens_screen_test.dart: DesignTokensScreen should display elevation examples
lint_format_analyze_test	Run tests	2025-07-31T11:58:26.7498719Z ✅ /home/runner/work/gh3/gh3/test/src/ui-system/examples/design_tokens_screen_test.dart: DesignTokensScreen should be scrollable
lint_format_analyze_test	Run tests	2025-07-31T11:58:26.8033617Z ✅ /home/runner/work/gh3/gh3/test/src/ui-system/examples/component_catalog_screen_test.dart: ComponentCatalogScreen should display status badge examples
lint_format_analyze_test	Run tests	2025-07-31T11:58:26.8191124Z ✅ /home/runner/work/gh3/gh3/test/src/ui-system/examples/design_tokens_screen_test.dart: DesignTokensScreen should display hex color values
lint_format_analyze_test	Run tests	2025-07-31T11:58:26.9190312Z ✅ /home/runner/work/gh3/gh3/test/src/ui-system/examples/design_tokens_screen_test.dart: DesignTokensScreen should have proper tooltip for theme toggle
lint_format_analyze_test	Run tests	2025-07-31T11:58:27.0362798Z ✅ /home/runner/work/gh3/gh3/test/src/ui-system/examples/component_catalog_screen_test.dart: ComponentCatalogScreen should display text field examples
lint_format_analyze_test	Run tests	2025-07-31T11:58:27.2565751Z ✅ /home/runner/work/gh3/gh3/test/src/ui-system/examples/component_catalog_screen_test.dart: ComponentCatalogScreen should handle button interactions
lint_format_analyze_test	Run tests	2025-07-31T11:58:27.6790205Z ✅ /home/runner/work/gh3/gh3/test/src/ui-system/examples/component_catalog_screen_test.dart: ComponentCatalogScreen should handle card interactions
lint_format_analyze_test	Run tests	2025-07-31T11:58:28.2596422Z ✅ /home/runner/work/gh3/gh3/test/src/ui-system/examples/component_catalog_screen_test.dart: ComponentCatalogScreen should handle loading button state
lint_format_analyze_test	Run tests	2025-07-31T11:58:28.6381291Z ✅ /home/runner/work/gh3/gh3/test/src/ui-system/examples/component_catalog_screen_test.dart: ComponentCatalogScreen should handle search input
lint_format_analyze_test	Run tests	2025-07-31T11:58:29.1436842Z ✅ /home/runner/work/gh3/gh3/test/src/ui-system/examples/component_catalog_screen_test.dart: ComponentCatalogScreen should handle text field input
lint_format_analyze_test	Run tests	2025-07-31T11:58:29.4482746Z ✅ /home/runner/work/gh3/gh3/test/src/ui-system/examples/component_catalog_screen_test.dart: ComponentCatalogScreen should be scrollable
lint_format_analyze_test	Run tests	2025-07-31T11:58:29.6317759Z ✅ /home/runner/work/gh3/gh3/test/src/ui-system/examples/uat_home_screen_test.dart: UATHomeScreen displays app title correctly
lint_format_analyze_test	Run tests	2025-07-31T11:58:29.7000149Z ✅ /home/runner/work/gh3/gh3/test/src/ui-system/examples/component_catalog_screen_test.dart: ComponentCatalogScreen should display chip selection state
lint_format_analyze_test	Run tests	2025-07-31T11:58:29.7874899Z ✅ /home/runner/work/gh3/gh3/test/src/ui-system/examples/uat_home_screen_test.dart: UATHomeScreen shows main navigation sections
lint_format_analyze_test	Run tests	2025-07-31T11:58:29.9257241Z ✅ /home/runner/work/gh3/gh3/test/src/ui-system/examples/uat_home_screen_test.dart: UATHomeScreen shows UI improvements section
lint_format_analyze_test	Run tests	2025-07-31T11:58:29.9569643Z ✅ /home/runner/work/gh3/gh3/test/src/ui-system/examples/component_catalog_screen_test.dart: ComponentCatalogScreen should display various status badges
lint_format_analyze_test	Run tests	2025-07-31T11:58:30.0616554Z ✅ /home/runner/work/gh3/gh3/test/src/ui-system/examples/uat_home_screen_test.dart: UATHomeScreen shows developer tools section
lint_format_analyze_test	Run tests	2025-07-31T11:58:30.1752921Z ✅ /home/runner/work/gh3/gh3/test/src/ui-system/examples/uat_home_screen_test.dart: UATHomeScreen shows description and info sections
lint_format_analyze_test	Run tests	2025-07-31T11:58:30.1815119Z ✅ /home/runner/work/gh3/gh3/test/src/ui-system/examples/component_catalog_screen_test.dart: ComponentCatalogScreen should display error state in text field
lint_format_analyze_test	Run tests	2025-07-31T11:58:30.4244154Z ✅ /home/runner/work/gh3/gh3/test/src/ui-system/examples/uat_home_screen_test.dart: UATHomeScreen has theme toggle button
lint_format_analyze_test	Run tests	2025-07-31T11:58:30.5495207Z ✅ /home/runner/work/gh3/gh3/test/src/ui-system/examples/uat_home_screen_test.dart: UATHomeScreen shows quick action buttons
lint_format_analyze_test	Run tests	2025-07-31T11:58:30.5510221Z ✅ /home/runner/work/gh3/gh3/test/src/ui-system/examples/component_catalog_screen_test.dart: ComponentCatalogScreen should display disabled text field
lint_format_analyze_test	Run tests	2025-07-31T11:58:30.6363848Z ✅ /home/runner/work/gh3/gh3/test/src/ui-system/examples/uat_home_screen_test.dart: UATHomeScreen shows feature highlights
lint_format_analyze_test	Run tests	2025-07-31T11:58:30.7144134Z ✅ /home/runner/work/gh3/gh3/test/src/ui-system/examples/uat_home_screen_test.dart: UATHomeScreen shows build information
lint_format_analyze_test	Run tests	2025-07-31T11:58:30.8381934Z ✅ /home/runner/work/gh3/gh3/test/src/ui-system/examples/uat_home_screen_test.dart: UATHomeScreen can navigate through scroll content
lint_format_analyze_test	Run tests	2025-07-31T11:58:32.2406713Z unhandled error during test:
lint_format_analyze_test	Run tests	2025-07-31T11:58:32.2410838Z /home/runner/work/gh3/gh3/test/src/ui-system/examples/uat_home_screen_test.dart
lint_format_analyze_test	Run tests	2025-07-31T11:58:32.2412267Z Shell subprocess crashed with segmentation fault.
lint_format_analyze_test	Run tests	2025-07-31T11:58:32.2417781Z #0      FlutterTesterTestDevice.finished (package:flutter_tools/src/test/flutter_tester_device.dart:254:73)
lint_format_analyze_test	Run tests	2025-07-31T11:58:32.2420274Z <asynchronous suspension>
lint_format_analyze_test	Run tests	2025-07-31T11:58:32.2421370Z #1      Future.any.onValue (dart:async/future.dart:616:5)
lint_format_analyze_test	Run tests	2025-07-31T11:58:32.2422171Z <asynchronous suspension>
lint_format_analyze_test	Run tests	2025-07-31T11:58:32.2423823Z 
lint_format_analyze_test	Run tests	2025-07-31T11:58:32.2424073Z unhandled error during finalization of test:
lint_format_analyze_test	Run tests	2025-07-31T11:58:32.2424915Z /home/runner/work/gh3/gh3/test/src/ui-system/examples/uat_home_screen_test.dart
lint_format_analyze_test	Run tests	2025-07-31T11:58:32.2425976Z TestDeviceException(Shell subprocess crashed with segmentation fault.)
lint_format_analyze_test	Run tests	2025-07-31T11:58:32.2427595Z #0      FlutterTesterTestDevice.finished (package:flutter_tools/src/test/flutter_tester_device.dart:254:5)
lint_format_analyze_test	Run tests	2025-07-31T11:58:32.2428595Z <asynchronous suspension>
lint_format_analyze_test	Run tests	2025-07-31T11:58:32.2429468Z #1      FlutterTesterTestDevice.kill (package:flutter_tools/src/test/flutter_tester_device.dart:236:5)
lint_format_analyze_test	Run tests	2025-07-31T11:58:32.2430537Z <asynchronous suspension>
lint_format_analyze_test	Run tests	2025-07-31T11:58:32.2431521Z #2      FlutterPlatform._startTest.<anonymous closure> (package:flutter_tools/src/test/flutter_platform.dart:696:9)
lint_format_analyze_test	Run tests	2025-07-31T11:58:32.2432809Z <asynchronous suspension>
lint_format_analyze_test	Run tests	2025-07-31T11:58:32.2433692Z #3      FlutterPlatform._startTest.finalize (package:flutter_tools/src/test/flutter_platform.dart:597:11)
lint_format_analyze_test	Run tests	2025-07-31T11:58:32.2434648Z <asynchronous suspension>
lint_format_analyze_test	Run tests	2025-07-31T11:58:32.2435418Z #4      FlutterPlatform._startTest (package:flutter_tools/src/test/flutter_platform.dart:769:7)
lint_format_analyze_test	Run tests	2025-07-31T11:58:32.2436301Z <asynchronous suspension>
lint_format_analyze_test	Run tests	2025-07-31T11:58:32.2436879Z #5      Future.wait.<anonymous closure> (dart:async/future.dart:525:21)
lint_format_analyze_test	Run tests	2025-07-31T11:58:32.2437518Z <asynchronous suspension>
lint_format_analyze_test	Run tests	2025-07-31T11:58:32.2438478Z #6      _FlutterPlatformStreamSinkWrapper.close.<anonymous closure> (package:flutter_tools/src/test/flutter_platform.dart:863:94)
lint_format_analyze_test	Run tests	2025-07-31T11:58:32.2439497Z <asynchronous suspension>
lint_format_analyze_test	Run tests	2025-07-31T11:58:32.2439759Z 
lint_format_analyze_test	Run tests	2025-07-31T11:58:32.2593758Z ##[group]❌ loading /home/runner/work/gh3/gh3/test/src/ui-system/examples/uat_home_screen_test.dart (failed after test completion)
lint_format_analyze_test	Run tests	2025-07-31T11:58:32.2596832Z Shell subprocess crashed with segmentation fault.
lint_format_analyze_test	Run tests	2025-07-31T11:58:32.2726676Z package:flutter_tools/src/test/flutter_tester_device.dart 254:73  FlutterTesterTestDevice.finished
lint_format_analyze_test	Run tests	2025-07-31T11:58:32.2727656Z ===== asynchronous gap ===========================
lint_format_analyze_test	Run tests	2025-07-31T11:58:32.2728385Z dart:async/future.dart 616:5                                      Future.any.onValue
lint_format_analyze_test	Run tests	2025-07-31T11:58:32.2732348Z ##[endgroup]
lint_format_analyze_test	Run tests	2025-07-31T11:58:32.9745711Z ✅ /home/runner/work/gh3/gh3/test/src/ui-system/examples/developer_guide_screen_test.dart: DeveloperGuideScreen displays screen title correctly
lint_format_analyze_test	Run tests	2025-07-31T11:58:33.0931459Z ✅ /home/runner/work/gh3/gh3/test/src/ui-system/examples/developer_guide_screen_test.dart: DeveloperGuideScreen shows guide sections sidebar
lint_format_analyze_test	Run tests	2025-07-31T11:58:33.1816516Z ✅ /home/runner/work/gh3/gh3/test/src/ui-system/examples/developer_guide_screen_test.dart: DeveloperGuideScreen displays implementation patterns content by default
lint_format_analyze_test	Run tests	2025-07-31T11:58:33.4821385Z ✅ /home/runner/work/gh3/gh3/test/src/ui-system/examples/developer_guide_screen_test.dart: DeveloperGuideScreen can switch between guide sections
lint_format_analyze_test	Run tests	2025-07-31T11:58:33.6254928Z ✅ /home/runner/work/gh3/gh3/test/src/ui-system/examples/developer_guide_screen_test.dart: DeveloperGuideScreen shows spacing values in grid system section
lint_format_analyze_test	Run tests	2025-07-31T11:58:33.7349158Z ✅ /home/runner/work/gh3/gh3/test/src/ui-system/examples/developer_guide_screen_test.dart: DeveloperGuideScreen displays code quality commands
lint_format_analyze_test	Run tests	2025-07-31T11:58:33.8596732Z ✅ /home/runner/work/gh3/gh3/test/src/ui-system/examples/developer_guide_screen_test.dart: DeveloperGuideScreen shows maintenance procedures
lint_format_analyze_test	Run tests	2025-07-31T11:58:33.9821521Z ✅ /home/runner/work/gh3/gh3/test/src/ui-system/examples/developer_guide_screen_test.dart: DeveloperGuideScreen displays common pitfalls
lint_format_analyze_test	Run tests	2025-07-31T11:58:34.0714321Z ✅ /home/runner/work/gh3/gh3/test/src/ui-system/examples/developer_guide_screen_test.dart: DeveloperGuideScreen shows migration guide content
lint_format_analyze_test	Run tests	2025-07-31T11:58:34.1827229Z ✅ /home/runner/work/gh3/gh3/test/src/ui-system/examples/developer_guide_screen_test.dart: DeveloperGuideScreen highlights selected section in sidebar
lint_format_analyze_test	Run tests	2025-07-31T11:58:34.2782246Z ✅ /home/runner/work/gh3/gh3/test/src/ui-system/examples/developer_guide_screen_test.dart: DeveloperGuideScreen displays practical usage examples
lint_format_analyze_test	Run tests	2025-07-31T11:58:34.3672471Z ✅ /home/runner/work/gh3/gh3/test/src/ui-system/examples/developer_guide_screen_test.dart: DeveloperGuideScreen shows validation tools
lint_format_analyze_test	Run tests	2025-07-31T11:58:34.4867281Z ✅ /home/runner/work/gh3/gh3/test/src/ui-system/examples/developer_guide_screen_test.dart: DeveloperGuideScreen displays correct/incorrect code examples
lint_format_analyze_test	Run tests	2025-07-31T11:58:34.5652649Z ✅ /home/runner/work/gh3/gh3/test/src/ui-system/examples/developer_guide_screen_test.dart: DeveloperGuideScreen shows testing requirements
lint_format_analyze_test	Run tests	2025-07-31T11:58:34.6565380Z ✅ /home/runner/work/gh3/gh3/test/src/ui-system/examples/developer_guide_screen_test.dart: DeveloperGuideScreen displays maintenance checklist
lint_format_analyze_test	Run tests	2025-07-31T11:58:34.7394569Z ✅ /home/runner/work/gh3/gh3/test/src/ui-system/examples/developer_guide_screen_test.dart: DeveloperGuideScreen shows migration examples
lint_format_analyze_test	Run tests	2025-07-31T11:58:34.7866906Z ✅ /home/runner/work/gh3/gh3/test/src/ui-system/examples/developer_guide_screen_test.dart: DeveloperGuideScreen is scrollable
lint_format_analyze_test	Run tests	2025-07-31T11:58:34.8332025Z ✅ /home/runner/work/gh3/gh3/test/src/ui-system/examples/developer_guide_screen_test.dart: DeveloperGuideScreen displays proper icons for each section
lint_format_analyze_test	Run tests	2025-07-31T11:58:35.1126938Z ✅ /home/runner/work/gh3/gh3/test/src/ui-system/examples/developer_guide_screen_test.dart: DeveloperGuideScreen handles section navigation correctly
lint_format_analyze_test	Run tests	2025-07-31T11:58:35.2106951Z ✅ /home/runner/work/gh3/gh3/test/src/ui-system/examples/developer_guide_screen_test.dart: DeveloperGuideScreen displays warning cards in pitfalls section
lint_format_analyze_test	Run tests	2025-07-31T11:58:35.2540692Z ✅ /home/runner/work/gh3/gh3/test/src/ui-system/examples/developer_guide_screen_test.dart: DeveloperGuideScreen shows component and pattern examples
lint_format_analyze_test	Run tests	2025-07-31T11:58:36.4171956Z unhandled error during test:
lint_format_analyze_test	Run tests	2025-07-31T11:58:36.4172837Z /home/runner/work/gh3/gh3/test/src/ui-system/examples/developer_guide_screen_test.dart
lint_format_analyze_test	Run tests	2025-07-31T11:58:36.4173487Z Shell subprocess crashed with segmentation fault.
lint_format_analyze_test	Run tests	2025-07-31T11:58:36.4174556Z #0      FlutterTesterTestDevice.finished (package:flutter_tools/src/test/flutter_tester_device.dart:254:73)
lint_format_analyze_test	Run tests	2025-07-31T11:58:36.4175686Z <asynchronous suspension>
lint_format_analyze_test	Run tests	2025-07-31T11:58:36.4176458Z #1      Future.any.onValue (dart:async/future.dart:616:5)
lint_format_analyze_test	Run tests	2025-07-31T11:58:36.4177280Z <asynchronous suspension>
lint_format_analyze_test	Run tests	2025-07-31T11:58:36.4177590Z 
lint_format_analyze_test	Run tests	2025-07-31T11:58:36.4177839Z unhandled error during finalization of test:
lint_format_analyze_test	Run tests	2025-07-31T11:58:36.4178587Z /home/runner/work/gh3/gh3/test/src/ui-system/examples/developer_guide_screen_test.dart
lint_format_analyze_test	Run tests	2025-07-31T11:58:36.4179407Z TestDeviceException(Shell subprocess crashed with segmentation fault.)
lint_format_analyze_test	Run tests	2025-07-31T11:58:36.4180697Z #0      FlutterTesterTestDevice.finished (package:flutter_tools/src/test/flutter_tester_device.dart:254:5)
lint_format_analyze_test	Run tests	2025-07-31T11:58:36.4181792Z <asynchronous suspension>
lint_format_analyze_test	Run tests	2025-07-31T11:58:36.4182543Z #1      FlutterTesterTestDevice.kill (package:flutter_tools/src/test/flutter_tester_device.dart:236:5)
lint_format_analyze_test	Run tests	2025-07-31T11:58:36.4183317Z <asynchronous suspension>
lint_format_analyze_test	Run tests	2025-07-31T11:58:36.4184023Z #2      FlutterPlatform._startTest.<anonymous closure> (package:flutter_tools/src/test/flutter_platform.dart:696:9)
lint_format_analyze_test	Run tests	2025-07-31T11:58:36.4184714Z <asynchronous suspension>
lint_format_analyze_test	Run tests	2025-07-31T11:58:36.4185304Z #3      FlutterPlatform._startTest.finalize (package:flutter_tools/src/test/flutter_platform.dart:597:11)
lint_format_analyze_test	Run tests	2025-07-31T11:58:36.4197892Z <asynchronous suspension>
lint_format_analyze_test	Run tests	2025-07-31T11:58:36.4198550Z #4      FlutterPlatform._startTest (package:flutter_tools/src/test/flutter_platform.dart:769:7)
lint_format_analyze_test	Run tests	2025-07-31T11:58:36.4199263Z <asynchronous suspension>
lint_format_analyze_test	Run tests	2025-07-31T11:58:36.4199737Z #5      Future.wait.<anonymous closure> (dart:async/future.dart:525:21)
lint_format_analyze_test	Run tests	2025-07-31T11:58:36.4200423Z <asynchronous suspension>
lint_format_analyze_test	Run tests	2025-07-31T11:58:36.4201235Z #6      _FlutterPlatformStreamSinkWrapper.close.<anonymous closure> (package:flutter_tools/src/test/flutter_platform.dart:863:94)
lint_format_analyze_test	Run tests	2025-07-31T11:58:36.4202244Z <asynchronous suspension>
lint_format_analyze_test	Run tests	2025-07-31T11:58:36.4202506Z 
lint_format_analyze_test	Run tests	2025-07-31T11:58:36.4279932Z ##[group]❌ loading /home/runner/work/gh3/gh3/test/src/ui-system/examples/developer_guide_screen_test.dart (failed after test completion)
lint_format_analyze_test	Run tests	2025-07-31T11:58:36.4281692Z Shell subprocess crashed with segmentation fault.
lint_format_analyze_test	Run tests	2025-07-31T11:58:36.4282661Z package:flutter_tools/src/test/flutter_tester_device.dart 254:73  FlutterTesterTestDevice.finished
lint_format_analyze_test	Run tests	2025-07-31T11:58:36.4283908Z ===== asynchronous gap ===========================
lint_format_analyze_test	Run tests	2025-07-31T11:58:36.4284658Z dart:async/future.dart 616:5                                      Future.any.onValue
lint_format_analyze_test	Run tests	2025-07-31T11:58:36.4285608Z ##[endgroup]
lint_format_analyze_test	Run tests	2025-07-31T12:00:52.6952218Z ##[error]The action 'Run tests' has timed out after 3 minutes.
lint_format_analyze_test	Post Setup Flutter	﻿2025-07-31T12:00:52.7061803Z Post job cleanup.
lint_format_analyze_test	Post Checkout code	﻿2025-07-31T12:00:52.7110747Z Post job cleanup.
lint_format_analyze_test	Post Checkout code	2025-07-31T12:00:52.7848831Z [command]/usr/bin/git version
lint_format_analyze_test	Post Checkout code	2025-07-31T12:00:52.7883495Z git version 2.50.1
lint_format_analyze_test	Post Checkout code	2025-07-31T12:00:52.7927052Z Temporarily overriding HOME='/home/runner/work/_temp/4993d7e3-c06a-4623-8eb0-713c22483dd6' before making global git config changes
lint_format_analyze_test	Post Checkout code	2025-07-31T12:00:52.7928339Z Adding repository directory to the temporary git global config as a safe directory
lint_format_analyze_test	Post Checkout code	2025-07-31T12:00:52.7931464Z [command]/usr/bin/git config --global --add safe.directory /home/runner/work/gh3/gh3
lint_format_analyze_test	Post Checkout code	2025-07-31T12:00:52.7962159Z [command]/usr/bin/git config --local --name-only --get-regexp core\.sshCommand
lint_format_analyze_test	Post Checkout code	2025-07-31T12:00:52.7989156Z [command]/usr/bin/git submodule foreach --recursive sh -c "git config --local --name-only --get-regexp 'core\.sshCommand' && git config --local --unset-all 'core.sshCommand' || :"
lint_format_analyze_test	Post Checkout code	2025-07-31T12:00:52.8215035Z [command]/usr/bin/git config --local --name-only --get-regexp http\.https\:\/\/github\.com\/\.extraheader
lint_format_analyze_test	Post Checkout code	2025-07-31T12:00:52.8234752Z http.https://github.com/.extraheader
lint_format_analyze_test	Post Checkout code	2025-07-31T12:00:52.8245514Z [command]/usr/bin/git config --local --unset-all http.https://github.com/.extraheader
lint_format_analyze_test	Post Checkout code	2025-07-31T12:00:52.8272629Z [command]/usr/bin/git submodule foreach --recursive sh -c "git config --local --name-only --get-regexp 'http\.https\:\/\/github\.com\/\.extraheader' && git config --local --unset-all 'http.https://github.com/.extraheader' || :"
lint_format_analyze_test	Complete job	﻿2025-07-31T12:00:52.8612192Z Cleaning up orphan processes
lint_format_analyze_test	Complete job	2025-07-31T12:00:52.8914656Z Terminate orphan process: pid (2438) (dart:flutter_to)
lint_format_analyze_test	Complete job	2025-07-31T12:00:52.8939894Z Terminate orphan process: pid (2481) (dart:frontend_s)
